06-21 01:14:23.692   501   704 W ServiceManagerCppClient: Permission failure: android.permission.ROTATE_SURFACE_FLINGER from uid=10163 pid=0
06-21 01:14:23.692   501   704 D PermissionCache: checking android.permission.ROTATE_SURFACE_FLINGER for uid=10163 => denied (4739 us)
06-21 01:14:23.695  1218  1226 I FontLog : Received query Noto Color Emoji Compat, URI content://com.google.android.gms.fonts [CONTEXT service_id=132 ]
06-21 01:14:23.696  1218  1226 I FontLog : Query [Noto Color Emoji Compat] resolved to {Noto Color Emoji Compat, wdth 100.0, wght 400, ital 0.0, bestEffort false}, isVf false} [CONTEXT service_id=132 ]
06-21 01:14:23.696   435  4538 I resolv  : GetAddrInfoHandler::run: {100 786532 100 983140 10145 0}
06-21 01:14:23.697   435  4539 I resolv  : res_nmkquery: (QUERY, IN, AAAA)
06-21 01:14:23.698   435  4540 I resolv  : res_nmkquery: (QUERY, IN, A)
06-21 01:14:23.698  1452  1452 I KeyboardHeightUtil: KeyboardHeightUtil.calculateMaxKeyboardBodyHeight():46 leave 194 height for app when ime window height:1232, header height:88 and isFullscreenMode:false, so the max keyboard body height is:950
06-21 01:14:23.699  1452  1452 I KeyboardHeightUtil: KeyboardHeightUtil.calculateMaxKeyboardBodyHeight():46 leave 194 height for app when ime window height:1232, header height:88 and isFullscreenMode:false, so the max keyboard body height is:950
06-21 01:14:23.699  1452  1452 I WindowMetricsNotification: WindowMetricsNotification.notifyWithWindow():166
06-21 01:14:23.699  1452  1452 I KeyboardHeightUtil: KeyboardHeightUtil.calculateMaxKeyboardBodyHeight():46 leave 194 height for app when ime window height:1136, header height:88 and isFullscreenMode:false, so the max keyboard body height is:854
06-21 01:14:23.700  1452  1452 I KeyboardModeUtils: KeyboardModeUtils.getKeyboardBottomOffset():437 inch: 0.000000 ydpi: 320.000000 adjustKeyboardBottomByDisplaySize: false currentDensityDpi: 320 defaultDensityDpi: 320 keyboardBottomToScreenPx: 0 keyboardBottomToNavBarPx: -96 navBarHeight: 96
06-21 01:14:23.700  1452  1452 I ResizableKeyboardModeController: ResizableKeyboardModeController.getKeyboardBottomOffset():182 currentPrimeKeyboardType:SOFT keyboardBottomOffset:0 navBarHeight:96 isInLandscape:false
06-21 01:14:23.700  1452  1452 I KeyboardHeightUtil: KeyboardHeightUtil.calculateMaxKeyboardBodyHeight():46 leave 194 height for app when ime window height:1136, header height:88 and isFullscreenMode:false, so the max keyboard body height is:854
06-21 01:14:23.700  1452  1452 I KeyboardHeightUtil: KeyboardHeightUtil.calculateMaxKeyboardBodyHeight():46 leave 194 height for app when ime window height:1136, header height:88 and isFullscreenMode:false, so the max keyboard body height is:854
06-21 01:14:23.700  1452  1452 I GoogleInputMethodService: GoogleInputMethodService$7.onWindowMetricsChanged():769 windowMetrics: bounds() = Rect(0, 48 - 720, 1280), insets() = Rect(0, 0 - 0, 96)
06-21 01:14:23.700  1452  1452 I KeyboardHeightUtil: KeyboardHeightUtil.calculateMaxKeyboardBodyHeight():46 leave 194 height for app when ime window height:1136, header height:88 and isFullscreenMode:false, so the max keyboard body height is:854
06-21 01:14:23.700  1452  1452 I SoftKeyboardView: SoftKeyboardView.setMaxHeight():1089 Set max keyboard height:854.
06-21 01:14:23.700  1452  1452 I DeviceModeModule: DeviceModeModule.calculateAndNotify():223 Device mode 'phone' from display metrics 'DisplayMetrics{density=0.0, width=720, height=1280, scaledDensity=0.0, xdpi=320.0, ydpi=320.0}' or smallestScreenWidthDp: 360
06-21 01:14:23.700  1452  1452 I WindowMetricsNotification: WindowMetricsNotification.notify():159 mub[bounds=Rect(0, 48 - 720, 1280), insets=Rect(0, 0 - 0, 96), densityDpi=320, smallestScreenWidthDp=360, displayWidth=720, displayHeight=1280, xdpi=320.0, ydpi=320.0, isTrustable=true, displayId=0]; DisplayMetrics{density=2.0, width=720, height=1280, scaledDensity=2.0, xdpi=320.0, ydpi=320.0}
06-21 01:14:23.700  1452  1452 W View    : requestLayout() improperly called by com.google.android.libraries.inputmethod.widgets.SoftKeyView{7841ea6 VFE...C.. ......ID 4,0-88,88 #7f0b03e2 app:id/key_pos_header_access_points_menu} during layout: running second layout pass
06-21 01:14:23.700  1452  1452 W View    : requestLayout() improperly called by com.google.android.libraries.inputmethod.widgets.CopyImageSourceView{94a989c V.ED..... ......ID 4,0-716,88 #7f0b014c app:id/0_resource_name_obfuscated} during layout: running second layout pass
06-21 01:14:23.700  1452  1452 W View    : requestLayout() improperly called by android.widget.LinearLayout{3eaae97 V.E...... ......ID 88,0-632,88 #7f0b02bc app:id/0_resource_name_obfuscated} during layout: running second layout pass
06-21 01:14:23.700  1452  1452 W View    : requestLayout() improperly called by com.google.android.libraries.inputmethod.widgets.SoftKeyView{b7f18e5 VFE...C.. ......ID 632,0-716,88 #7f0b03ea app:id/key_pos_header_power_key} during layout: running second layout pass
06-21 01:14:23.700  1452  1452 W View    : requestLayout() improperly called by com.google.android.libraries.inputmethod.widgets.KeyboardHolder{f77d07a V.E...... ......ID 0,0-720,502 #7f0b04ed app:id/keyboard_holder} during layout: running second layout pass
06-21 01:14:23.700  1452  1452 W View    : requestLayout() improperly called by com.google.android.libraries.inputmethod.keyboard.impl.KeyboardViewHolder{746e4a5 V.E...... ......ID 0,0-720,88 #7f0b04ec app:id/keyboard_header_view_holder} during layout: running second layout pass
06-21 01:14:23.700  1452  1452 W View    : requestLayout() improperly called by android.widget.FrameLayout{6bd7af V.E...... ......ID 0,88-720,502} during layout: running second layout pass
06-21 01:14:23.700  1452  1452 W View    : requestLayout() improperly called by com.google.android.libraries.inputmethod.keyboard.impl.KeyboardViewHolder{578638e V.E...... ......ID 0,0-720,414 #7f0b04c2 app:id/0_resource_name_obfuscated} during layout: running second layout pass
06-21 01:14:23.700  1452  1452 W View    : requestLayout() improperly called by android.widget.FrameLayout{fe5202b V.E...... ......ID 0,730-720,1232 #7f0b04bf app:id/0_resource_name_obfuscated} during layout: running second layout pass
06-21 01:14:23.700  1452  1452 W View    : requestLayout() improperly called by android.widget.FrameLayout{229289b V.E...... ......ID 0,414-720,414 #7f0b04c3 app:id/0_resource_name_obfuscated} during layout: running second layout pass
06-21 01:14:23.700  1452  1452 W View    : requestLayout() improperly called by com.google.android.libraries.inputmethod.inputview.InputView{6c6b6e V.ED..... ......ID 0,0-720,1232 #7f0b0303 app:id/0_resource_name_obfuscated} during layout: running second layout pass
06-21 01:14:23.701  1452  1452 I KeyboardHeightUtil: KeyboardHeightUtil.calculateMaxKeyboardBodyHeight():46 leave 194 height for app when ime window height:1136, header height:88 and isFullscreenMode:false, so the max keyboard body height is:854
06-21 01:14:23.701  1452  1452 I KeyboardHeightUtil: KeyboardHeightUtil.calculateMaxKeyboardBodyHeight():46 leave 194 height for app when ime window height:1136, header height:88 and isFullscreenMode:false, so the max keyboard body height is:854
06-21 01:14:23.706   435  4539 I resolv  : res_nsend: used send_dg 0 terrno: 62
06-21 01:14:23.708   435  4540 I resolv  : res_nsend: used send_dg 0 terrno: 62
06-21 01:14:23.710   435  4539 I resolv  : res_nsend: used send_dg 0 terrno: 62
06-21 01:14:23.710   435  4539 I resolv  : doQuery: rcode=5, ancount=0, return value=-110
06-21 01:14:23.713   435  4540 I resolv  : res_nsend: used send_dg 0 terrno: 62
06-21 01:14:23.713   435  4540 I resolv  : doQuery: rcode=5, ancount=0, return value=-110
06-21 01:14:23.714   435  4542 I resolv  : GetAddrInfoHandler::run: {100 786532 100 983140 10145 0}
06-21 01:14:23.714   435  4543 I resolv  : res_nmkquery: (QUERY, IN, AAAA)
06-21 01:14:23.714   435  4544 I resolv  : res_nmkquery: (QUERY, IN, A)
06-21 01:14:23.718  1452  1997 I EGL_emulation: Opening libGLESv1_CM_emulation.so
06-21 01:14:23.718  1452  1997 I EGL_emulation: Opening libGLESv2_emulation.so
06-21 01:14:23.726  1452  1997 W HWUI    : Failed to choose config with EGL_SWAP_BEHAVIOR_PRESERVED, retrying without...
06-21 01:14:23.726  1452  1997 W HWUI    : Failed to initialize 101010-2 format, error = EGL_SUCCESS
06-21 01:14:23.727   435  4544 I resolv  : res_nsend: used send_dg 0 terrno: 62
06-21 01:14:23.727   435  4543 I resolv  : res_nsend: used send_dg 0 terrno: 62
06-21 01:14:23.733   435  4544 I resolv  : res_nsend: used send_dg 0 terrno: 62
06-21 01:14:23.733   435  4544 I resolv  : doQuery: rcode=5, ancount=0, return value=-110
06-21 01:14:23.733   435  4543 I resolv  : res_nsend: used send_dg 0 terrno: 62
06-21 01:14:23.733   435  4543 I resolv  : doQuery: rcode=5, ancount=0, return value=-110
06-21 01:14:23.734  1218  4448 I FontLog : Download failed for https://fonts.gstatic.com/s/a/directory029.pb [ERROR: UNUSED LOG ARGUMENTS] [CONTEXT service_id=132 ]
06-21 01:14:23.734  1218  4537 W FontLog : Connection failure for https://fonts.gstatic.com/s/a/directory029.pb [CONTEXT service_id=132 ]
06-21 01:14:23.734  1218  4537 W FontLog : java.util.concurrent.ExecutionException: cilm: Failed to process request
06-21 01:14:23.734  1218  4537 W FontLog : 	at iyz.n(:com.google.android.gms@252635035@25.26.35 (260400-783060121):21)
06-21 01:14:23.734  1218  4537 W FontLog : 	at iyz.get(:com.google.android.gms@252635035@25.26.35 (260400-783060121):28)
06-21 01:14:23.734  1218  4537 W FontLog : 	at ize.get(:com.google.android.gms@252635035@25.26.35 (260400-783060121):2)
06-21 01:14:23.734  1218  4537 W FontLog : 	at bprd.run(:com.google.android.gms@252635035@25.26.35 (260400-783060121):13)
06-21 01:14:23.734  1218  4537 W FontLog : 	at azpf.c(:com.google.android.gms@252635035@25.26.35 (260400-783060121):50)
06-21 01:14:23.734  1218  4537 W FontLog : 	at azpf.run(:com.google.android.gms@252635035@25.26.35 (260400-783060121):70)
06-21 01:14:23.734  1218  4537 W FontLog : 	at java.util.concurrent.ThreadPoolExecutor.runWorker(ThreadPoolExecutor.java:1156)
06-21 01:14:23.734  1218  4537 W FontLog : 	at java.util.concurrent.ThreadPoolExecutor$Worker.run(ThreadPoolExecutor.java:651)
06-21 01:14:23.734  1218  4537 W FontLog : 	at azuw.run(:com.google.android.gms@252635035@25.26.35 (260400-783060121):8)
06-21 01:14:23.734  1218  4537 W FontLog : 	at java.lang.Thread.run(Thread.java:1119)
06-21 01:14:23.734  1218  4537 W FontLog : Caused by: cilm: Failed to process request
06-21 01:14:23.734  1218  4537 W FontLog : 	at cils.a(:com.google.android.gms@252635035@25.26.35 (260400-783060121):23)
06-21 01:14:23.734  1218  4537 W FontLog : 	at cipl.b(:com.google.android.gms@252635035@25.26.35 (260400-783060121):15)
06-21 01:14:23.734  1218  4537 W FontLog : 	at ciqc.onFailed(:com.google.android.gms@252635035@25.26.35 (260400-783060121):15)
06-21 01:14:23.734  1218  4537 W FontLog : 	at m1.ng.onFailed(:com.google.android.gms.dynamite_cronetdynamite@252635035@25.26.35 (260400-0):3)
06-21 01:14:23.734  1218  4537 W FontLog : 	at m1.mg.run(:com.google.android.gms.dynamite_cronetdynamite@252635035@25.26.35 (260400-0):16)
06-21 01:14:23.734  1218  4537 W FontLog : 	... 6 more
06-21 01:14:23.734  1218  4537 W FontLog : Caused by: m1.mq: Exception in CronetUrlRequest: net::ERR_NAME_NOT_RESOLVED, ErrorCode=1, InternalErrorCode=-105, Retryable=false
06-21 01:14:23.734  1218  4537 W FontLog : 	at org.chromium.net.impl.CronetUrlRequest.onError(:com.google.android.gms.dynamite_cronetdynamite@252635035@25.26.35 (260400-0):3)
06-21 01:14:23.734  1218  4537 W FontLog : No resolver, short-circuit {Noto Color Emoji Compat, wdth 100.0, wght 400, ital 0.0, bestEffort false}, isVf false} for com.google.android.inputmethod.latin to failure [CONTEXT service_id=132 ]
06-21 01:14:23.734  1218  1226 I FontLog : Fetch {Noto Color Emoji Compat, wdth 100.0, wght 400, ital 0.0, bestEffort false}, isVf false} end status Status{statusCode=Unavailable, resolution=null} [CONTEXT service_id=132 ]
06-21 01:14:23.743  1452  4514 I DownloadManager: DownloadManager$4.onSuccess():564 download for __KLP_manifest_delight__en-US is finished with files # mxp@ba354335
06-21 01:14:23.759  1452  4521 I SuperDelight: SuperDelightManager.initializeBundledDelightSuperpacks():379 initializeBundledDelightSuperpacks()
06-21 01:14:23.759  1452  4521 I SuperDelight: SuperDelightManager.syncOverridesLanguageModels():687 SuperDelightManager#syncOverridesLanguageModels(): Superpack delight_overrides not found or negative version provided
06-21 01:14:23.760  1452  4521 I SuperDelight: SuperDelightManager.syncOverridesLanguageModels():687 SuperDelightManager#syncOverridesLanguageModels(): Superpack delight_overrides not found or negative version provided
06-21 01:14:23.761  1452  4521 I MDDSuperpacks: MDDSuperpacks.getPacks():548 getting packs for superpack: delight_overrides
06-21 01:14:23.761  1452  4521 I MDDSuperpacks: MDDSuperpacks.getPacks():548 getting packs for superpack: delight_overrides
06-21 01:14:23.765  1452  4514 I DownloadManager: DownloadManager.downloadInternal():412 Download for __KLP_delight__en-US scheduled with params DownloadParams{allowMetered=true, requireCharging=false, foreground=true, immediately=false, priority=500}
06-21 01:14:23.766  1452  4514 I DownloadManager: DownloadManager$4.onSuccess():564 download for __SP_MANIFEST_bundled_emoji is finished with files # mxp@76964c54
06-21 01:14:23.768   435  4551 I resolv  : GetAddrInfoHandler::run: {100 100 100 983140 10163 0}
06-21 01:14:23.768   435  4552 I resolv  : res_nmkquery: (QUERY, IN, AAAA)
06-21 01:14:23.768   435  4553 I resolv  : res_nmkquery: (QUERY, IN, A)
06-21 01:14:23.770  1452  4549 I MDDSuperpacks: MDDSuperpacks.sync():223 sync requested for bundled_emoji
06-21 01:14:23.776   435  4552 I resolv  : res_nsend: used send_dg 93 terrno: 0
06-21 01:14:23.776   435  4552 I resolv  : doQuery: rcode=0, ancount=0, return value=93
06-21 01:14:23.776   435  4553 I resolv  : res_nsend: used send_dg 49 terrno: 0
06-21 01:14:23.776   435  4553 I resolv  : doQuery: rcode=0, ancount=1, return value=49
06-21 01:14:23.777  1452  4515 I SuperDelight: SuperDelightBundledMetadataParser.addSystemLms():202 system lm dir /system/usr/share/ime/google/d3_lms does not exist or is not readable
06-21 01:14:23.777  1452  4550 E MDDSuperpacks: MDDSuperpacks.parseManifest():476 cannot find metadata for delight_overrides
06-21 01:14:23.777  1452  4524 W MDDSuperpacks: MDDSuperpacks.constructPackSet():578 file group is empty
06-21 01:14:23.778  1452  4515 I SuperDelight: SuperDelightBundledMetadataParser.parse():192 SuperDelightBundledMetadataParser#parse(): manifest parsed with 1 packs
06-21 01:14:23.778  1452  4521 I SuperDelight: SuperDelightManager$2.onSuccess():635 delight_overrides sync success, adding to data file manager
06-21 01:14:23.778  1452  4550 I MDDSuperpacks: MDDSuperpacks$3.onSuccess():558 packs [] got for superpack: delight_overrides
06-21 01:14:23.779  1452  4545 I SuperDelight: SuperDelightBundledMetadataParser.addSystemLms():202 system lm dir /system/usr/share/ime/google/d3_lms does not exist or is not readable
06-21 01:14:23.779  1452  4545 I SuperDelight: SuperDelightBundledMetadataParser.parse():192 SuperDelightBundledMetadataParser#parse(): manifest parsed with 1 packs
06-21 01:14:23.780  1452  4548 W MDDSuperpacks: MDDSuperpacks.constructPackSet():578 file group is empty
06-21 01:14:23.781  1452  4521 I SuperDelight: SuperDelightManager$2.onSuccess():635 delight_overrides sync success, adding to data file manager
06-21 01:14:23.781  1452  4555 W HWUI    : Failed to choose config with EGL_SWAP_BEHAVIOR_PRESERVED, retrying without...
06-21 01:14:23.782  1452  4549 E MDDSuperpacks: MDDSuperpacks.parseManifest():476 cannot find metadata for delight_overrides
06-21 01:14:23.782  1452  4514 I DownloadManager: DownloadManager.downloadInternal():412 Download for __SP_MANIFEST_bundled_delight scheduled with params DownloadParams{allowMetered=true, requireCharging=false, foreground=false, immediately=true, priority=0}
06-21 01:14:23.782  1452  4514 I DownloadManager: DownloadManager.startDownload():495 start download of __SP_MANIFEST_bundled_delight
06-21 01:14:23.786  1452  4521 I SuperDelight: SuperDelightManager.syncBundledLanguageModels():773 SuperDelightManager#syncBundledLanguageModels(): Syncing for version 2025021100
06-21 01:14:23.786  1452  4521 I MDDSuperpacks: MDDSuperpacks.sync():223 sync requested for bundled_delight
06-21 01:14:23.789  1452  4548 I MDDSuperpacks: MDDSuperpacks.getPacks():548 getting packs for superpack: bundled_emoji
06-21 01:14:23.792  1452  4555 W HWUI    : Failed to initialize 101010-2 format, error = EGL_SUCCESS
06-21 01:14:23.792  1452  4550 I MDDSuperpacks: MDDSuperpacks$3.onSuccess():558 packs [] got for superpack: delight_overrides
06-21 01:14:23.795  1452  4547 W MDDSuperpacks: MDDSuperpacks.constructPackSet():578 file group is empty
06-21 01:14:23.796  1452  4548 I MDDSuperpacks: MDDSuperpacks$3.onSuccess():558 packs [] got for superpack: bundled_emoji
06-21 01:14:23.796  1452  4549 I EmojiSlicingStrategy: EmojiSlicingStrategy.matchEnabledLocalesWithPackLocales():129 matchEnabledLocalesWithPackLocales() : User enabled 1 locales; returning 1 slices
06-21 01:14:23.796  1452  4549 I MDDSuperpacks: MDDSuperpacks.downloadSlices():370 start download __SP_bundled_emoji
06-21 01:14:23.799  1452  4514 I DownloadManager: DownloadManager$4.onSuccess():564 download for __SP_MANIFEST_bundled_delight is finished with files # mxp@7c930554
06-21 01:14:23.799  1452  4545 I SuperDelight: SuperDelightBundledMetadataParser.addSystemLms():202 system lm dir /system/usr/share/ime/google/d3_lms does not exist or is not readable
06-21 01:14:23.799  1452  4545 I SuperDelight: SuperDelightBundledMetadataParser.parse():192 SuperDelightBundledMetadataParser#parse(): manifest parsed with 1 packs
06-21 01:14:23.799  1452  4550 I SuperDelight: SuperDelightBundledMetadataParser.addSystemLms():202 system lm dir /system/usr/share/ime/google/d3_lms does not exist or is not readable
06-21 01:14:23.799  1452  4550 I SuperDelight: SuperDelightBundledMetadataParser.parse():192 SuperDelightBundledMetadataParser#parse(): manifest parsed with 1 packs
06-21 01:14:23.800  1452  4514 I DownloadManager: DownloadManager.downloadInternal():412 Download for __KLP_delight__en-US scheduled with params DownloadParams{allowMetered=true, requireCharging=false, foreground=true, immediately=false, priority=500}
06-21 01:14:23.806  1452  4548 I MDDSuperpacks: MDDSuperpacks.getPacks():548 getting packs for superpack: bundled_delight
06-21 01:14:23.824  1452  4514 I DownloadManager: DownloadManager.downloadInternal():412 Download for __SP_bundled_emoji scheduled with params DownloadParams{allowMetered=true, requireCharging=false, foreground=false, immediately=true, priority=300}
06-21 01:14:23.824  1452  4514 I DownloadManager: DownloadManager.startDownload():495 start download of __SP_bundled_emoji
06-21 01:14:23.824  1452  4521 I SuperDelight: SuperDelightManager.syncBundledLanguageModels():773 SuperDelightManager#syncBundledLanguageModels(): Syncing for version 2025021100
06-21 01:14:23.825  1452  4521 I MDDSuperpacks: MDDSuperpacks.sync():223 sync requested for bundled_delight
06-21 01:14:23.825  1452  4521 I LmManager: LmManager$1.onFailure():87 Bundled delight sync failed
06-21 01:14:23.825  1452  4521 I LmManager: java.util.concurrent.CancellationException: Task was cancelled.
06-21 01:14:23.825  1452  4521 I LmManager: 	at qcq.r(PG:33)
06-21 01:14:23.825  1452  4521 I LmManager: 	at qcq.get(PG:3)
06-21 01:14:23.825  1452  4521 I LmManager: 	at a.k(PG:2)
06-21 01:14:23.825  1452  4521 I LmManager: 	at pqu.E(PG:10)
06-21 01:14:23.825  1452  4521 I LmManager: 	at qek.run(PG:88)
06-21 01:14:23.825  1452  4521 I LmManager: 	at qds.execute(PG:1)
06-21 01:14:23.825  1452  4521 I LmManager: 	at qcq.h(PG:1)
06-21 01:14:23.825  1452  4521 I LmManager: 	at qcq.k(PG:101)
06-21 01:14:23.825  1452  4521 I LmManager: 	at qcq.cancel(PG:53)
06-21 01:14:23.825  1452  4521 I LmManager: 	at dmp.g(PG:37)
06-21 01:14:23.825  1452  4521 I LmManager: 	at dga.apply(PG:328)
06-21 01:14:23.825  1452  4521 I LmManager: 	at l$$ExternalSyntheticApiModelOutline0.m(D8$$SyntheticClass:42)
06-21 01:14:23.825  1452  4521 I LmManager: 	at dmt.x(PG:16)
06-21 01:14:23.825  1452  4521 I LmManager: 	at dmt.k(PG:14)
06-21 01:14:23.825  1452  4521 I LmManager: 	at djw.a(PG:504)
06-21 01:14:23.825  1452  4521 I LmManager: 	at qcs.e(PG:3)
06-21 01:14:23.825  1452  4521 I LmManager: 	at qcu.run(PG:38)
06-21 01:14:23.825  1452  4521 I LmManager: 	at jab.run(PG:51)
06-21 01:14:23.825  1452  4521 I LmManager: 	at java.util.concurrent.ThreadPoolExecutor.runWorker(ThreadPoolExecutor.java:1156)
06-21 01:14:23.825  1452  4521 I LmManager: 	at java.util.concurrent.ThreadPoolExecutor$Worker.run(ThreadPoolExecutor.java:651)
06-21 01:14:23.825  1452  4521 I LmManager: 	at java.lang.Thread.run(Thread.java:1119)
06-21 01:14:23.825  1452  4521 I LmManager: 	at izq.run(PG:8)
06-21 01:14:23.826  1452  4521 I MDDSuperpacks: MDDSuperpacks.getPacks():548 getting packs for superpack: bundled_delight
06-21 01:14:23.826  1452  4524 I MDDSuperpacks: MDDSuperpacks$2.onFailure():281 Sync for bundled_delight cancelled
06-21 01:14:23.831  1452  1457 W putmethod.latin: Missing inline cache for qex dnr.a()
06-21 01:14:23.834  1452  4545 I SuperDelight: SuperDelightBundledMetadataParser.addSystemLms():202 system lm dir /system/usr/share/ime/google/d3_lms does not exist or is not readable
06-21 01:14:23.834  1452  4545 I SuperDelight: SuperDelightBundledMetadataParser.parse():192 SuperDelightBundledMetadataParser#parse(): manifest parsed with 1 packs
06-21 01:14:23.834  1452  4509 W MDDSuperpacks: MDDSuperpacks.constructPackSet():578 file group is empty
06-21 01:14:23.834  1452  4524 I MDDSuperpacks: MDDSuperpacks.getPacks():548 getting packs for superpack: bundled_delight
06-21 01:14:23.834  1452  4545 I MDDSuperpacks: MDDSuperpacks$3.onSuccess():558 packs [] got for superpack: bundled_delight
06-21 01:14:23.834  1452  4521 I SuperDelight: SuperDelightManager$2.onSuccess():635 bundled_delight sync success, adding to data file manager
06-21 01:14:23.836  1452  4545 W MDDSuperpacks: MDDSuperpacks.constructPackSet():578 file group is empty
06-21 01:14:23.836  1452  4521 I DataFileManager: DataFileManager.removeDataWithoutNotify():219 removing data en-US bundled_delight
06-21 01:14:23.836  1452  4509 I SuperDelight: SuperDelightBundledSlicingStrategy.getSlices():41 BundledSlicing#getSlices() : Locale = [en_US]
06-21 01:14:23.836  1452  4509 I SuperDelight: SuperDelightBundledSlicingStrategy.getSlices():67 BundledSlicing#getSlices(): result {slices=[bundled_delight:main_en_us_2024102000_2], last batch=true, sync metadata=false}
06-21 01:14:23.837  1452  4509 I MDDSuperpacks: MDDSuperpacks.downloadSlices():370 start download __SP_bundled_delight
06-21 01:14:23.837  1452  4514 I MDDSuperpacks: MDDSuperpacks$3.onSuccess():558 packs [] got for superpack: bundled_delight
06-21 01:14:23.838  1452  4524 I FetchBundledResourceTask: FetchBundledResourceTask.execute():71 Successfully copied file from /data/user/0/com.google.android.inputmethod.latin/files/emoji_en_us_20250115185814.zip to /data/user/0/com.google.android.inputmethod.latin/files/datadownload/shared/public/datadownloadfile_1781967745679_37a06c6e3893067a2309b9b51290a686ef9c17d3.
06-21 01:14:23.839   649  1710 W ServiceManagerCppClient: Permission failure: android.permission.ACCESS_SURFACE_FLINGER from uid=10163 pid=0
06-21 01:14:23.839   649  1710 D PermissionCache: checking android.permission.ACCESS_SURFACE_FLINGER for uid=10163 => denied (63 us)
06-21 01:14:23.839   649  1710 W ServiceManagerCppClient: Permission failure: android.permission.ROTATE_SURFACE_FLINGER from uid=10163 pid=0
06-21 01:14:23.839   649  1710 D PermissionCache: checking android.permission.ROTATE_SURFACE_FLINGER for uid=10163 => denied (12 us)
06-21 01:14:23.839   649  1710 W ServiceManagerCppClient: Permission failure: android.permission.INTERNAL_SYSTEM_WINDOW from uid=10163 pid=0
06-21 01:14:23.839   649  1710 D PermissionCache: checking android.permission.INTERNAL_SYSTEM_WINDOW for uid=10163 => denied (10 us)
06-21 01:14:23.844   649  1710 D AutofillInlineSuggestionsRequestSession: onInlineSuggestionsUnsupported() called.
06-21 01:14:23.847   649   843 D BackgroundInstallControlService: Package event received: 0
06-21 01:14:23.888  1452  1452 I GoogleInputMethodService: GoogleInputMethodService$1.onKeyboardViewShown():312 onKeyboardViewShown: keyboardType=prime, keyboardViewType=HEADER keyboardView=com.google.android.libraries.inputmethod.widgets.SoftKeyboardView{45a02e9 V.E...... ........ 0,0-720,88}
06-21 01:14:23.889  1452  1452 I KeyboardHeightUtil: KeyboardHeightUtil.calculateMaxKeyboardBodyHeight():46 leave 194 height for app when ime window height:1136, header height:88 and isFullscreenMode:false, so the max keyboard body height is:854
06-21 01:14:23.889  1452  1452 I KeyboardHeightUtil: KeyboardHeightUtil.calculateMaxKeyboardBodyHeight():46 leave 194 height for app when ime window height:1136, header height:88 and isFullscreenMode:false, so the max keyboard body height is:854
06-21 01:14:23.889  1452  1452 I KeyboardHeightUtil: KeyboardHeightUtil.calculateMaxKeyboardBodyHeight():46 leave 194 height for app when ime window height:1136, header height:88 and isFullscreenMode:false, so the max keyboard body height is:854
06-21 01:14:23.889  1452  1452 I KeyboardHeightUtil: KeyboardHeightUtil.calculateMaxKeyboardBodyHeight():46 leave 194 height for app when ime window height:1136, header height:88 and isFullscreenMode:false, so the max keyboard body height is:854
06-21 01:14:23.890  4205  4205 W RemoteInputConnectionImpl: getSurroundingText on inactive InputConnection
06-21 01:14:23.890  1218  1218 I GmsCoreXrpcWrapper: Returning a channel provider with trafficStatsTag=67127556 trafficStatsUid=-1
06-21 01:14:23.890  4205  4205 W RemoteInputConnectionImpl: getTextBeforeCursor on inactive InputConnection
06-21 01:14:23.891  4205  4205 W RemoteInputConnectionImpl: getTextBeforeCursor on inactive InputConnection
06-21 01:14:23.892  1218  1242 I fker    : Shared storage file not found for com.google.android.gms.autofill
06-21 01:14:23.892  1452  1452 I GoogleInputMethodService: GoogleInputMethodService.onStartInput():1293 onStartInput(EditorInfo{EditorInfo{packageName=com.mobilecode.app, inputType=0, inputTypeString=NULL, enableLearning=false, autoCorrection=false, autoComplete=false, imeOptions=0, privateImeOptions=null, actionName=UNSPECIFIED, actionLabel=null, initialSelStart=-1, initialSelEnd=-1, initialCapsMode=0, label=null, fieldId=0, fieldName=null, extras=null, hintText=null, hintLocales=[]}}, true)
06-21 01:14:23.893  1452  1452 W SessionManager: SessionManager.beginSession():53 Try to begin an already begun session [INPUT_SESSION], end it first
06-21 01:14:23.893  1452  1452 W SessionManager: SessionManager.endSession():96 Child session [INPUT_VIEW_SESSION] is not ended while ending session [{INPUT_VIEW_SESSION=1782029663202, TRAINING_CACHE_SESSION=1782029663348, INPUT_SESSION=1782029663195, IME_SESSION=1782029663247}], ending it now.
06-21 01:14:23.893  1452  1452 W SessionManager: SessionManager.endSession():96 Child session [IME_SESSION] is not ended while ending session [{INPUT_VIEW_SESSION=1782029663202, TRAINING_CACHE_SESSION=1782029663348, INPUT_SESSION=1782029663195, IME_SESSION=1782029663247}], ending it now.
06-21 01:14:23.893  1452  1452 I Module  : DeviceLockedStatusModuleProvider$Module.updateDeviceLockedStatus():100 repeatCheckTimes = 1, locked = false
06-21 01:14:23.893  1452  1452 I EmojiCompatManager: EmojiCompatManager.getEmojiCompatIfLoaded():338 EmojiCompat is not loaded.
06-21 01:14:23.893   649  1710 W PackageConfigPersister: App-specific configuration not found for packageName: com.mobilecode.app and userId: 0
06-21 01:14:23.893  1218  1242 I fker    : Unable to retrieve flag snapshot for com.google.android.gms.autofill, using defaults.
06-21 01:14:23.894  1452  1452 I GoogleInputMethodService: GoogleInputMethodService.onStartInputView():1392 onStartInputView(EditorInfo{EditorInfo{packageName=com.mobilecode.app, inputType=0, inputTypeString=NULL, enableLearning=false, autoCorrection=false, autoComplete=false, imeOptions=0, privateImeOptions=null, actionName=UNSPECIFIED, actionLabel=null, initialSelStart=-1, initialSelEnd=-1, initialCapsMode=0, label=null, fieldId=0, fieldName=null, extras=null, hintText=null, hintLocales=[]}}, true)
06-21 01:14:23.894  1452  1452 I KeyboardHeightUtil: KeyboardHeightUtil.getOemKeyboardHeightRatio():161 systemKeyboardHeightRatio:1.000000.
06-21 01:14:23.900  1452  1452 I InputContextChangeTracker: InputContextChangeTracker.fixLyingSelectionRangeFromSurroundingText():1665 fixLyingSelectionRangeFromSurroundingText(): [-1, -1]([-1, -1]) -> [0, 0]([0, 0])
06-21 01:14:23.904  1452  1452 I InputBundle: InputBundle.consumeEvent():949 Skip consuming an event as keyboard status is 0
06-21 01:14:23.905  1452  1452 I AndroidIME: AbstractIme.onDeactivate():203 LatinIme.onDeactivate()
06-21 01:14:23.905  1452  1452 W SessionManager: SessionManager.endSession():88 Try to end a not begun session [IME_SESSION].
06-21 01:14:23.905  1452  1452 I AndroidIME: InputBundleManager.loadActiveInputBundleId():483 loadActiveInputBundleId: und-Latn-x-password, password
06-21 01:14:23.905  1452  1452 I AndroidIME: AbstractIme.onActivate():90 PasswordIme.onActivate() : EditorInfo = EditorInfo{packageName=com.mobilecode.app, inputType=0, inputTypeString=NULL, enableLearning=false, autoCorrection=false, autoComplete=false, imeOptions=0, privateImeOptions=null, actionName=UNSPECIFIED, actionLabel=null, initialSelStart=-1, initialSelEnd=-1, initialCapsMode=0, label=null, fieldId=0, fieldName=null, extras=null, hintText=null, hintLocales=[]}, IncognitoMode = false, DeviceLocked = false
06-21 01:14:23.905  1452  1452 I KeyboardWrapper: KeyboardWrapper.activateKeyboard():562 activateKeyboard(): type=prime, status=0, imeDef=kyj{stringId=password, language=und-Latn-x-password, languageTag=und-Latn-x-password, processedConditions={variant=qwerty, enable_access_points_in_password_number=false, enable_number_row=false, device=phone}, className=com.google.android.libraries.inputmethod.ime.password.PasswordIme, label=2132019061, keyEventInterpreter=null, inlineComposing=true, autoCapital=true, announceAutoSelectedCandidate=true, statusIcon=0, primeKeyboardType=SOFT, indicatorIcon=0, indicatorLabel=null, displayAppCompletions=false, extraValues=kyb{}, processors=lac@7d59ee1, unacceptableMetaKeys=4098, languageSpecificSettings=0, asciiCapable=false, alwaysShowSuggestions=false, useAsciiPasswordKeyboard=false, secondaryIme=null, keyboardGroupDef=kzl@4075a79, phenotypeFlagId=0, localizationLanguageTag=null, supportsInlineSuggestion=false}
06-21 01:14:23.905  1452  1452 I KeyboardManager: KeyboardManager.requestKeyboard():248 Creating keyboard prime, imeId=password, cacheKey=theme_350_border_display_size_adaptive_350_gsans_keyboard_mode_screen_size_under_5_5_light_noshadow_overlay_builtin_dynamic_color_light_base.binarypb:gm3-light-fffaf8ff-ff495d92-82b625f90d810779661adb8ce93b5ac5_phone_port_silkpopup_stylesheet
06-21 01:14:23.905  1452  1452 I KeyboardWrapper: KeyboardWrapper.activateKeyboard():562 activateKeyboard(): type=prime, status=1, imeDef=kyj{stringId=password, language=und-Latn-x-password, languageTag=und-Latn-x-password, processedConditions={variant=qwerty, enable_access_points_in_password_number=false, enable_number_row=false, device=phone}, className=com.google.android.libraries.inputmethod.ime.password.PasswordIme, label=2132019061, keyEventInterpreter=null, inlineComposing=true, autoCapital=true, announceAutoSelectedCandidate=true, statusIcon=0, primeKeyboardType=SOFT, indicatorIcon=0, indicatorLabel=null, displayAppCompletions=false, extraValues=kyb{}, processors=lac@7d59ee1, unacceptableMetaKeys=4098, languageSpecificSettings=0, asciiCapable=false, alwaysShowSuggestions=false, useAsciiPasswordKeyboard=false, secondaryIme=null, keyboardGroupDef=kzl@4075a79, phenotypeFlagId=0, localizationLanguageTag=null, supportsInlineSuggestion=false}
06-21 01:14:23.905  1452  1452 E KeyboardWrapper: KeyboardWrapper.activateKeyboard():573 doesn't allow to activate another keyboard before deactivateKeyboard()
06-21 01:14:23.905  1452  1452 E KeyboardWrapper: jtb
06-21 01:14:23.905  1452  1452 E KeyboardWrapper: 	at kbh.r(PG:120)
06-21 01:14:23.905  1452  1452 E KeyboardWrapper: 	at kbh.q(PG:163)
06-21 01:14:23.905  1452  1452 E KeyboardWrapper: 	at kbk.k(PG:197)
06-21 01:14:23.905  1452  1452 E KeyboardWrapper: 	at dbj.w(PG:300)
06-21 01:14:23.905  1452  1452 E KeyboardWrapper: 	at kgn.onStartInputView(PG:275)
06-21 01:14:23.905  1452  1452 E KeyboardWrapper: 	at android.inputmethodservice.InputMethodService.doStartInput(InputMethodService.java:3527)
06-21 01:14:23.905  1452  1452 E KeyboardWrapper: 	at android.inputmethodservice.InputMethodService$InputMethodImpl.restartInput(InputMethodService.java:891)
06-21 01:14:23.905  1452  1452 E KeyboardWrapper: 	at android.inputmethodservice.InputMethodService$InputMethodImpl.dispatchStartInput(InputMethodService.java:906)
06-21 01:14:23.905  1452  1452 E KeyboardWrapper: 	at android.inputmethodservice.IInputMethodWrapper.executeMessage(IInputMethodWrapper.java:201)
06-21 01:14:23.905  1452  1452 E KeyboardWrapper: 	at com.android.internal.os.HandlerCaller$MyHandler.handleMessage(HandlerCaller.java:44)
06-21 01:14:23.905  1452  1452 E KeyboardWrapper: 	at android.os.Handler.dispatchMessage(Handler.java:110)
06-21 01:14:23.905  1452  1452 E KeyboardWrapper: 	at android.os.Looper.loopOnce(Looper.java:248)
06-21 01:14:23.905  1452  1452 E KeyboardWrapper: 	at android.os.Looper.loop(Looper.java:338)
06-21 01:14:23.905  1452  1452 E KeyboardWrapper: 	at android.app.ActivityThread.main(ActivityThread.java:9067)
06-21 01:14:23.905  1452  1452 E KeyboardWrapper: 	at java.lang.reflect.Method.invoke(Native Method)
06-21 01:14:23.905  1452  1452 E KeyboardWrapper: 	at com.android.internal.os.RuntimeInit$MethodAndArgsCaller.run(RuntimeInit.java:593)
06-21 01:14:23.905  1452  1452 E KeyboardWrapper: 	at com.android.internal.os.ZygoteInit.main(ZygoteInit.java:932)
06-21 01:14:23.905  1452  1452 I AndroidIME: InputBundleManager.startInput():361 startInput() with kzp[keyboardType=prime, payload=null]
06-21 01:14:23.906  1452  1452 I GlobeKeyExtension: GlobeKeyExtension.onDeactivate():104
06-21 01:14:23.909  1452  1452 I VoiceInputManagerWrapper: VoiceInputManagerWrapper.shutdown():122 shutdown()
06-21 01:14:23.910  1452  1942 I EmojiCompatManager: EmojiCompatManager.getEmojiCompatIfLoaded():338 EmojiCompat is not loaded.
06-21 01:14:23.910  1452  1452 I GlobeKeyExtension: GlobeKeyExtension.onActivate():70
06-21 01:14:23.910  1452  1452 I NewLanguagePromptExtension: NewLanguagePromptExtension.onActivate():186 Not activated NewLanguagePromptExtension: not a normal text input box.
06-21 01:14:23.912  1452  1452 I HardKeyTracker: HardKeyTracker.unregisterKeySequence():182 Unregister key sequence lsr{labelResId=2132020165, callback=cbb@fca015a, lastModifier=2, keyCodes=[56], actions=[0]}
06-21 01:14:23.912  1452  1452 I HardKeyTracker: HardKeyTracker.unregisterKeySequence():182 Unregister key sequence lsr{labelResId=2132020165, callback=cbb@1b197bd, lastModifier=0, keyCodes=[317], actions=[0]}
06-21 01:14:23.912  1452  1452 I HardKeyTracker: HardKeyTracker.registerKeySequence():138 Register key sequence lsr{labelResId=2132020165, callback=cbb@6a2c89, lastModifier=2, keyCodes=[56], actions=[0]}
06-21 01:14:23.912  1452  1452 I HardKeyTracker: HardKeyTracker.registerKeySequence():138 Register key sequence lsr{labelResId=2132020165, callback=cbb@9af40bc, lastModifier=0, keyCodes=[317], actions=[0]}
06-21 01:14:23.913  1452  1452 I VoiceInputManagerWrapper: VoiceInputManagerWrapper.cancelShutdown():100 cancelShutdown()
06-21 01:14:23.913  1452  1452 I VoiceInputManagerWrapper: VoiceInputManagerWrapper.syncLanguagePacks():112 syncLanguagePacks()
06-21 01:14:23.913  1452  1452 I AccessoryInputModeManager: AccessoryInputModeManager.onModeStarted():322 Accessory input mode started: null
06-21 01:14:23.914  1452  1452 I KeyboardWrapper: KeyboardWrapper.consumeEvent():410 Skip consuming an event as current keyboard is deactivated (state=1, keyboard existence=false)
06-21 01:14:23.914  1452  1452 W SupplementaryKeyboardsWrapper: SupplementaryKeyboardsWrapper.deactivateKeyboard():160 keyboard accessory_candidates_consumer is not activated before!
06-21 01:14:23.915  1452  1452 I KeyboardModeUtils: KeyboardModeUtils.getKeyboardBottomOffset():437 inch: 0.000000 ydpi: 320.000000 adjustKeyboardBottomByDisplaySize: false currentDensityDpi: 320 defaultDensityDpi: 320 keyboardBottomToScreenPx: 0 keyboardBottomToNavBarPx: -96 navBarHeight: 96
06-21 01:14:23.916  1452  1452 I ResizableKeyboardModeController: ResizableKeyboardModeController.getKeyboardBottomOffset():182 currentPrimeKeyboardType:SOFT keyboardBottomOffset:0 navBarHeight:96 isInLandscape:false
06-21 01:14:23.916  1452  1452 I KeyboardHeightUtil: KeyboardHeightUtil.calculateMaxKeyboardBodyHeight():46 leave 194 height for app when ime window height:1136, header height:88 and isFullscreenMode:false, so the max keyboard body height is:854
06-21 01:14:23.916  1452  1452 I KeyboardHeightUtil: KeyboardHeightUtil.calculateMaxKeyboardBodyHeight():46 leave 194 height for app when ime window height:1136, header height:88 and isFullscreenMode:false, so the max keyboard body height is:854
06-21 01:14:23.916  1452  1452 I KeyboardHeightUtil: KeyboardHeightUtil.calculateMaxKeyboardBodyHeight():46 leave 194 height for app when ime window height:1136, header height:88 and isFullscreenMode:false, so the max keyboard body height is:854
06-21 01:14:23.916  1452  1452 W ExtensionWrapper: ExtensionWrapper.setExtensionViewVisibility():801 interface koa is not activate
06-21 01:14:23.920  1452  4528 I SpeechFactory: SpeechRecognitionFactory.maybeScheduleAutoPackDownloadForFallback():161 maybeScheduleAutoPackDownloadForFallback()
06-21 01:14:23.920  1452  4528 I FallbackOnDeviceRecognitionProvider: FallbackOnDeviceRecognitionProvider.maybeScheduleAutoPackDownload():198 maybeScheduleAutoPackDownload() for language tag en-US
06-21 01:14:23.921  1452  1452 I Module  : DeviceLockedStatusModuleProvider$Module.updateDeviceLockedStatus():100 repeatCheckTimes = 1, locked = false
06-21 01:14:23.921  1452  1452 I VoiceImeExtension: VoiceImeExtension.shouldStartVoiceInputAutomaticallyInCurrentInputBox():469 No private IME option set to start voice input.
06-21 01:14:23.921  1452  1452 I GoogleInputMethodService: GoogleInputMethodService$1.onKeyboardViewShown():312 onKeyboardViewShown: keyboardType=prime, keyboardViewType=BODY keyboardView=com.google.android.libraries.inputmethod.widgets.SoftKeyboardView{e07764 V.E...... ........ 0,0-720,414}
06-21 01:14:23.921  1452  1452 I NewLanguagePromptExtension: NewLanguagePromptExtension$1.onKeyboardViewShown():86 Not show new language banner: not prime keyboard, or the extension not activated.
06-21 01:14:23.922  1452  1452 I KeyboardHeightUtil: KeyboardHeightUtil.calculateMaxKeyboardBodyHeight():46 leave 194 height for app when ime window height:1136, header height:88 and isFullscreenMode:false, so the max keyboard body height is:854
06-21 01:14:23.922  1452  1452 I KeyboardHeightUtil: KeyboardHeightUtil.calculateMaxKeyboardBodyHeight():46 leave 194 height for app when ime window height:1136, header height:88 and isFullscreenMode:false, so the max keyboard body height is:854
06-21 01:14:23.922  1452  1452 I KeyboardHeightUtil: KeyboardHeightUtil.calculateMaxKeyboardBodyHeight():46 leave 194 height for app when ime window height:1136, header height:88 and isFullscreenMode:false, so the max keyboard body height is:854
06-21 01:14:23.922  1452  1452 I NewLanguagePromptExtension: NewLanguagePromptExtension.onActivate():186 Not activated NewLanguagePromptExtension: not a normal text input box.
06-21 01:14:23.923  2910  2910 D ActivityThread: Package [com.mobilecode.app] reported as REPLACED, but missing application info. Assuming REMOVED.
06-21 01:14:23.923   649  1710 D ActivityManager: sync unfroze 2910 com.google.android.gms.ui for 6
06-21 01:14:23.925  2910  2910 D ActivityThread: Package [com.mobilecode.app] reported as REPLACED, but missing application info. Assuming REMOVED.
06-21 01:14:23.926  1452  1452 I NewLanguagePromptExtension: NewLanguagePromptExtension.onActivate():186 Not activated NewLanguagePromptExtension: not a normal text input box.
06-21 01:14:23.927  1452  1452 I NewLanguagePromptExtension: NewLanguagePromptExtension.onActivate():186 Not activated NewLanguagePromptExtension: not a normal text input box.
06-21 01:14:23.932  1452  4514 I DownloadManager: DownloadManager.downloadInternal():412 Download for __SP_bundled_delight scheduled with params DownloadParams{allowMetered=false, requireCharging=false, foreground=false, immediately=true, priority=500}
06-21 01:14:23.940  1452  1452 I KeyboardWrapper: KeyboardWrapper.consumeEvent():410 Skip consuming an event as current keyboard is deactivated (state=1, keyboard existence=false)
06-21 01:14:23.940  1452  1452 I GoogleInputMethodService: GoogleInputMethodService.onFinishInputView():1524
06-21 01:14:23.940  1452  1452 I GlobeKeyExtension: GlobeKeyExtension.onDeactivate():104
06-21 01:14:23.941   649   728 D ImeInsetsSourceProvider: showImePostLayout aborted, isScheduledAndReadyToShowIme: false, mImeRequester: null, serverVisible: false, frozen: false, mWindowContainer is: non-null, windowState: Window{e9c6619 u0 InputMethod}, isDrawn: true, mGivenInsetsPending: false, dcTarget: Window{dd9bf37 u0 com.mobilecode.app/com.mobilecode.app.MainActivity}, controlTarget: Window{dd9bf37 u0 com.mobilecode.app/com.mobilecode.app.MainActivity}
06-21 01:14:23.941   649   728 I ImeTracker: com.mobilecode.app:9703d50c: onFailed at PHASE_WM_ABORT_SHOW_IME_POST_LAYOUT
06-21 01:14:23.941  1452  4522 W JobInfo : Requested important-while-foreground flag for job27 is ignored and takes no effect
06-21 01:14:23.943  1452  1452 I VoiceInputManagerWrapper: VoiceInputManagerWrapper.shutdown():122 shutdown()
06-21 01:14:23.943  1452  1452 I AndroidIME: AbstractIme.onDeactivate():203 PasswordIme.onDeactivate()
06-21 01:14:23.943  1218  1218 I GmsCoreXrpcWrapper: Returning a channel provider with trafficStatsTag=67127553 trafficStatsUid=-1
06-21 01:14:23.944  1452  1452 W TooltipLifecycleManager: TooltipLifecycleManager.dismissTooltips():154 Tooltip with id undo_access_point_promotion_banner not found in tooltipManager.
06-21 01:14:23.944  1452  1452 I ImeTracker: com.mobilecode.app:2cfac6f8: onHidden
06-21 01:14:23.945   649  1710 W BestClock: java.time.DateTimeException: No network time available
06-21 01:14:23.945   649  1710 W BestClock: java.time.DateTimeException: No network time available
06-21 01:14:23.945   649  1710 W BestClock: java.time.DateTimeException: No network time available
06-21 01:14:23.945   649  1710 W BestClock: java.time.DateTimeException: No network time available
06-21 01:14:23.946  1452  1452 I KeyboardHeightUtil: KeyboardHeightUtil.calculateMaxKeyboardBodyHeight():46 leave 194 height for app when ime window height:1136, header height:88 and isFullscreenMode:false, so the max keyboard body height is:854
06-21 01:14:23.946  1452  1452 I KeyboardHeightUtil: KeyboardHeightUtil.calculateMaxKeyboardBodyHeight():46 leave 194 height for app when ime window height:1136, header height:88 and isFullscreenMode:false, so the max keyboard body height is:854
06-21 01:14:23.946  1452  1452 I WindowMetricsNotification: WindowMetricsNotification.notifyWithWindow():166
06-21 01:14:23.946  1452  1452 I WindowMetricsNotification: WindowMetricsNotification.notify():159 mub[bounds=Rect(0, 48 - 720, 1280), insets=Rect(0, 0 - 0, 96), densityDpi=320, smallestScreenWidthDp=360, displayWidth=720, displayHeight=1280, xdpi=320.0, ydpi=320.0, isTrustable=true, displayId=0]; DisplayMetrics{density=2.0, width=720, height=1280, scaledDensity=2.0, xdpi=320.0, ydpi=320.0}
06-21 01:14:23.947  1452  1452 I InputBundle: InputBundle.consumeEvent():945 Skip consuming an event as imeStatus is 0
06-21 01:14:23.947  1452  1452 I KeyboardHeightUtil: KeyboardHeightUtil.calculateMaxKeyboardBodyHeight():46 leave 194 height for app when ime window height:1136, header height:88 and isFullscreenMode:false, so the max keyboard body height is:854
06-21 01:14:23.947  1452  1452 I KeyboardHeightUtil: KeyboardHeightUtil.calculateMaxKeyboardBodyHeight():46 leave 194 height for app when ime window height:1136, header height:88 and isFullscreenMode:false, so the max keyboard body height is:854
06-21 01:14:23.947  1452  1452 I KeyboardHeightUtil: KeyboardHeightUtil.calculateMaxKeyboardBodyHeight():46 leave 194 height for app when ime window height:1136, header height:88 and isFullscreenMode:false, so the max keyboard body height is:854
06-21 01:14:23.947  1452  1452 I KeyboardHeightUtil: KeyboardHeightUtil.calculateMaxKeyboardBodyHeight():46 leave 194 height for app when ime window height:1136, header height:88 and isFullscreenMode:false, so the max keyboard body height is:854
06-21 01:14:23.947  1452  1452 I AndroidIME: KeyboardViewManager.saveKeyboardBottomGap():276 windowHeight: 1136 windowHeightInInches: 3.550000
06-21 01:14:23.947  1452  1452 I AndroidIME: keyboardHolderHeight: 502 navigationHeight: 96
06-21 01:14:23.947  1452  1452 I AndroidIME: getKeyboardBodyViewHolderPaddingBottom(): 0
06-21 01:14:23.947  1452  1452 I AndroidIME: keyboardBottomGap: 96 bodyViewHolderBottomPadding: 0
06-21 01:14:23.947  1452  1452 I AndroidIME: decorViewStableInsetBottom: 96 updated: true
06-21 01:14:23.948  1452  1934 W Delight5Decoder: Delight5DecoderWrapper.shouldAbandonMessage():2263 Detected old [FetchSuggestions] request in background: 4<9
06-21 01:14:23.950  4205  4205 W WindowOnBackDispatcher: sendCancelIfRunning: isInProgress=false callback=android.view.ImeBackAnimationController@4d5a634
06-21 01:14:23.950   649   728 D CoreBackPreview: Window{dd9bf37 u0 com.mobilecode.app/com.mobilecode.app.MainActivity}: Setting back callback OnBackInvokedCallbackInfo{mCallback=android.window.IOnBackInvokedCallback$Stub$Proxy@1b9995, mPriority=-1, mIsAnimationCallback=false, mOverrideBehavior=0}
06-21 01:14:23.950  1452  1452 W InputContextProxy: InputContextProxy.applyClientDiffInternal():957 Ignore [FetchSuggestions] diff due to stale request: 6<9, inputStateId=3, lastInputStateId=6
06-21 01:14:23.950  1452  1452 W InputContextProxy: InputContextProxy.applyClientDiffInternal():957 Ignore [FetchSuggestions] diff due to stale request: 8<9, inputStateId=5, lastInputStateId=6
06-21 01:14:23.951  1452  4514 I DownloadManager: DownloadManager.startDownload():495 start download of __SP_bundled_delight
06-21 01:14:23.951  1452  4522 I DailyPingWorker: DailyPingWorker.<init>():45 Initialized DailyPingWorker.
06-21 01:14:23.953  1452  4514 I DownloadManager: DownloadManager$4.onSuccess():564 download for __SP_bundled_emoji is finished with files # mxp@dde7e557
06-21 01:14:23.953  1452  4514 I DownloadManager: DownloadManager$4.onSuccess():564 download for __SP_bundled_delight is finished with files # mxp@9de90daa
06-21 01:14:23.956  1452  1457 I putmethod.latin: JIT allocated 53KB for compiled code of boolean fdo.b(lbg, java.lang.Object[])
06-21 01:14:23.956  1452  1457 I putmethod.latin: Compiler allocated 4168KB to compile boolean fdo.b(lbg, java.lang.Object[])
06-21 01:14:23.957  1452  1452 I KeyboardHeightUtil: KeyboardHeightUtil.calculateMaxKeyboardBodyHeight():46 leave 194 height for app when ime window height:1136, header height:88 and isFullscreenMode:false, so the max keyboard body height is:854
06-21 01:14:23.957  1452  1452 I KeyboardHeightUtil: KeyboardHeightUtil.calculateMaxKeyboardBodyHeight():46 leave 194 height for app when ime window height:1136, header height:88 and isFullscreenMode:false, so the max keyboard body height is:854
06-21 01:14:23.961  1452  4514 I MDDSuperpacks: MDDSuperpacks.getPacks():548 getting packs for superpack: bundled_emoji
06-21 01:14:23.963  1452  4545 I MDDSuperpacks: MDDSuperpacks.getPacks():548 getting packs for superpack: bundled_delight
06-21 01:14:23.963  1452  1942 I KeyboardModeUtils: KeyboardModeUtils.getKeyboardBottomOffset():437 inch: 0.000000 ydpi: 320.000000 adjustKeyboardBottomByDisplaySize: false currentDensityDpi: 320 defaultDensityDpi: 320 keyboardBottomToScreenPx: 0 keyboardBottomToNavBarPx: -96 navBarHeight: 96
06-21 01:14:23.973  1452  4514 I MDDSuperpacks: MDDSuperpacks$3.onSuccess():558 packs [main_en_us_2024102000_2] got for superpack: bundled_delight
06-21 01:14:23.973  1452  4509 I LmManager: LmManager$1.onSuccess():82 Bundled delight sync success
06-21 01:14:23.973  1452  4514 I MDDSuperpacks: MDDSuperpacks$2.onSuccess():274 Sync success for bundled_delight with result: {old=[], new=[main_en_us_2024102000_2], metadata=false, last batch=true}
06-21 01:14:23.974   649   675 I ImeTracker: system_server:da6d6281: onRequestShow at ORIGIN_SERVER reason CONTROLS_CHANGED fromUser false
06-21 01:14:23.974  1452  4521 I MDDSuperpacks: MDDSuperpacks.getPacks():548 getting packs for superpack: bundled_delight
06-21 01:14:23.975  4205  4205 I ImeTracker: system_server:da6d6281: onCancelled at PHASE_CLIENT_ON_CONTROLS_CHANGED
06-21 01:14:23.976  1452  1452 I DailyPingWorker: DailyPingWorker.startWorkInner():63 Completed work: WORK_ID = daily_ping_work
06-21 01:14:23.977  1524  1524 D BoundBrokerSvc: onBind: Intent { act=com.google.android.mdd.service.START dat=chimera-action:/... xflg=0x4 cmp=com.google.android.gms/.chimera.GmsBoundBrokerService }
