06-21 01:14:27.284  4595  4595 I AconfigPackage: com.android.net.flags is mapped to com.android.tethering
06-21 01:14:27.284  4595  4595 I AconfigPackage: android.net.vcn is mapped to com.android.tethering
06-21 01:14:27.284  4595  4595 I AconfigPackage: com.android.nearby.flags is mapped to com.android.tethering
06-21 01:14:27.284  4595  4595 I AconfigPackage: android.net.http is mapped to com.android.tethering
06-21 01:14:27.284  4595  4595 I AconfigPackage: com.android.net.thread.flags is mapped to com.android.tethering
06-21 01:14:27.285  4595  4595 I AconfigPackage: com.android.system.virtualmachine.flags is mapped to com.android.virt
06-21 01:14:27.285  4595  4595 E FeatureFlagsImplExport: android.os.flagging.AconfigStorageReadException: ERROR_PACKAGE_NOT_FOUND: package android.xr cannot be found on the device
06-21 01:14:27.288  4595  4595 D UiAutomationConnection: Created on user UserHandle{0}
06-21 01:14:27.288  4595  4595 I UiAutomation: Initialized for user 0 on display 0
06-21 01:14:27.288  4595  4595 W UiAutomation: Created with deprecatead constructor, assumes DEFAULT_DISPLAY
06-21 01:14:27.289   649   728 D AccessibilityManagerService: changeCurrentUserForTestAutomationIfNeededLocked(0): ignoring because device doesn't support visible background users
06-21 01:14:27.289   649   728 I UiAutomationManager: Registering UiTestAutomationService (id=com.android.server.accessibility/UiAutomation, flags=0x0) when called by user 0
06-21 01:14:27.289   649   728 V AccessibilityManagerService: onUserStateChangedLocked for userId: 0, forceUpdate: false
06-21 01:14:27.291   649   728 W MagnificationConnectionManager: requestConnection duplicated request: connect=false, mConnectionState=DISCONNECTED
06-21 01:14:27.292   649   649 W IPCThreadState: Sending oneway calls to frozen process.
06-21 01:14:27.292   649   649 W IPCThreadState: Sending oneway calls to frozen process.
06-21 01:14:27.292   649   649 W IPCThreadState: Sending oneway calls to frozen process.
06-21 01:14:27.293  4595  4607 V UiAutomation: Init UiAutomation@6cc0bc3[id=81, displayId=0, flags=0]
06-21 01:14:27.293   649   649 W IPCThreadState: Sending oneway calls to frozen process.
06-21 01:14:27.293   649   649 W IPCThreadState: Sending oneway calls to frozen process.
06-21 01:14:27.293   649   649 W IPCThreadState: Sending oneway calls to frozen process.
06-21 01:14:27.293   649  1710 V AccessibilityManagerService: onUserStateChangedLocked for userId: 0, forceUpdate: false
06-21 01:14:27.293   649  1710 W MagnificationConnectionManager: requestConnection duplicated request: connect=false, mConnectionState=DISCONNECTED
06-21 01:14:27.294   649   649 W IPCThreadState: Sending oneway calls to frozen process.
06-21 01:14:27.294   649   649 W IPCThreadState: Sending oneway calls to frozen process.
06-21 01:14:27.294   649   649 W IPCThreadState: Sending oneway calls to frozen process.
06-21 01:14:27.294   649   649 W IPCThreadState: Sending oneway calls to frozen process.
06-21 01:14:27.294   649   649 W IPCThreadState: Sending oneway calls to frozen process.
06-21 01:14:27.294   649   649 W IPCThreadState: Sending oneway calls to frozen process.
06-21 01:14:28.227  1218  1226 I FontLog : Received query Noto Color Emoji Compat, URI content://com.google.android.gms.fonts [CONTEXT service_id=132 ]
06-21 01:14:28.227  1218  1226 I FontLog : Query [Noto Color Emoji Compat] resolved to {Noto Color Emoji Compat, wdth 100.0, wght 400, ital 0.0, bestEffort false}, isVf false} [CONTEXT service_id=132 ]
06-21 01:14:28.231   435  4609 I resolv  : GetAddrInfoHandler::run: {100 786532 100 983140 10145 0}
06-21 01:14:28.231   435  4610 I resolv  : res_nmkquery: (QUERY, IN, AAAA)
06-21 01:14:28.231   435  4611 I resolv  : res_nmkquery: (QUERY, IN, A)
06-21 01:14:28.237   435  4610 I resolv  : res_nsend: used send_dg 0 terrno: 62
06-21 01:14:28.242   435  4610 I resolv  : res_nsend: used send_dg 0 terrno: 62
06-21 01:14:28.242   435  4611 I resolv  : res_nsend: used send_dg 0 terrno: 62
06-21 01:14:28.242   435  4610 I resolv  : doQuery: rcode=5, ancount=0, return value=-110
06-21 01:14:28.247   435  4611 I resolv  : res_nsend: used send_dg 0 terrno: 62
06-21 01:14:28.247   435  4611 I resolv  : doQuery: rcode=5, ancount=0, return value=-110
06-21 01:14:28.249   435  4612 I resolv  : GetAddrInfoHandler::run: {100 786532 100 983140 10145 0}
06-21 01:14:28.250   435  4613 I resolv  : res_nmkquery: (QUERY, IN, AAAA)
06-21 01:14:28.251   435  4614 I resolv  : res_nmkquery: (QUERY, IN, A)
06-21 01:14:28.256   435  4613 I resolv  : res_nsend: used send_dg 0 terrno: 62
06-21 01:14:28.259   435  4614 I resolv  : res_nsend: used send_dg 0 terrno: 62
06-21 01:14:28.260   435  4613 I resolv  : res_nsend: used send_dg 0 terrno: 62
06-21 01:14:28.261   435  4613 I resolv  : doQuery: rcode=5, ancount=0, return value=-110
06-21 01:14:28.265   435  4614 I resolv  : res_nsend: used send_dg 0 terrno: 62
06-21 01:14:28.265   435  4614 I resolv  : doQuery: rcode=5, ancount=0, return value=-110
06-21 01:14:28.266  1218  4537 I FontLog : Download failed for https://fonts.gstatic.com/s/a/directory029.pb [ERROR: UNUSED LOG ARGUMENTS] [CONTEXT service_id=132 ]
06-21 01:14:28.267  1218  4448 W FontLog : Connection failure for https://fonts.gstatic.com/s/a/directory029.pb [CONTEXT service_id=132 ]
06-21 01:14:28.267  1218  4448 W FontLog : java.util.concurrent.ExecutionException: cilm: Failed to process request
06-21 01:14:28.267  1218  4448 W FontLog : 	at iyz.n(:com.google.android.gms@252635035@25.26.35 (260400-783060121):21)
06-21 01:14:28.267  1218  4448 W FontLog : 	at iyz.get(:com.google.android.gms@252635035@25.26.35 (260400-783060121):28)
06-21 01:14:28.267  1218  4448 W FontLog : 	at ize.get(:com.google.android.gms@252635035@25.26.35 (260400-783060121):2)
06-21 01:14:28.267  1218  4448 W FontLog : 	at bprd.run(:com.google.android.gms@252635035@25.26.35 (260400-783060121):13)
06-21 01:14:28.267  1218  4448 W FontLog : 	at azpf.c(:com.google.android.gms@252635035@25.26.35 (260400-783060121):50)
06-21 01:14:28.267  1218  4448 W FontLog : 	at azpf.run(:com.google.android.gms@252635035@25.26.35 (260400-783060121):70)
06-21 01:14:28.267  1218  4448 W FontLog : 	at java.util.concurrent.ThreadPoolExecutor.runWorker(ThreadPoolExecutor.java:1156)
06-21 01:14:28.267  1218  4448 W FontLog : 	at java.util.concurrent.ThreadPoolExecutor$Worker.run(ThreadPoolExecutor.java:651)
06-21 01:14:28.267  1218  4448 W FontLog : 	at azuw.run(:com.google.android.gms@252635035@25.26.35 (260400-783060121):8)
06-21 01:14:28.267  1218  4448 W FontLog : 	at java.lang.Thread.run(Thread.java:1119)
06-21 01:14:28.267  1218  4448 W FontLog : Caused by: cilm: Failed to process request
06-21 01:14:28.267  1218  4448 W FontLog : 	at cils.a(:com.google.android.gms@252635035@25.26.35 (260400-783060121):23)
06-21 01:14:28.267  1218  4448 W FontLog : 	at cipl.b(:com.google.android.gms@252635035@25.26.35 (260400-783060121):15)
06-21 01:14:28.267  1218  4448 W FontLog : 	at ciqc.onFailed(:com.google.android.gms@252635035@25.26.35 (260400-783060121):15)
06-21 01:14:28.267  1218  4448 W FontLog : 	at m1.ng.onFailed(:com.google.android.gms.dynamite_cronetdynamite@252635035@25.26.35 (260400-0):3)
06-21 01:14:28.267  1218  4448 W FontLog : 	at m1.mg.run(:com.google.android.gms.dynamite_cronetdynamite@252635035@25.26.35 (260400-0):16)
06-21 01:14:28.267  1218  4448 W FontLog : 	... 6 more
06-21 01:14:28.267  1218  4448 W FontLog : Caused by: m1.mq: Exception in CronetUrlRequest: net::ERR_NAME_NOT_RESOLVED, ErrorCode=1, InternalErrorCode=-105, Retryable=false
06-21 01:14:28.267  1218  4448 W FontLog : 	at org.chromium.net.impl.CronetUrlRequest.onError(:com.google.android.gms.dynamite_cronetdynamite@252635035@25.26.35 (260400-0):3)
06-21 01:14:28.268  1218  4537 W FontLog : No resolver, short-circuit {Noto Color Emoji Compat, wdth 100.0, wght 400, ital 0.0, bestEffort false}, isVf false} for com.google.android.inputmethod.latin to failure [CONTEXT service_id=132 ]
06-21 01:14:28.269  1218  1226 I FontLog : Fetch {Noto Color Emoji Compat, wdth 100.0, wght 400, ital 0.0, bestEffort false}, isVf false} end status Status{statusCode=Unavailable, resolution=null} [CONTEXT service_id=132 ]
06-21 01:14:28.272   649  1710 D FileUtils: Rounded bytes from 2592886784 to 4000000000
06-21 01:14:28.285   649  1710 W BestClock: java.time.DateTimeException: No network time available
06-21 01:14:28.285   649  1710 W BestClock: java.time.DateTimeException: No network time available
06-21 01:14:28.286   649  1710 W BestClock: java.time.DateTimeException: No network time available
06-21 01:14:28.308  1546  3231 W MediaProvider: isAppCloneUserPair for user 0: false
06-21 01:14:28.321  4595  4595 W AccessibilityNodeInfoDumper: Fetch time: 18ms
06-21 01:14:28.322   649   728 V AccessibilityManagerService: onUserStateChangedLocked for userId: 0, forceUpdate: false
06-21 01:14:28.323   649   843 D BackgroundInstallControlService: Package event received: 0
06-21 01:14:28.324  1020  1196 D SatelliteController: iisInCarrierRoamingNbIotNtn: satellite is disabled
06-21 01:14:28.325   649   728 W MagnificationConnectionManager: requestConnection duplicated request: connect=false, mConnectionState=DISCONNECTED
06-21 01:14:28.325   649   728 D AccessibilityManagerService: restoreCurrentUserForTestAutomationIfNeededLocked(): ignoring because device doesn't support visible background users
06-21 01:14:28.326  4595  4608 W IPCThreadState: call to talkWithDriver in joinThreadPool returned error: -9 (Bad file descriptor), FD: -1
06-21 01:14:28.327  4595  4595 D AndroidRuntime: Shutting down VM
06-21 01:14:28.327  4595  4604 W IPCThreadState: call to talkWithDriver in joinThreadPool returned error: -9 (Bad file descriptor), FD: -1
06-21 01:14:28.327  4595  4605 W IPCThreadState: call to talkWithDriver in joinThreadPool returned error: -9 (Bad file descriptor), FD: -1
06-21 01:14:28.329   649   649 W IPCThreadState: Sending oneway calls to frozen process.
06-21 01:14:28.330   649   649 W IPCThreadState: Sending oneway calls to frozen process.
06-21 01:14:28.330   649   649 W IPCThreadState: Sending oneway calls to frozen process.
06-21 01:14:28.330   649   649 W IPCThreadState: Sending oneway calls to frozen process.
06-21 01:14:28.330   649   649 W IPCThreadState: Sending oneway calls to frozen process.
06-21 01:14:28.330   649   649 W IPCThreadState: Sending oneway calls to frozen process.
06-21 01:14:28.331   649   649 V AccessibilityManagerService: onUserStateChangedLocked for userId: 0, forceUpdate: false
06-21 01:14:28.332   649   649 W MagnificationConnectionManager: requestConnection duplicated request: connect=false, mConnectionState=DISCONNECTED
06-21 01:14:28.333   649   649 W IPCThreadState: Sending oneway calls to frozen process.
06-21 01:14:28.333   649   649 W IPCThreadState: Sending oneway calls to frozen process.
06-21 01:14:28.333   649   649 W IPCThreadState: Sending oneway calls to frozen process.
06-21 01:14:28.342   649   649 W IPCThreadState: Sending oneway calls to frozen process.
06-21 01:14:28.342   649   649 W IPCThreadState: Sending oneway calls to frozen process.
06-21 01:14:28.342   649   649 W IPCThreadState: Sending oneway calls to frozen process.
06-21 01:14:28.342   649   649 W IPCThreadState: Sending oneway calls to frozen process.
06-21 01:14:28.342   649   649 W IPCThreadState: Sending oneway calls to frozen process.
06-21 01:14:28.342   649   649 W IPCThreadState: Sending oneway calls to frozen process.
06-21 01:14:28.612   435  4615 I resolv  : GetAddrInfoHandler::run: {100 983140 100 983140 1073 1}
06-21 01:14:28.613   435  4616 I resolv  : res_nmkquery: (QUERY, IN, AAAA)
06-21 01:14:28.613   435  4617 I resolv  : res_nmkquery: (QUERY, IN, A)
06-21 01:14:28.613   435  4617 I resolv  : resolv_cache_lookup: FOUND IN CACHE entry=0xb400007881824490
06-21 01:14:28.613   435  4617 I resolv  : doQuery: rcode=0, ancount=4, return value=101
06-21 01:14:28.619   435  4616 I resolv  : res_nsend: used send_dg 149 terrno: 0
06-21 01:14:28.619   435  4616 I resolv  : doQuery: rcode=0, ancount=4, return value=149
06-21 01:14:29.109  1218  1226 I IPCThreadState: oneway function results for code 1 on binder at 0xb400007507e1db70 will be dropped but finished with status UNKNOWN_TRANSACTION and reply parcel size 80
06-21 01:14:29.246  4621  4621 W screencap: Thread Pool max thread count is 0. Cannot cache binder as linkToDeath cannot be implemented. serviceName: SurfaceFlingerAIDL
06-21 01:14:29.247  4621  4621 W BpBinder: Linking to death on android.gui.ISurfaceComposer but there are no threads (yet?) listening to incoming transactions. See ProcessState::startThreadPool and ProcessState::setThreadPoolMaxThreadCount. Generally you should setup the binder threadpool before other initialization steps.
06-21 01:14:29.247  4621  4621 W ProcessState: Extra binder thread started, but 0 threads requested. Do not use *startThreadPool when zero threads are requested.
06-21 01:14:29.250   501   544 E HwcComposer: getLuts failed Status(-8, EX_SERVICE_SPECIFIC): '8: '
06-21 01:14:29.250   501   544 E HWComposer: getLuts: getLuts failed for display 4619827259835644672: UNSUPPORTED (8)
06-21 01:14:29.259   202   202 I servicemanager: Caller(pid=4621,uid=2000,sid=u:r:shell:s0) Found android.hardware.graphics.allocator.IAllocator/default in device VINTF manifest.
06-21 01:14:29.259   202   202 I servicemanager: Caller(pid=4621,uid=2000,sid=u:r:shell:s0) Found android.hardware.graphics.allocator.IAllocator/default in device VINTF manifest.
06-21 01:14:29.260   202   202 I servicemanager: Caller(pid=4621,uid=2000,sid=u:r:shell:s0) Found mapper/ranchu in device VINTF manifest.
06-21 01:14:29.288   649  1710 W BestClock: java.time.DateTimeException: No network time available
06-21 01:14:29.288   649  1710 W BestClock: java.time.DateTimeException: No network time available
06-21 01:14:29.288   649  1710 W BestClock: java.time.DateTimeException: No network time available
06-21 01:14:29.305  1452  1452 I StylusModule: StylusModule.onUpdateToolType():801 Update tool type = 0
06-21 01:14:29.317   649   672 D AutofillManagerService: onBackKeyPressed()
06-21 01:14:29.320   888   972 V WindowManagerShell: Transition requested (#11): android.os.BinderProxy@2ff0e1e TransitionRequestInfo { type = CLOSE, triggerTask = TaskInfo{userId=0 taskId=11 effectiveUid=10213 displayId=0 isRunning=false baseIntent=Intent { flg=0x10000000 cmp=com.mobilecode.app/.MainActivity } baseActivity=null topActivity=null origActivity=null realActivity=ComponentInfo{com.mobilecode.app/com.mobilecode.app.MainActivity} numActivities=0 lastActiveTime=422892 supportsMultiWindow=true resizeMode=1 isResizeable=true minWidth=-1 minHeight=-1 defaultMinSize=220 token=WCT{android.window.IWindowContainerToken$Stub$Proxy@61a56ff} topActivityType=1 pictureInPictureParams=null shouldDockBigOverlays=false launchIntoPipHostTaskId=-1 lastParentTaskIdBeforePip=-1 displayCutoutSafeInsets=Rect(0, 0 - 0, 0) topActivityInfo=null launchCookies=[] positionInParent=Point(0, 0) parentTaskId=-1 isFocused=true isVisible=true isVisibleRequested=true isTopActivityNoDisplay=false isSleeping=false locusId=null displayAreaFeatureId=1 isTopActivityTransparent=false isActivityStackTransparent=true lastNonFullscreenBounds=Rect(142, 280 - 579, 1000) capturedLink=null capturedLinkTimestamp=0 requestedVisibleTypes=-9 topActivityRequestOpenInBrowserEducationTimestamp=0 appCompatTaskInfo=AppCompatTaskInfo { topActivityInSizeCompat=false eligibleForLetterboxEducation= false isLetterboxEducationEnabled= false isLetterboxDoubleTapEnabled= false eligibleForUserAspectRatioButton= false topActivityBoundsLetterboxed= false isFromLetterboxDoubleTap= false topActivityLetterboxVerticalPosition= -1 topActivityLetterboxHorizontalPosition= -1 topActivityLetterboxWidth=-1 topActivityLetterboxHeight=-1 topActivityAppBounds=Rect(0, 0 - 0, 0) isUserFullscreenOverrideEnabled=false isSystemFullscreenOverrideEnabled=false hasMinAspectRatioOverride=false topActivityLetterboxBounds=null cameraCompatTaskInfo=CameraCompatTaskInfo { freeformCameraCompatMode=undefined}} topActivityMainWindowFrame=null}, pipChange = null, remoteTransition = null, displayChange = null, flags = 0, debugId = 11 }
06-21 01:14:29.325   649   843 D BackgroundInstallControlService: Package event received: 0
06-21 01:14:29.325   501   544 I BpBinder: onLastStrongRef automatically unlinking death recipients:
06-21 01:14:29.325   649   843 D BackgroundInstallControlService: Package event received: 0
06-21 01:14:29.325   649   843 D BackgroundInstallControlService: Package event received: 0
06-21 01:14:29.326  1031  1031 D ViewRootImpl: Skipping stats log for color mode
06-21 01:14:29.326   649  1710 I AppWidgetServiceImpl: startListening() 0
06-21 01:14:29.328   649   674 W IPCThreadState: Sending oneway calls to frozen process.
06-21 01:14:29.328   649   674 W IPCThreadState: Sending oneway calls to frozen process.
06-21 01:14:29.328   649   674 W IPCThreadState: Sending oneway calls to frozen process.
06-21 01:14:29.328   649   674 W IPCThreadState: Sending oneway calls to frozen process.
06-21 01:14:29.328   649   674 W IPCThreadState: Sending oneway calls to frozen process.
06-21 01:14:29.328   649   674 W IPCThreadState: Sending oneway calls to frozen process.
06-21 01:14:29.328   649   674 W IPCThreadState: Sending oneway calls to frozen process.
06-21 01:14:29.328   649   674 W IPCThreadState: Sending oneway calls to frozen process.
06-21 01:14:29.328   649   674 W IPCThreadState: Sending oneway calls to frozen process.
06-21 01:14:29.329   649   674 W IPCThreadState: Sending oneway calls to frozen process.
06-21 01:14:29.329   649   674 W IPCThreadState: Sending oneway calls to frozen process.
06-21 01:14:29.329   649   674 W IPCThreadState: Sending oneway calls to frozen process.
06-21 01:14:29.329   649   674 W IPCThreadState: Sending oneway calls to frozen process.
06-21 01:14:29.329   649   674 W IPCThreadState: Sending oneway calls to frozen process.
06-21 01:14:29.329   649   674 W IPCThreadState: Sending oneway calls to frozen process.
06-21 01:14:29.329   649   674 W IPCThreadState: Sending oneway calls to frozen process.
06-21 01:14:29.329   649   674 W IPCThreadState: Sending oneway calls to frozen process.
06-21 01:14:29.329   649   674 W IPCThreadState: Sending oneway calls to frozen process.
06-21 01:14:29.329   649   674 W IPCThreadState: Sending oneway calls to frozen process.
06-21 01:14:29.329   649   674 W IPCThreadState: Sending oneway calls to frozen process.
06-21 01:14:29.329   649   674 W IPCThreadState: Sending oneway calls to frozen process.
06-21 01:14:29.329   649   674 W IPCThreadState: Sending oneway calls to frozen process.
06-21 01:14:29.329   649   674 W IPCThreadState: Sending oneway calls to frozen process.
06-21 01:14:29.329   649   674 W IPCThreadState: Sending oneway calls to frozen process.
06-21 01:14:29.329   649   674 W IPCThreadState: Sending oneway calls to frozen process.
06-21 01:14:29.329   649   674 W IPCThreadState: Sending oneway calls to frozen process.
06-21 01:14:29.329   649   674 W IPCThreadState: Sending oneway calls to frozen process.
06-21 01:14:29.329   649   674 W IPCThreadState: Sending oneway calls to frozen process.
06-21 01:14:29.330   649   674 W IPCThreadState: Sending oneway calls to frozen process.
06-21 01:14:29.330   649   674 W IPCThreadState: Sending oneway calls to frozen process.
06-21 01:14:29.330   649   674 W IPCThreadState: Sending oneway calls to frozen process.
06-21 01:14:29.330  1031  1031 D StatsLog: LAUNCHER_ONRESUME
06-21 01:14:29.332   888   972 D WindowManagerShell: setLauncherKeepClearAreaHeight: visible=true, height=350
06-21 01:14:29.333   501   501 I BpBinder: onLastStrongRef automatically unlinking death recipients:
06-21 01:14:29.333  1031  1031 D NexusLauncherModelDelegate: notifySmartspaceEvent: SmartspaceTargetEvent{mSmartspaceTarget=null, mSmartspaceActionId='null', mEventType=6}
06-21 01:14:29.341  1031  1031 D BaseDepthController: setSurface:
06-21 01:14:29.341  1031  1031 D BaseDepthController: 	mWaitingOnSurfaceValidity: false
06-21 01:14:29.341  1031  1031 D BaseDepthController: 	mBaseSurface: Surface(name=com.google.android.apps.nexuslauncher/com.google.android.apps.nexuslauncher.NexusLauncherActivity)/@0x9610a32
06-21 01:14:29.344  1031  1079 D QuickstepModelDelegate: notifyAppTargetEvent action=1 launchLocation=workspace/0/[-1,-1]/[1,1]
06-21 01:14:29.347  1542  1716 I AiAiEcho: Predicting[0]:  [CONTEXT sampling_count=5 ]
06-21 01:14:29.347  1542  1716 I AiAiEcho: EchoTargets:
06-21 01:14:29.347  1542  1716 I AiAiEcho: Filtered by AiAi flag check:
06-21 01:14:29.347  1542  1716 I AiAiEcho: [CONTEXT ratelimit_period="10 SECONDS" ]
06-21 01:14:29.347  1542  1716 I AiAiEcho: #remoteViewsTwiddler: feature disabled.
06-21 01:14:29.348  1542  1716 I AiAiEcho: #postPredictionTargets: Sending updates to UISurface home with targets# 0 (types=[])
06-21 01:14:29.351  1031  1031 D SsBaseTemplateCard: No text view can be set up
06-21 01:14:29.351  1031  1031 D SsBaseTemplateCard: Passed-in item info is null
06-21 01:14:29.351  1031  1031 D SsBaseTemplateCard: Passed-in item info is null
06-21 01:14:29.351  1031  1031 D SsBaseTemplateCard: Passed-in item info is null
06-21 01:14:29.351  1031  1031 I SsBaseTemplateCard: Secondary card pane is null
06-21 01:14:29.352   888  1433 V WindowManagerShell: onTransitionReady(transaction=2787433775923)
06-21 01:14:29.353   435   507 I netd    : tetherGetStats() -> {[]} <3.94ms>
06-21 01:14:29.355   888   972 V WindowManagerShell: onTransitionReady (#11) android.os.BinderProxy@2ff0e1e: {id=11 t=CLOSE f=0x0 trk=0 r=[0@Point(0, 0)] c=[
06-21 01:14:29.355   888   972 V WindowManagerShell:         {m=TO_FRONT f=SHOW_WALLPAPER|MOVE_TO_TOP leash=Surface(name=Task=1)/@0x7f2eccc sb=Rect(0, 0 - 720, 1280) eb=Rect(0, 0 - 720, 1280) epz=Point(720, 1280) d=0 taskParent=-1},
06-21 01:14:29.355   888   972 V WindowManagerShell:         {m=CLOSE f=NONE leash=Surface(name=Task=11)/@0x85d2b15 sb=Rect(0, 0 - 720, 1280) eb=Rect(0, 0 - 720, 1280) epz=Point(720, 1280) d=0 taskParent=-1},
06-21 01:14:29.355   888   972 V WindowManagerShell:         {m=TO_FRONT f=IS_WALLPAPER leash=Surface(name=WallpaperWindowToken{4f26f44 showWhenLocked=false})/@0xa09ee2a sb=Rect(0, 0 - 720, 1280) eb=Rect(0, 0 - 720, 1280) epz=Point(720, 1280) d=0}
06-21 01:14:29.355   888   972 V WindowManagerShell:     ]}
06-21 01:14:29.355   888   972 V WindowManagerShell: Playing animation for (#11) android.os.BinderProxy@2ff0e1e@0
06-21 01:14:29.355   888   972 V ShellRecents: RecentsTransitionHandler.startAnimation: no controller found
06-21 01:14:29.355   888   972 V WindowManagerShell: Transition doesn't have explicit remote, search filters for match for {id=11 t=CLOSE f=0x0 trk=0 r=[0@Point(0, 0)] c=[{m=TO_FRONT f=SHOW_WALLPAPER|MOVE_TO_TOP leash=Surface(name=Task=1)/@0x7f2eccc sb=Rect(0, 0 - 720, 1280) eb=Rect(0, 0 - 720, 1280) epz=Point(720, 1280) d=0 taskParent=-1},{m=CLOSE f=NONE leash=Surface(name=Task=11)/@0x85d2b15 sb=Rect(0, 0 - 720, 1280) eb=Rect(0, 0 - 720, 1280) epz=Point(720, 1280) d=0 taskParent=-1},{m=TO_FRONT f=IS_WALLPAPER leash=Surface(name=WallpaperWindowToken{4f26f44 showWhenLocked=false})/@0xa09ee2a sb=Rect(0, 0 - 720, 1280) eb=Rect(0, 0 - 720, 1280) epz=Point(720, 1280) d=0}]}
06-21 01:14:29.355   888   972 V WindowManagerShell:  Checking filter Pair{{types=[] flags=0x0] notFlags=0x0 checks=[{atype=undefined independent=true modes=[CLOSE,TO_BACK] flags=IN_TASK_WITH_EMBEDDED_ACTIVITY mustBeTask=false order=ANY topActivity=null launchCookie=null taskFragmentToken=android.os.BinderProxy@334269b windowingMode=undefined}]} RemoteTransition { remoteTransition = android.window.IRemoteTransition$Stub$Proxy@7d9da38, appThread = android.app.IApplicationThread$Stub$Proxy@78f2a11, debugName = overlayBackTransition }}
06-21 01:14:29.355   888   972 V WindowManagerShell:  Checking filter Pair{{types=[] flags=0x0] notFlags=0x0 checks=[{atype=dream independent=true modes=[OPEN,TO_FRONT] flags=NONE mustBeTask=false order=ANY topActivity=null launchCookie=null windowingMode=undefined},{atype=home independent=true modes=[CLOSE,TO_BACK] flags=NONE mustBeTask=false order=ANY topActivity=null launchCookie=null windowingMode=undefined}]} RemoteTransition { remoteTransition = android.window.IRemoteTransition$Stub$Proxy@ec4776, appThread = android.app.IApplicationThread$Stub$Proxy@da49177, debugName = LauncherToDream }}
06-21 01:14:29.355   888   972 V WindowManagerShell:  Checking filter Pair{{types=[] flags=0x0] notFlags=0x100 checks=[{atype=home independent=true modes=[OPEN,TO_FRONT] flags=NONE mustBeTask=false order=TOP topActivity=ComponentInfo{com.google.android.apps.nexuslauncher/com.google.android.apps.nexuslauncher.NexusLauncherActivity} launchCookie=null windowingMode=undefined},{atype=standard independent=true modes=[CLOSE,TO_BACK] flags=NONE mustBeTask=false order=ANY topActivity=null launchCookie=null windowingMode=undefined},{NOT atype=undefined independent=true modes=[] flags=NONE mustBeTask=true order=ANY topActivity=null launchCookie=null customAnim=true windowingMode=undefined}]} RemoteTransition { remoteTransition = android.window.IRemoteTransition$Stub$Proxy@c6e61e4, appThread = android.app.IApplicationThread$Stub$Proxy@72b564d, debugName = QuickstepLaunchHome }}
06-21 01:14:29.355   888   972 D RemoteTransitionHandler: Found filterPair{{types=[] flags=0x0] notFlags=0x100 checks=[{atype=home independent=true modes=[OPEN,TO_FRONT] flags=NONE mustBeTask=false order=TOP topActivity=ComponentInfo{com.google.android.apps.nexuslauncher/com.google.android.apps.nexuslauncher.NexusLauncherActivity} launchCookie=null windowingMode=undefined},{atype=standard independent=true modes=[CLOSE,TO_BACK] flags=NONE mustBeTask=false order=ANY topActivity=null launchCookie=null windowingMode=undefined},{NOT atype=undefined independent=true modes=[] flags=NONE mustBeTask=true order=ANY topActivity=null launchCookie=null customAnim=true windowingMode=undefined}]} RemoteTransition { remoteTransition = android.window.IRemoteTransition$Stub$Proxy@c6e61e4, appThread = android.app.IApplicationThread$Stub$Proxy@72b564d, debugName = QuickstepLaunchHome }}
06-21 01:14:29.355   888   972 V WindowManagerShell:  Delegate animation for (#11) to RemoteTransition { remoteTransition = android.window.IRemoteTransition$Stub$Proxy@c6e61e4, appThread = android.app.IApplicationThread$Stub$Proxy@72b564d, debugName = QuickstepLaunchHome }
06-21 01:14:29.361  1031  1031 D StateManager: createAtomicAnimation - fromState: Background, toState: Normal, partial trace:
06-21 01:14:29.361  1031  1031 D StateManager: 	at com.android.quickstep.util.WorkspaceRevealAnim.prepareToAnimate(go/retraceme 43e00d9cd0eb17b3d9dd30fc1741b1c71445c4c0f7c8c9b81300265c86c5b873:22)
06-21 01:14:29.361  1031  1031 D StateManager: 	at com.android.quickstep.util.WorkspaceRevealAnim.<init>(go/retraceme 43e00d9cd0eb17b3d9dd30fc1741b1c71445c4c0f7c8c9b81300265c86c5b873:11)
06-21 01:14:29.361  1031  1031 D StateManager: 	at com.android.launcher3.QuickstepTransitionManager.createWallpaperOpenAnimations(go/retraceme 43e00d9cd0eb17b3d9dd30fc1741b1c71445c4c0f7c8c9b81300265c86c5b873:339)
06-21 01:14:29.361  1031  1031 D b/311077782: LauncherAnimationRunner.setAnimation
06-21 01:14:29.362   649   671 V WindowManager: Sent Transition (#11) createdAt=06-21 01:14:29.319 via request=TransitionRequestInfo { type = CLOSE, triggerTask = TaskInfo{userId=0 taskId=11 effectiveUid=10213 displayId=0 isRunning=false baseIntent=Intent { flg=0x10000000 cmp=com.mobilecode.app/.MainActivity } baseActivity=null topActivity=null origActivity=null realActivity=ComponentInfo{com.mobilecode.app/com.mobilecode.app.MainActivity} numActivities=0 lastActiveTime=422892 supportsMultiWindow=true resizeMode=1 isResizeable=true minWidth=-1 minHeight=-1 defaultMinSize=220 token=WCT{RemoteToken{784f3d5 Task{f09a2fb #11 type=standard A=10213:com.mobilecode.app}}} topActivityType=1 pictureInPictureParams=null shouldDockBigOverlays=false launchIntoPipHostTaskId=-1 lastParentTaskIdBeforePip=-1 displayCutoutSafeInsets=Rect(0, 0 - 0, 0) topActivityInfo=null launchCookies=[] positionInParent=Point(0, 0) parentTaskId=-1 isFocused=true isVisible=true isVisibleRequested=true isTopActivityNoDisplay=false isSleeping=false locusId=null displayAreaFeatureId=1 isTopActivityTransparent=false isActivityStackTransparent=true lastNonFullscreenBounds=Rect(142, 280 - 579, 1000) capturedLink=null capturedLinkTimestamp=0 requestedVisibleTypes=-9 topActivityRequestOpenInBrowserEducationTimestamp=0 appCompatTaskInfo=AppCompatTaskInfo { topActivityInSizeCompat=false eligibleForLetterboxEducation= false isLetterboxEducationEnabled= false isLetterboxDoubleTapEnabled= false eligibleForUserAspectRatioButton= false topActivityBoundsLetterboxed= false isFromLetterboxDoubleTap= false topActivityLetterboxVerticalPosition= -1 topActivityLetterboxHorizontalPosition= -1 topActivityLetterboxWidth=-1 topActivityLetterboxHeight=-1 topActivityAppBounds=Rect(0, 0 - 0, 0) isUserFullscreenOverrideEnabled=false isSystemFullscreenOverrideEnabled=false hasMinAspectRatioOverride=false topActivityLetterboxBounds=null cameraCompatTaskInfo=CameraCompatTaskInfo { freeformCameraCompatMode=undefined}} topActivityMainWindowFrame=null}, pipChange = null, remoteTransition = null, displayChange = null, flags = 0, debugId = 11 }
06-21 01:14:29.362   649   671 V WindowManager:     startWCT=WindowContainerTransaction { changes= {} hops= [] errorCallbackToken=null taskFragmentOrganizer=null }
06-21 01:14:29.362   649   671 V WindowManager:     info={id=11 t=CLOSE f=0x0 trk=0 r=[0@Point(0, 0)] c=[
06-21 01:14:29.362   649   671 V WindowManager:         {WCT{RemoteToken{b015e90 Task{7cf2213 #1 type=home}}} m=TO_FRONT f=SHOW_WALLPAPER|MOVE_TO_TOP leash=Surface(name=Task=1)/@0xd8ed5db sb=Rect(0, 0 - 720, 1280) eb=Rect(0, 0 - 720, 1280) epz=Point(720, 1280) d=0 taskParent=-1},
06-21 01:14:29.362   649   671 V WindowManager:         {WCT{RemoteToken{784f3d5 Task{f09a2fb #11 type=standard A=10213:com.mobilecode.app}}} m=CLOSE f=NONE leash=Surface(name=Task=11)/@0xb36e263 sb=Rect(0, 0 - 720, 1280) eb=Rect(0, 0 - 720, 1280) epz=Point(720, 1280) d=0 taskParent=-1},
06-21 01:14:29.362   649   671 V WindowManager:         {m=TO_FRONT f=IS_WALLPAPER leash=Surface(name=WallpaperWindowToken{4f26f44 showWhenLocked=false})/@0x9650eea sb=Rect(0, 0 - 720, 1280) eb=Rect(0, 0 - 720, 1280) epz=Point(720, 1280) d=0}
06-21 01:14:29.362   649   671 V WindowManager:     ]}
06-21 01:14:29.363   888   972 V WindowManagerShell:  animated by com.android.wm.shell.transition.RemoteTransitionHandler@fb65fef
06-21 01:14:29.377   649   762 I ImeTracker: com.google.android.apps.nexuslauncher:449a422c: onRequestHide at ORIGIN_SERVER reason HIDE_UNSPECIFIED_WINDOW fromUser false
06-21 01:14:29.377  1031  1031 D InsetsController: hide(ime(), fromIme=false)
06-21 01:14:29.377  1031  1031 I ImeTracker: com.google.android.apps.nexuslauncher:449a422c: onCancelled at PHASE_CLIENT_ALREADY_HIDDEN
06-21 01:14:29.382  1452  1452 I GoogleInputMethodService: GoogleInputMethodService.onFinishInput():2043
06-21 01:14:29.394   649   728 I ImeTracker: system_server:4756b6bd: onRequestHide at ORIGIN_SERVER reason IME_REQUESTED_CHANGED_LISTENER fromUser false
06-21 01:14:29.394  1452  1452 I Module  : DeviceLockedStatusModuleProvider$Module.updateDeviceLockedStatus():100 repeatCheckTimes = 0, locked = false
06-21 01:14:29.395  1452  1452 I GoogleInputMethodService: GoogleInputMethodService.onStartInput():1293 onStartInput(EditorInfo{EditorInfo{packageName=com.google.android.apps.nexuslauncher, inputType=0, inputTypeString=NULL, enableLearning=false, autoCorrection=false, autoComplete=false, imeOptions=0, privateImeOptions=null, actionName=UNSPECIFIED, actionLabel=null, initialSelStart=-1, initialSelEnd=-1, initialCapsMode=0, label=null, fieldId=0, fieldName=null, extras=null, hintText=null, hintLocales=[]}}, false)
06-21 01:14:29.402  1452  1452 I Module  : DeviceLockedStatusModuleProvider$Module.updateDeviceLockedStatus():100 repeatCheckTimes = 1, locked = false
06-21 01:14:29.402  1452  1452 I EmojiCompatManager: EmojiCompatManager.getEmojiCompatIfLoaded():338 EmojiCompat is not loaded.
06-21 01:14:29.402   649   674 I ImeTracker: system_server:4756b6bd: onCancelled at PHASE_SERVER_SHOULD_HIDE
06-21 01:14:29.403   649   728 W PackageConfigPersister: App-specific configuration not found for packageName: com.google.android.apps.nexuslauncher and userId: 0
06-21 01:14:29.706  1031  1031 D WorkspaceRevealAnim: onAnimationEnd: workspace alpha = 1.0
06-21 01:14:29.707   888   972 V WindowManagerShell: Transition animation finished (aborted=false), notifying core (#11) android.os.BinderProxy@2ff0e1e@0
06-21 01:14:29.708   649   671 V WindowManager: Finish Transition (#11): created at 06-21 01:14:29.319 collect-started=0.018ms request-sent=0.09ms started=1.436ms ready=10.99ms sent=32.417ms commit=23.799ms finished=388.177ms
06-21 01:14:29.709  4205  4205 D VRI[MainActivity]: visibilityChanged oldVisibility=true newVisibility=false
06-21 01:14:29.709   888   972 V WindowManagerShell: Track 0 became idle
06-21 01:14:29.709   888   972 V WindowManagerShell: All active transition animations finished
06-21 01:14:29.727  4205  4205 I AutofillManager: onInvisibleForAutofill(): expiringResponse
06-21 01:14:29.728  4205  4205 D AutofillManager: onActivityFinishing(): calling cancelLocked()
06-21 01:14:29.728  4205  4205 W WindowOnBackDispatcher: sendCancelIfRunning: isInProgress=false callback=android.app.Activity$$ExternalSyntheticLambda0@2801706
06-21 01:14:29.731   649   958 D CoreBackPreview: Window{dd9bf37 u0 com.mobilecode.app/com.mobilecode.app.MainActivity}: Setting back callback null
06-21 01:14:29.749  4205  4205 D ViewRootImpl: Skipping stats log for color mode
06-21 01:14:29.754   649   843 D BackgroundInstallControlService: Package event received: 0
06-21 01:14:29.757  1031  1031 D RecentsView: onTaskRemoved: 11, not handling task stack changes
06-21 01:14:29.757  1031  1031 D RecentsView: onTaskRemoved: 11, not handling task stack changes
06-21 01:14:29.772  1031  1031 W FrameTracker: Missed App frame:UNKNOWN: 3, 35805, 28493633, CUJ=J<LAUNCHER_APP_CLOSE_TO_HOME_FALLBACK>
06-21 01:14:29.772  1031  1031 W FrameTracker: Missed SF frame:UNKNOWN: 3, 35805, 28493633, CUJ=J<LAUNCHER_APP_CLOSE_TO_HOME_FALLBACK>
06-21 01:14:29.773  1031  1031 W FrameTracker: Missed SF frame:JANK_COMPOSER, 35827, 30997508, CUJ=J<LAUNCHER_APP_CLOSE_TO_HOME_FALLBACK>
06-21 01:14:29.773  1031  1031 W FrameTracker: Missed SF frame:JANK_COMPOSER, 35842, 30605301, CUJ=J<LAUNCHER_APP_CLOSE_TO_HOME_FALLBACK>
06-21 01:14:29.773  1031  1031 W FrameTracker: Missed App frame:JANK_APPLICATION, 35901, 34023594, CUJ=J<LAUNCHER_APP_CLOSE_TO_HOME_FALLBACK>
06-21 01:14:29.773  1031  1031 W FrameTracker: Missed App frame:UNKNOWN: 3, 35916, 35275220, CUJ=J<LAUNCHER_APP_CLOSE_TO_HOME_FALLBACK>
06-21 01:14:29.773  1031  1031 W FrameTracker: Missed SF frame:UNKNOWN: 3, 35916, 35275220, CUJ=J<LAUNCHER_APP_CLOSE_TO_HOME_FALLBACK>
06-21 01:14:29.773  1031  1031 W FrameTracker: Missed SF frame:JANK_COMPOSER, 35931, 62015054, CUJ=J<LAUNCHER_APP_CLOSE_TO_HOME_FALLBACK>
06-21 01:14:29.773  1031  1031 W FrameTracker: Missed SF frame:JANK_COMPOSER, 35939, 57710471, CUJ=J<LAUNCHER_APP_CLOSE_TO_HOME_FALLBACK>
06-21 01:14:29.773  1031  1031 W FrameTracker: Missed SF frame:JANK_COMPOSER, 35954, 57593347, CUJ=J<LAUNCHER_APP_CLOSE_TO_HOME_FALLBACK>
06-21 01:14:29.773  1031  1031 W FrameTracker: Missed SF frame:JANK_COMPOSER, 35963, 40937140, CUJ=J<LAUNCHER_APP_CLOSE_TO_HOME_FALLBACK>
06-21 01:14:29.773  1031  1031 W FrameTracker: Missed SF frame:JANK_COMPOSER, 35971, 41170433, CUJ=J<LAUNCHER_APP_CLOSE_TO_HOME_FALLBACK>
06-21 01:14:29.773  1031  1031 W FrameTracker: Missed SF frame:JANK_COMPOSER, 35979, 42230225, CUJ=J<LAUNCHER_APP_CLOSE_TO_HOME_FALLBACK>
06-21 01:14:29.773  1031  1031 W FrameTracker: Missed SF frame:JANK_COMPOSER, 35987, 42227851, CUJ=J<LAUNCHER_APP_CLOSE_TO_HOME_FALLBACK>
06-21 01:14:29.773  1031  1031 W FrameTracker: Missed SF frame:JANK_COMPOSER, 35996, 25138435, CUJ=J<LAUNCHER_APP_CLOSE_TO_HOME_FALLBACK>
06-21 01:14:29.773  1031  1031 W FrameTracker: Missed SF frame:JANK_COMPOSER, 36004, 25898478, CUJ=J<LAUNCHER_APP_CLOSE_TO_HOME_FALLBACK>
06-21 01:14:29.773  1031  1031 W FrameTracker: Missed SF frame:JANK_COMPOSER, 36012, 25416103, CUJ=J<LAUNCHER_APP_CLOSE_TO_HOME_FALLBACK>
06-21 01:14:29.773  1031  1031 W FrameTracker: Missed SF frame:JANK_COMPOSER, 36020, 33430354, CUJ=J<LAUNCHER_APP_CLOSE_TO_HOME_FALLBACK>
06-21 01:14:29.773  1031  1068 V PerfettoTrigger: Not triggering com.android.telemetry.interaction-jank-monitor-78 - not enough time since last trigger
06-21 01:14:30.227   649   649 W AccessibilityManagerService:  wait for adding window timeout: 23
06-21 01:14:30.291   649  1710 W BestClock: java.time.DateTimeException: No network time available
06-21 01:14:30.292   649  1710 W BestClock: java.time.DateTimeException: No network time available
06-21 01:14:30.293   649  1710 W BestClock: java.time.DateTimeException: No network time available
06-21 01:14:30.380  4630  4630 W dumpsys : Thread Pool max thread count is 0. Cannot cache binder as linkToDeath cannot be implemented. serviceName: window
06-21 01:14:30.386   649  1710 I system_server: AssetManager2(0xb400007427e3b9f8) locale list changing from [] to [en-US]
06-21 01:14:30.390   649  1710 I system_server: AssetManager2(0xb400007427e39ab8) locale list changing from [] to [en-US]
06-21 01:14:30.392   649  1710 I system_server: AssetManager2(0xb400007427e3b098) locale list changing from [] to [en-US]
06-21 01:14:30.395   649  1710 I system_server: AssetManager2(0xb400007427e3ef18) locale list changing from [] to [en-US]
06-21 01:14:30.398   649  1710 I system_server: AssetManager2(0xb400007427e3fb98) locale list changing from [] to [en-US]
06-21 01:14:30.402   649  1710 I system_server: AssetManager2(0xb400007427e42438) locale list changing from [] to [en-US]
06-21 01:14:30.429   649   672 W ActivityTaskManager: callingPackage for (uid=-1, pid=0) has no WPC
06-21 01:14:30.429   649   672 W ActivityStartInterceptor: Starting home with component specified, uid=0
06-21 01:14:30.430   649   672 W OptProp : Cannot read opt property android.window.PROPERTY_COMPAT_ALLOW_USER_ASPECT_RATIO_OVERRIDE
06-21 01:14:30.430   649   672 W OptProp : Cannot read opt property android.window.PROPERTY_COMPAT_ALLOW_USER_ASPECT_RATIO_FULLSCREEN_OVERRIDE
06-21 01:14:30.430   649   672 W OptProp : Cannot read opt property android.window.PROPERTY_COMPAT_ALLOW_RESIZEABLE_ACTIVITY_OVERRIDES
06-21 01:14:30.430   649   672 W OptProp : Cannot read opt property android.window.PROPERTY_COMPAT_ALLOW_MIN_ASPECT_RATIO_OVERRIDE
06-21 01:14:30.430   649   672 V GrammaticalInflectionUtils: AttributionSource: AttributionSource { uid = 10185, packageName = null, attributionTag = null, token = android.os.Binder@765e422, deviceId = 0, next = null } does not have READ_SYSTEM_GRAMMATICAL_GENDER permission.
06-21 01:14:30.431   649   671 D AutofillManagerService: Close system dialogs
06-21 01:14:30.431   649   672 I ActivityTaskManager: START u0 {act=android.intent.action.MAIN cat=[android.intent.category.HOME] flg=0x10000100 cmp=com.google.android.apps.nexuslauncher/.NexusLauncherActivity (has extras)} with LAUNCH_SINGLE_TASK from uid 0 (BAL_ALLOW_ALLOWLISTED_UID) result code=3
06-21 01:14:30.431   888  3843 D KeyguardService: setOccluded(false)
06-21 01:14:30.431   888  3843 D KeyguardViewMediator: setOccluded(false)
06-21 01:14:30.431   649   792 V WifiDialogManager: Received action: android.intent.action.CLOSE_SYSTEM_DIALOGS
06-21 01:14:30.431   649   792 V WifiDialogManager: ACTION_CLOSE_SYSTEM_DIALOGS received, cancelling all legacy dialogs.
06-21 01:14:30.431  1031  1031 W SplitSelectStateCtor: Missing session instanceIds
06-21 01:14:30.431  1031  1031 D StatsLog: LAUNCHER_SPLIT_SELECTION_EXIT_INTERRUPTED
06-21 01:14:30.432   888   888 I vol.VolumeDialogImpl: mDialog.dismiss() reason: volume_controller from: com.android.systemui.volume.VolumeDialogImpl$7.onDismissRequested:3
06-21 01:14:30.432   888   972 D WindowManagerShell: onActivityRestartAttempt: topActivity=ComponentInfo{com.google.android.apps.nexuslauncher/com.google.android.apps.nexuslauncher.NexusLauncherActivity}, wasVisible=true
06-21 01:14:30.432  1031  1031 D TFOManager: playPanelCloseAnimation() duration=200 traceTag=LauncherOverlay-hide isHomeButtonTap=true
06-21 01:14:30.432  1031  1031 D TFOManager: Skipped creating panel close animation because -1 is invisible.
06-21 01:14:30.432  1031  1031 D OverviewCommandHelper: clearing pending commands: []
06-21 01:14:30.432  1031  1031 D StatsLog: LAUNCHER_ONRESUME
06-21 01:14:30.433   888   888 D KeyguardViewMediator: handleSetOccluded(false)
06-21 01:14:30.434   888   888 D KeyguardViewMediator: KeyguardViewMediator queue processing message: SET_OCCLUDED
06-21 01:14:30.434  1031  1079 D QuickstepModelDelegate: notifyAppTargetEvent action=1 launchLocation=workspace/0/[-1,-1]/[1,1]
06-21 01:14:30.434   501   753 I BpBinder: onLastStrongRef automatically unlinking death recipients:
06-21 01:14:30.436  1542  1716 I AiAiEcho: Predicting[0]:  [CONTEXT sampling_count=5 ]
06-21 01:14:30.436  1542  1716 I AiAiEcho: EchoTargets:
06-21 01:14:30.436  1542  1716 I AiAiEcho: Filtered by AiAi flag check:
06-21 01:14:30.436  1542  1716 I AiAiEcho: [CONTEXT ratelimit_period="10 SECONDS" ]
06-21 01:14:30.437  1542  1716 I AiAiEcho: #remoteViewsTwiddler: feature disabled.
06-21 01:14:30.437  1542  1716 I AiAiEcho: #postPredictionTargets: Sending updates to UISurface home with targets# 0 (types=[])
06-21 01:14:30.437  1031  1031 D SsBaseTemplateCard: No text view can be set up
06-21 01:14:30.437  1031  1031 D SsBaseTemplateCard: Passed-in item info is null
06-21 01:14:30.437  1031  1031 D SsBaseTemplateCard: Passed-in item info is null
06-21 01:14:30.437  1031  1031 D SsBaseTemplateCard: Passed-in item info is null
06-21 01:14:30.437  1031  1031 I SsBaseTemplateCard: Secondary card pane is null
06-21 01:14:31.296   649  1710 W BestClock: java.time.DateTimeException: No network time available
06-21 01:14:31.296   649  1710 W BestClock: java.time.DateTimeException: No network time available
06-21 01:14:31.297   649  1710 W BestClock: java.time.DateTimeException: No network time available
06-21 01:14:31.705  4638  4638 D AndroidRuntime: >>>>>> START com.android.internal.os.RuntimeInit uid 2000 <<<<<<
06-21 01:14:31.708  4638  4638 I AndroidRuntime: Using default boot image
06-21 01:14:31.708  4638  4638 I AndroidRuntime: Leaving lock profiling enabled
06-21 01:14:31.709  4638  4638 I app_process: Core platform API reporting enabled, enforcing=false
06-21 01:14:31.710  4638  4638 I app_process: Using CollectorTypeCMC GC.
06-21 01:14:31.765  4638  4638 D nativeloader: InitDefaultPublicLibraries for_preload=1: libandroid.so:libaaudio.so:libamidi.so:libbinder_ndk.so:libc.so:libcamera2ndk.so:libdl.so:libEGL.so:libGLESv1_CM.so:libGLESv2.so:libGLESv3.so:libicu.so:libicui18n.so:libicuuc.so:libjnigraphics.so:liblog.so:libmediandk.so:libm.so:libnativehelper.so:libnativewindow.so:libOpenMAXAL.so:libOpenSLES.so:libRS.so:libstdc++.so:libsync.so:libvulkan.so:libwebviewchromium_plat_support.so:libz.so
06-21 01:14:31.771  4638  4638 D nativeloader: Load libicu_jni.so using APEX ns com_android_art for caller /apex/com.android.art/javalib/core-oj.jar: ok
06-21 01:14:31.771  4638  4638 D app_process: u_setTimeZoneFilesDirectory("/apex/com.android.tzdata/etc/tz/versioned/9/icu") succeeded.
06-21 01:14:31.771  4638  4638 D app_process: I18n APEX ICU file found: /apex/com.android.i18n/etc/icu/icudt76l.dat
06-21 01:14:31.771  4638  4638 D nativeloader: Load libjavacore.so using APEX ns com_android_art for caller /apex/com.android.art/javalib/core-oj.jar: ok
06-21 01:14:31.771  4638  4638 D nativeloader: Load libopenjdk.so using APEX ns com_android_art for caller /apex/com.android.art/javalib/core-oj.jar: ok
06-21 01:14:31.772  4638  4638 W app_process: ClassLoaderContext shared library size mismatch. Expected=2, found=0 (PCL[]{PCL[/system/framework/android.test.base.jar*2789897741]#PCL[/system/framework/android.test.mock.jar*3361312393]} | PCL[])
06-21 01:14:31.773  4638  4638 W app_process: ClassLoaderContext classpath size mismatch. expected=0, found=1 (PCL[]{PCL[/system/framework/android.test.runner.jar*895143020]#PCL[/system/framework/android.test.base.jar*2789897741]} | PCL[/system/framework/android.test.runner.jar*895143020])
06-21 01:14:31.781  4638  4638 D nativeloader: Load libframework-connectivity-tiramisu-jni.so using APEX ns com_android_tethering for caller /apex/com.android.tethering/javalib/framework-connectivity-t.jar: ok
06-21 01:14:31.781  4638  4638 D AndroidRuntime: Calling main entry com.android.commands.uiautomator.Launcher
06-21 01:14:31.782  4638  4638 I AconfigPackage: android.media.swcodec.flags is mapped to com.android.media.swcodec
06-21 01:14:31.782  4638  4638 I AconfigPackage: com.google.android.settings.simplemode.flags is mapped to system_ext
06-21 01:14:31.782  4638  4638 I AconfigPackage: com.google.android.systemui is mapped to system_ext
06-21 01:14:31.782  4638  4638 I AconfigPackage: com.google.android.apps.nexuslauncher is mapped to system_ext
06-21 01:14:31.782  4638  4638 I AconfigPackage: com.android.settings.accessibility is mapped to system_ext
06-21 01:14:31.782  4638  4638 I AconfigPackage: com.android.settings.flags is mapped to system_ext
06-21 01:14:31.782  4638  4638 I AconfigPackage: com.google.android.apps.miphone.aiai.matchmaker.overview.ui is mapped to system_ext
06-21 01:14:31.782  4638  4638 I AconfigPackage: com.google.android.settings.flags is mapped to system_ext
06-21 01:14:31.782  4638  4638 I AconfigPackage: com.android.launcher3 is mapped to system_ext
06-21 01:14:31.782  4638  4638 I AconfigPackage: com.android.wallpaper is mapped to system_ext
06-21 01:14:31.782  4638  4638 I AconfigPackage: com.android.settings.media_drm is mapped to system_ext
06-21 01:14:31.782  4638  4638 I AconfigPackage: com.android.systemui.accessibility.accessibilitymenu is mapped to system_ext
06-21 01:14:31.782  4638  4638 I AconfigPackage: com.android.settings.keyboard is mapped to system_ext
06-21 01:14:31.782  4638  4638 I AconfigPackage: com.android.server.policy.feature.flags is mapped to system_ext
06-21 01:14:31.782  4638  4638 I AconfigPackage: com.android.settings.factory_reset is mapped to system_ext
06-21 01:14:31.782  4638  4638 I AconfigPackage: com.google.android.haptics.flags is mapped to system_ext
06-21 01:14:31.782  4638  4638 I AconfigPackage: com.android.permission.flags is mapped to com.android.permission
06-21 01:14:31.782  4638  4638 I AconfigPackage: com.android.icu is mapped to com.android.i18n
06-21 01:14:31.783  4638  4638 I AconfigPackage: com.android.appsearch.flags is mapped to com.android.appsearch
06-21 01:14:31.783  4638  4638 I AconfigPackage: android.uprobestats.mainline.flags is mapped to com.android.uprobestats
06-21 01:14:31.783  4638  4638 I AconfigPackage: android.provider.flags is mapped to com.android.configinfrastructure
06-21 01:14:31.783  4638  4638 I AconfigPackage: com.android.server.deviceconfig is mapped to com.android.configinfrastructure
06-21 01:14:31.783  4638  4638 I AconfigPackage: com.android.nfc.flags is mapped to system
06-21 01:14:31.783  4638  4638 I AconfigPackage: android.app.admin.flags is mapped to system
06-21 01:14:31.783  4638  4638 I AconfigPackage: android.database.sqlite is mapped to system
06-21 01:14:31.783  4638  4638 I AconfigPackage: com.android.providers.calendar is mapped to system
06-21 01:14:31.783  4638  4638 I AconfigPackage: com.android.server.power.feature.flags is mapped to system
06-21 01:14:31.783  4638  4638 I AconfigPackage: com.android.media.performance.flags is mapped to system
06-21 01:14:31.783  4638  4638 I AconfigPackage: android.app.contextualsearch.flags is mapped to system
06-21 01:14:31.783  4638  4638 I AconfigPackage: android.app.ondeviceintelligence.flags is mapped to system
06-21 01:14:31.783  4638  4638 I AconfigPackage: com.android.media.projection.flags is mapped to system
06-21 01:14:31.783  4638  4638 I AconfigPackage: android.companion is mapped to system
06-21 01:14:31.783  4638  4638 I AconfigPackage: android.service.controls.flags is mapped to system
06-21 01:14:31.783  4638  4638 I AconfigPackage: com.android.text.flags is mapped to system
06-21 01:14:31.783  4638  4638 I AconfigPackage: com.android.providers.contactkeys.flags is mapped to system
06-21 01:14:31.783  4638  4638 I AconfigPackage: com.android.intentresolver is mapped to system
06-21 01:14:31.783  4638  4638 I AconfigPackage: android.companion.virtualdevice.flags is mapped to system
06-21 01:14:31.783  4638  4638 I AconfigPackage: android.uprobestats.flags is mapped to system
06-21 01:14:31.783  4638  4638 I AconfigPackage: com.android.net.thread.platform.flags is mapped to system
06-21 01:14:31.783  4638  4638 I AconfigPackage: android.view.contentprotection.flags is mapped to system
06-21 01:14:31.783  4638  4638 I AconfigPackage: com.android.server.dreams is mapped to system
06-21 01:14:31.783  4638  4638 I AconfigPackage: com.android.graphics.surfaceflinger.flags is mapped to system
06-21 01:14:31.783  4638  4638 I AconfigPackage: com.android.hardware.input is mapped to system
06-21 01:14:31.783  4638  4638 I AconfigPackage: android.sdk is mapped to system
06-21 01:14:31.783  4638  4638 I AconfigPackage: com.android.input.flags is mapped to system
06-21 01:14:31.783  4638  4638 I AconfigPackage: android.tracing is mapped to system
06-21 01:14:31.783  4638  4638 I AconfigPackage: com.android.server.biometrics is mapped to system
06-21 01:14:31.783  4638  4638 I AconfigPackage: android.view.contentcapture.flags is mapped to system
