06-21 01:14:23.977  1524  1524 D BoundBrokerSvc: Loading bound service for intent: Intent { act=com.google.android.mdd.service.START dat=chimera-action:/... xflg=0x4 cmp=com.google.android.gms/.chimera.GmsBoundBrokerService }
06-21 01:14:23.978  1452  4518 I WM-WorkerWrapper: Worker result SUCCESS for Work [ id=129f742a-1262-41e5-bcb9-eb4f0fd99ddf, tags={ com.google.android.libraries.inputmethod.dailyping.DailyPingWorker,daily_ping_work } ]
06-21 01:14:23.978   649   843 D BackgroundInstallControlService: Package event received: 0
06-21 01:14:23.978  1452  1452 I KeyboardHeightUtil: KeyboardHeightUtil.calculateMaxKeyboardBodyHeight():46 leave 194 height for app when ime window height:1136, header height:88 and isFullscreenMode:false, so the max keyboard body height is:854
06-21 01:14:23.978  1452  1452 I KeyboardHeightUtil: KeyboardHeightUtil.calculateMaxKeyboardBodyHeight():46 leave 194 height for app when ime window height:1136, header height:88 and isFullscreenMode:false, so the max keyboard body height is:854
06-21 01:14:23.994  1452  4521 I SuperDelight: SuperDelightManager$2.onSuccess():635 bundled_delight sync success, adding to data file manager
06-21 01:14:23.994  1452  4521 I DataFileManager: DataFileManager.addDataWithoutNotify():185 adding data en-US bundled_delight
06-21 01:14:23.996  1452  4514 I MDDSuperpacks: MDDSuperpacks$3.onSuccess():558 packs [main_en_us_2024102000_2] got for superpack: bundled_delight
06-21 01:14:24.007  1452  4514 I MDDSuperpacks: MDDSuperpacks$3.onSuccess():558 packs [2b8bc459159046c494d928dec1c678ff] got for superpack: bundled_emoji
06-21 01:14:24.007  1452  4545 I MDDSuperpacks: MDDSuperpacks$3.onSuccess():558 getting packs for superpack: bundled_emoji
06-21 01:14:24.007  1452  4509 I MDDSuperpacks: MDDSuperpacks$2.onSuccess():274 Sync success for bundled_emoji with result: {old=[], new=[2b8bc459159046c494d928dec1c678ff], metadata=false, last batch=true}
06-21 01:14:24.008   649   728 W BestClock: java.time.DateTimeException: No network time available
06-21 01:14:24.008   649   728 W BestClock: java.time.DateTimeException: No network time available
06-21 01:14:24.008   649   728 W BestClock: java.time.DateTimeException: No network time available
06-21 01:14:24.008   649   728 W BestClock: java.time.DateTimeException: No network time available
06-21 01:14:24.009   649   728 D CompatChangeReporter: Compat change id reported: 311208629; UID 10163; state: ENABLED
06-21 01:14:24.009   649   728 W JobScheduler: Job didn't exist in JobStore: 9f9f3b4 {androidx.work.systemjobscheduler} #u0a163/27 @androidx.work.systemjobscheduler@com.google.android.inputmethod.latin/androidx.work.impl.background.systemjob.SystemJobService
06-21 01:14:24.025  1452  4549 I EmojiSuperpacksManager: EmojiSuperpacksManager.processPackSet():503 processPackSet() : isBundled = true
06-21 01:14:24.026  1452  1935 I EmojiSuperpacksManager: EmojiSuperpacksManager.triggerSync():382 triggerSync() : isBundled = false
06-21 01:14:24.026  1452  1935 I EmojiShortcutsLoader: EmojiShortcutsLoader.getEmojiShortcuts():135 Reading en_US emoji shortcuts
06-21 01:14:24.031  1452  4549 I DownloadManager: DownloadManager$4.onFailure():573 download for __SP_MANIFEST_emoji is cancelled
06-21 01:14:24.031  1452  4549 I DownloadManager: DownloadManager.downloadInternal():410 Previous download for __SP_MANIFEST_emoji is cancelled
06-21 01:14:24.031  1452  4549 I DownloadManager: DownloadManager.downloadInternal():412 Download for __SP_MANIFEST_emoji scheduled with params DownloadParams{allowMetered=true, requireCharging=false, foreground=false, immediately=true, priority=0}
06-21 01:14:24.031  1452  4549 I DownloadManager: DownloadManager.startDownload():495 start download of __SP_MANIFEST_emoji
06-21 01:14:24.031  1452  4549 E MDD     : LogUtil.e():151 DownloadListener: onFailure
06-21 01:14:24.031  1452  4549 E MDD     : java.util.concurrent.CancellationException: Task was cancelled.
06-21 01:14:24.031  1452  4549 E MDD     : 	at qcq.r(PG:33)
06-21 01:14:24.031  1452  4549 E MDD     : 	at qcq.get(PG:3)
06-21 01:14:24.031  1452  4549 E MDD     : 	at qeg.get(PG:1)
06-21 01:14:24.031  1452  4549 E MDD     : 	at a.k(PG:2)
06-21 01:14:24.031  1452  4549 E MDD     : 	at pqu.E(PG:10)
06-21 01:14:24.031  1452  4549 E MDD     : 	at qek.run(PG:88)
06-21 01:14:24.031  1452  4549 E MDD     : 	at qfj.run(PG:74)
06-21 01:14:24.031  1452  4549 E MDD     : 	at jab.run(PG:51)
06-21 01:14:24.031  1452  4549 E MDD     : 	at java.util.concurrent.ThreadPoolExecutor.runWorker(ThreadPoolExecutor.java:1156)
06-21 01:14:24.031  1452  4549 E MDD     : 	at java.util.concurrent.ThreadPoolExecutor$Worker.run(ThreadPoolExecutor.java:651)
06-21 01:14:24.031  1452  4549 E MDD     : 	at java.lang.Thread.run(Thread.java:1119)
06-21 01:14:24.031  1452  4549 E MDD     : 	at izq.run(PG:8)
06-21 01:14:24.047  1452  4545 I MDDSuperpacks: MDDSuperpacks$3.onSuccess():558 packs [2b8bc459159046c494d928dec1c678ff] got for superpack: bundled_emoji
06-21 01:14:24.048  1218  1222 W .gms.persistent: Suspending all threads took: 6.084ms
06-21 01:14:24.049  1452  2093 W chromium: [0621/011424.049042:WARNING:net/spdy/spdy_session.cc:3054] Received HEADERS for invalid stream 1
06-21 01:14:24.060  1452  4519 I DownloadManager: DownloadManager$3.onProgress():514 Downloading __SP_MANIFEST_next-word-predictor with size 529
06-21 01:14:24.060  1218  1218 W Glide   : Failed to find GeneratedAppGlideModule. You should include an annotationProcessor compile dependency on com.github.bumptech.glide:compiler in your application and a @GlideModule annotated AppGlideModule implementation or LibraryGlideModules will be silently ignored
06-21 01:14:24.064  1452  1935 I EmojiShortcutsLoader: EmojiShortcutsLoader.getEmojiShortcuts():156 Read en_US emoji shortcuts successfully.
06-21 01:14:24.064   649   860 D ConnectivityService: requestNetwork for uid/pid:10145/1218 activeRequest: null callbackRequest: 136 [NetworkRequest [ REQUEST id=137, [ Capabilities: INTERNET&NOT_RESTRICTED&TRUSTED&NOT_VCN_MANAGED&NOT_BANDWIDTH_CONSTRAINED Uid: 10145 RequestorUid: 10145 RequestorPkg: com.google.android.gms UnderlyingNetworks: Null] ]] callback flags: 0 order: 2147483647 isUidTracked: false declaredMethods: AVAIL|LOST
06-21 01:14:24.073   649   792 D WifiNetworkFactory: got request NetworkRequest [ REQUEST id=137, [ Capabilities: INTERNET&NOT_RESTRICTED&TRUSTED&NOT_VCN_MANAGED&NOT_BANDWIDTH_CONSTRAINED Uid: 10145 RequestorUid: 10145 RequestorPkg: com.google.android.gms UnderlyingNetworks: Null] ]
06-21 01:14:24.074   649   792 V WifiNetworkFactory: Accepted network request NetworkRequest [ REQUEST id=137, [ Capabilities: INTERNET&NOT_RESTRICTED&TRUSTED&NOT_VCN_MANAGED&NOT_BANDWIDTH_CONSTRAINED Uid: 10145 RequestorUid: 10145 RequestorPkg: com.google.android.gms UnderlyingNetworks: Null] ]
06-21 01:14:24.078   649   792 D UntrustedWifiNetworkFactory: got request NetworkRequest [ REQUEST id=137, [ Capabilities: INTERNET&NOT_RESTRICTED&TRUSTED&NOT_VCN_MANAGED&NOT_BANDWIDTH_CONSTRAINED Uid: 10145 RequestorUid: 10145 RequestorPkg: com.google.android.gms UnderlyingNetworks: Null] ]
06-21 01:14:24.079   649   792 D OemPaidWifiNetworkFactory: got request NetworkRequest [ REQUEST id=137, [ Capabilities: INTERNET&NOT_RESTRICTED&TRUSTED&NOT_VCN_MANAGED&NOT_BANDWIDTH_CONSTRAINED Uid: 10145 RequestorUid: 10145 RequestorPkg: com.google.android.gms UnderlyingNetworks: Null] ]
06-21 01:14:24.079   649   792 D MultiInternetWifiNetworkFactory: got request NetworkRequest [ REQUEST id=137, [ Capabilities: INTERNET&NOT_RESTRICTED&TRUSTED&NOT_VCN_MANAGED&NOT_BANDWIDTH_CONSTRAINED Uid: 10145 RequestorUid: 10145 RequestorPkg: com.google.android.gms UnderlyingNetworks: Null] ]
06-21 01:14:24.079   649   798 D ConnectivityService: NetReassign [137 : null → 100] [c 0] [a 0] [i 15]
06-21 01:14:24.080  1218  1224 W System  : A resource failed to call close.
06-21 01:14:24.090  1452  1935 I EmojiShortcutsLoader: EmojiShortcutsLoader.call():71 1 emoji shortcut maps loaded.
06-21 01:14:24.092  1524  1524 D BoundBrokerSvc: onBind: Intent { act=com.google.android.gms.credential.manager.service.firstparty.START dat=chimera-action:/... xflg=0x4 cmp=com.google.android.gms/.chimera.GmsApiService }
06-21 01:14:24.092  1524  1524 D BoundBrokerSvc: Loading bound service for intent: Intent { act=com.google.android.gms.credential.manager.service.firstparty.START dat=chimera-action:/... xflg=0x4 cmp=com.google.android.gms/.chimera.GmsApiService }
06-21 01:14:24.095   649   649 W FillRequestEventLogger: Shouldn't be logging AutofillFillRequestReported again for same event
06-21 01:14:24.096   649   649 W FillResponseEventLogger: Shouldn't be logging AutofillFillRequestReported again for same event
06-21 01:14:24.096   649   649 W PresentationStatsEventLogger: Empty dataset. Autofill ignoring log
06-21 01:14:24.096   649   649 D AutofillSession: clearPendingIntentLocked
06-21 01:14:24.096   649   672 D AutofillUI: destroySaveUiUiThread(): already destroyed
06-21 01:14:24.098   649   649 D AutofillInlineSuggestionsRequestSession: onInlineSuggestionsResponseLocked called for:1073741824:i-1872317941@2116895102
06-21 01:14:24.099  1040  1040 V InlineSuggestionRenderService: handleDestroySuggestionViews called for 0:2116895102
06-21 01:14:24.101  1218  1226 I IPCThreadState: oneway function results for code 1 on binder at 0xb400007507e4fa00 will be dropped but finished with status UNKNOWN_TRANSACTION and reply parcel size 80
06-21 01:14:24.104   649   843 D BackgroundInstallControlService: Package event received: 0
06-21 01:14:24.112  1452  1935 I EmojiShortcutsLoader: EmojiShortcutsLoader.call():82 Finished loading emoji shortcuts
06-21 01:14:24.129  1452  4549 I DownloadManager: DownloadManager$4.onSuccess():564 download for __SP_MANIFEST_next-word-predictor is finished with files # mxp@65199628
06-21 01:14:24.130  1452  4546 I MDDSuperpacks: MDDSuperpacks.sync():223 sync requested for next-word-predictor
06-21 01:14:24.131  1452  4546 I MDDSuperpacks: MDDSuperpacks.getPacks():548 getting packs for superpack: next-word-predictor
06-21 01:14:24.131  1452  4519 W MDDSuperpacks: MDDSuperpacks.constructPackSet():578 file group is empty
06-21 01:14:24.131  1452  4549 I MDDSuperpacks: MDDSuperpacks.downloadSlices():370 start download __SP_next-word-predictor
06-21 01:14:24.131  1452  4546 I MDDSuperpacks: MDDSuperpacks$3.onSuccess():558 packs [] got for superpack: next-word-predictor
06-21 01:14:24.141  1452  4546 I DownloadManager: DownloadManager.downloadInternal():412 Download for __SP_next-word-predictor scheduled with params DownloadParams{allowMetered=false, requireCharging=false, foreground=false, immediately=false, priority=300}
06-21 01:14:24.145  1452  4518 W JobInfo : Requested important-while-foreground flag for job29 is ignored and takes no effect
06-21 01:14:24.206   649   649 W AccessibilityManagerService:  wait for adding window timeout: 20
06-21 01:14:24.216  1452  4549 I DownloadManager: DownloadManager$3.onProgress():514 Downloading __SP_MANIFEST_emoji with size 5047
06-21 01:14:24.228  1452  4546 I DownloadManager: DownloadManager$4.onSuccess():564 download for __SP_MANIFEST_emoji is finished with files # mxp@42aaf3ef
06-21 01:14:24.229  1452  4519 I MDDSuperpacks: MDDSuperpacks.sync():223 sync requested for emoji
06-21 01:14:24.230  1452  4509 I MDDSuperpacks: MDDSuperpacks.getPacks():548 sync requested for emoji
06-21 01:14:24.230  1452  4519 I MDDSuperpacks: MDDSuperpacks.getPacks():548 getting packs for superpack: emoji
06-21 01:14:24.230  1452  4545 I MDDSuperpacks: MDDSuperpacks$2.onFailure():281 Sync for emoji cancelled
06-21 01:14:24.231  1452  4546 I MDDSuperpacks: MDDSuperpacks.getPacks():548 getting packs for superpack: emoji
06-21 01:14:24.231  1452  4519 W MDDSuperpacks: MDDSuperpacks.constructPackSet():578 file group is empty
06-21 01:14:24.231  1452  4545 I EmojiSlicingStrategy: EmojiSlicingStrategy.matchEnabledLocalesWithPackLocales():129 matchEnabledLocalesWithPackLocales() : User enabled 1 locales; returning 1 slices
06-21 01:14:24.231  1452  4545 I MDDSuperpacks: MDDSuperpacks.downloadSlices():370 start download __SP_emoji
06-21 01:14:24.231  1452  4546 I MDDSuperpacks: MDDSuperpacks$3.onSuccess():558 packs [] got for superpack: emoji
06-21 01:14:24.242  1452  4546 I DownloadManager: DownloadManager.downloadInternal():412 Download for __SP_emoji scheduled with params DownloadParams{allowMetered=true, requireCharging=false, foreground=false, immediately=false, priority=300}
06-21 01:14:24.243  1452  4526 W JobInfo : Requested important-while-foreground flag for job30 is ignored and takes no effect
06-21 01:14:24.271   649   728 D FileUtils: Rounded bytes from 2592886784 to 4000000000
06-21 01:14:24.274   649   728 W BestClock: java.time.DateTimeException: No network time available
06-21 01:14:24.274   649   728 W BestClock: java.time.DateTimeException: No network time available
06-21 01:14:24.274   649   728 W BestClock: java.time.DateTimeException: No network time available
06-21 01:14:24.450  1452  1452 W TooltipLifecycleManager: TooltipLifecycleManager.dismissTooltips():154 Tooltip with id undo_access_point_promotion_banner not found in tooltipManager.
06-21 01:14:24.459   649   728 I ImeTracker: system_server:550486ea: onRequestHide at ORIGIN_SERVER reason IME_REQUESTED_CHANGED_LISTENER fromUser false
06-21 01:14:24.459   649   674 I ImeTracker: system_server:550486ea: onCancelled at PHASE_SERVER_SHOULD_HIDE
06-21 01:14:24.751  1218  1226 I FontLog : Received query Noto Color Emoji Compat, URI content://com.google.android.gms.fonts [CONTEXT service_id=132 ]
06-21 01:14:24.752  1218  1226 I FontLog : Query [Noto Color Emoji Compat] resolved to {Noto Color Emoji Compat, wdth 100.0, wght 400, ital 0.0, bestEffort false}, isVf false} [CONTEXT service_id=132 ]
06-21 01:14:24.755   435  4570 I resolv  : GetAddrInfoHandler::run: {100 786532 100 983140 10145 0}
06-21 01:14:24.756   435  4572 I resolv  : res_nmkquery: (QUERY, IN, A)
06-21 01:14:24.756   435  4571 I resolv  : res_nmkquery: (QUERY, IN, AAAA)
06-21 01:14:24.761   435  4571 I resolv  : res_nsend: used send_dg 0 terrno: 62
06-21 01:14:24.763   435  4572 I resolv  : res_nsend: used send_dg 0 terrno: 62
06-21 01:14:24.766   435  4571 I resolv  : res_nsend: used send_dg 0 terrno: 62
06-21 01:14:24.766   435  4571 I resolv  : doQuery: rcode=5, ancount=0, return value=-110
06-21 01:14:24.767   435  4572 I resolv  : res_nsend: used send_dg 0 terrno: 62
06-21 01:14:24.767   435  4572 I resolv  : doQuery: rcode=5, ancount=0, return value=-110
06-21 01:14:24.768   435  4573 I resolv  : GetAddrInfoHandler::run: {100 786532 100 983140 10145 0}
06-21 01:14:24.769   435  4575 I resolv  : res_nmkquery: (QUERY, IN, A)
06-21 01:14:24.769   435  4574 I resolv  : res_nmkquery: (QUERY, IN, AAAA)
06-21 01:14:24.776   435  4574 I resolv  : res_nsend: used send_dg 0 terrno: 62
06-21 01:14:24.776   435  4575 I resolv  : res_nsend: used send_dg 0 terrno: 62
06-21 01:14:24.780   435  4574 I resolv  : res_nsend: used send_dg 0 terrno: 62
06-21 01:14:24.780   435  4574 I resolv  : doQuery: rcode=5, ancount=0, return value=-110
06-21 01:14:24.782   435  4575 I resolv  : res_nsend: used send_dg 0 terrno: 62
06-21 01:14:24.782   435  4575 I resolv  : doQuery: rcode=5, ancount=0, return value=-110
06-21 01:14:24.784  1218  4537 I FontLog : Download failed for https://fonts.gstatic.com/s/a/directory029.pb [ERROR: UNUSED LOG ARGUMENTS] [CONTEXT service_id=132 ]
06-21 01:14:24.784  1218  4448 W FontLog : Connection failure for https://fonts.gstatic.com/s/a/directory029.pb [CONTEXT service_id=132 ]
06-21 01:14:24.784  1218  4448 W FontLog : java.util.concurrent.ExecutionException: cilm: Failed to process request
06-21 01:14:24.784  1218  4448 W FontLog : 	at iyz.n(:com.google.android.gms@252635035@25.26.35 (260400-783060121):21)
06-21 01:14:24.784  1218  4448 W FontLog : 	at iyz.get(:com.google.android.gms@252635035@25.26.35 (260400-783060121):28)
06-21 01:14:24.784  1218  4448 W FontLog : 	at ize.get(:com.google.android.gms@252635035@25.26.35 (260400-783060121):2)
06-21 01:14:24.784  1218  4448 W FontLog : 	at bprd.run(:com.google.android.gms@252635035@25.26.35 (260400-783060121):13)
06-21 01:14:24.784  1218  4448 W FontLog : 	at azpf.c(:com.google.android.gms@252635035@25.26.35 (260400-783060121):50)
06-21 01:14:24.784  1218  4448 W FontLog : 	at azpf.run(:com.google.android.gms@252635035@25.26.35 (260400-783060121):70)
06-21 01:14:24.784  1218  4448 W FontLog : 	at java.util.concurrent.ThreadPoolExecutor.runWorker(ThreadPoolExecutor.java:1156)
06-21 01:14:24.784  1218  4448 W FontLog : 	at java.util.concurrent.ThreadPoolExecutor$Worker.run(ThreadPoolExecutor.java:651)
06-21 01:14:24.784  1218  4448 W FontLog : 	at azuw.run(:com.google.android.gms@252635035@25.26.35 (260400-783060121):8)
06-21 01:14:24.784  1218  4448 W FontLog : 	at java.lang.Thread.run(Thread.java:1119)
06-21 01:14:24.784  1218  4448 W FontLog : Caused by: cilm: Failed to process request
06-21 01:14:24.784  1218  4448 W FontLog : 	at cils.a(:com.google.android.gms@252635035@25.26.35 (260400-783060121):23)
06-21 01:14:24.784  1218  4448 W FontLog : 	at cipl.b(:com.google.android.gms@252635035@25.26.35 (260400-783060121):15)
06-21 01:14:24.784  1218  4448 W FontLog : 	at ciqc.onFailed(:com.google.android.gms@252635035@25.26.35 (260400-783060121):15)
06-21 01:14:24.784  1218  4448 W FontLog : 	at m1.ng.onFailed(:com.google.android.gms.dynamite_cronetdynamite@252635035@25.26.35 (260400-0):3)
06-21 01:14:24.784  1218  4448 W FontLog : 	at m1.mg.run(:com.google.android.gms.dynamite_cronetdynamite@252635035@25.26.35 (260400-0):16)
06-21 01:14:24.784  1218  4448 W FontLog : 	... 6 more
06-21 01:14:24.784  1218  4448 W FontLog : Caused by: m1.mq: Exception in CronetUrlRequest: net::ERR_NAME_NOT_RESOLVED, ErrorCode=1, InternalErrorCode=-105, Retryable=false
06-21 01:14:24.784  1218  4448 W FontLog : 	at org.chromium.net.impl.CronetUrlRequest.onError(:com.google.android.gms.dynamite_cronetdynamite@252635035@25.26.35 (260400-0):3)
06-21 01:14:24.785  1218  4448 W FontLog : No resolver, short-circuit {Noto Color Emoji Compat, wdth 100.0, wght 400, ital 0.0, bestEffort false}, isVf false} for com.google.android.inputmethod.latin to failure [CONTEXT service_id=132 ]
06-21 01:14:24.785  1218  1226 I FontLog : Fetch {Noto Color Emoji Compat, wdth 100.0, wght 400, ital 0.0, bestEffort false}, isVf false} end status Status{statusCode=Unavailable, resolution=null} [CONTEXT service_id=132 ]
06-21 01:14:25.276   649   728 W BestClock: java.time.DateTimeException: No network time available
06-21 01:14:25.276   649   728 W BestClock: java.time.DateTimeException: No network time available
06-21 01:14:25.277   649   728 W BestClock: java.time.DateTimeException: No network time available
06-21 01:14:25.611   435  4579 I resolv  : ResNSendHandler::run: 0 / {100 983140 100 983140 1073 1}
06-21 01:14:25.611   435  4580 I resolv  : ResNSendHandler::run: 0 / {100 983140 100 983140 1073 1}
06-21 01:14:25.611   435  4580 I resolv  : resolv_cache_lookup: FOUND IN CACHE entry=0xb40000776182dcd0
06-21 01:14:25.613   435  4581 I resolv  : ResNSendHandler::run: 0 / {100 983140 100 983140 1073 1}
06-21 01:14:25.613   435  4581 I resolv  : resolv_cache_lookup: FOUND IN CACHE entry=0xb400007701827470
06-21 01:14:25.613   435  4582 I resolv  : ResNSendHandler::run: 0 / {100 983140 100 983140 1073 1}
06-21 01:14:25.618   435  4582 I resolv  : res_nsend: used send_dg 48 terrno: 0
06-21 01:14:25.619   997  4577 D NetworkMonitor/100: PROBE_DNS www.google.com 9ms OK 104.244.42.197,2001::1
06-21 01:14:25.620   435  4583 I resolv  : GetAddrInfoHandler::run: {100 983140 100 983140 1073 1}
06-21 01:14:25.620   435  4584 I resolv  : res_nmkquery: (QUERY, IN, AAAA)
06-21 01:14:25.620   435  4584 I resolv  : resolv_cache_lookup: FOUND IN CACHE entry=0xb40000776182dcd0
06-21 01:14:25.620   435  4584 I resolv  : doQuery: rcode=0, ancount=1, return value=60
06-21 01:14:25.620   435  4585 I resolv  : res_nmkquery: (QUERY, IN, A)
06-21 01:14:25.620   435  4585 I resolv  : resolv_cache_lookup: FOUND IN CACHE entry=0xb4000078e18292d0
06-21 01:14:25.620   435  4585 I resolv  : doQuery: rcode=0, ancount=1, return value=48
06-21 01:14:25.622   435  4579 I resolv  : res_nsend: used send_dg 107 terrno: 0
06-21 01:14:25.623   997  4578 D NetworkMonitor/100: PROBE_DNS connectivitycheck.gstatic.com 13ms OK 220.181.174.34
06-21 01:14:25.623   435  4586 I resolv  : GetAddrInfoHandler::run: {100 983140 100 983140 1073 1}
06-21 01:14:25.624   435  4587 I resolv  : res_nmkquery: (QUERY, IN, AAAA)
06-21 01:14:25.624   435  4587 I resolv  : resolv_cache_lookup: FOUND IN CACHE entry=0xb400007881824fd0
06-21 01:14:25.624   435  4587 I resolv  : doQuery: rcode=0, ancount=0, return value=107
06-21 01:14:25.624   435  4588 I resolv  : res_nmkquery: (QUERY, IN, A)
06-21 01:14:25.624   435  4588 I resolv  : resolv_cache_lookup: FOUND IN CACHE entry=0xb400007701827470
06-21 01:14:25.624   435  4588 I resolv  : doQuery: rcode=0, ancount=1, return value=63
06-21 01:14:25.716   997  4578 D NetworkMonitor/100: PROBE_HTTP http://connectivitycheck.gstatic.com/generate_204 time=93ms ret=204 request={Connection=[close], User-Agent=[Mozilla/5.0 (X11; Linux x86_64) AppleWebKit/537.36 (KHTML, like Gecko) Chrome/60.0.3112.32 Safari/537.36]} headers={null=[HTTP/1.1 204 No Content], Connection=[close], Content-Length=[0], Cross-Origin-Resource-Policy=[cross-origin], Date=[Sun, 21 Jun 2026 08:14:25 GMT], X-Android-Received-Millis=[1782029665716], X-Android-Response-Source=[NETWORK 204], X-Android-Selected-Protocol=[http/1.1], X-Android-Sent-Millis=[1782029665649]}
06-21 01:14:25.890  1218  1226 I FontLog : Received query Noto Color Emoji Compat, URI content://com.google.android.gms.fonts [CONTEXT service_id=132 ]
06-21 01:14:25.891  1218  1226 I FontLog : Query [Noto Color Emoji Compat] resolved to {Noto Color Emoji Compat, wdth 100.0, wght 400, ital 0.0, bestEffort false}, isVf false} [CONTEXT service_id=132 ]
06-21 01:14:25.896   435  4589 I resolv  : GetAddrInfoHandler::run: {100 786532 100 983140 10145 0}
06-21 01:14:25.897   435  4590 I resolv  : res_nmkquery: (QUERY, IN, AAAA)
06-21 01:14:25.899   435  4591 I resolv  : res_nmkquery: (QUERY, IN, A)
06-21 01:14:25.905   435  4590 I resolv  : res_nsend: used send_dg 0 terrno: 62
06-21 01:14:25.910   435  4590 I resolv  : res_nsend: used send_dg 0 terrno: 62
06-21 01:14:25.910   435  4590 I resolv  : doQuery: rcode=5, ancount=0, return value=-110
06-21 01:14:25.918   435  4591 I resolv  : res_nsend: used send_dg 0 terrno: 62
06-21 01:14:25.923   435  4591 I resolv  : res_nsend: used send_dg 0 terrno: 62
06-21 01:14:25.923   435  4591 I resolv  : doQuery: rcode=5, ancount=0, return value=-110
06-21 01:14:25.925   435  4592 I resolv  : GetAddrInfoHandler::run: {100 786532 100 983140 10145 0}
06-21 01:14:25.925   435  4593 I resolv  : res_nmkquery: (QUERY, IN, AAAA)
06-21 01:14:25.926   435  4594 I resolv  : res_nmkquery: (QUERY, IN, A)
06-21 01:14:25.934   435  4594 I resolv  : res_nsend: used send_dg 0 terrno: 62
06-21 01:14:25.934   435  4593 I resolv  : res_nsend: used send_dg 0 terrno: 62
06-21 01:14:25.942   435  4594 I resolv  : res_nsend: used send_dg 0 terrno: 62
06-21 01:14:25.942   435  4594 I resolv  : doQuery: rcode=5, ancount=0, return value=-110
06-21 01:14:25.942   435  4593 I resolv  : res_nsend: used send_dg 0 terrno: 62
06-21 01:14:25.942   435  4593 I resolv  : doQuery: rcode=5, ancount=0, return value=-110
06-21 01:14:25.945  1218  4537 I FontLog : Download failed for https://fonts.gstatic.com/s/a/directory029.pb [ERROR: UNUSED LOG ARGUMENTS] [CONTEXT service_id=132 ]
06-21 01:14:25.946  1218  4448 W FontLog : Connection failure for https://fonts.gstatic.com/s/a/directory029.pb [CONTEXT service_id=132 ]
06-21 01:14:25.946  1218  4448 W FontLog : java.util.concurrent.ExecutionException: cilm: Failed to process request
06-21 01:14:25.946  1218  4448 W FontLog : 	at iyz.n(:com.google.android.gms@252635035@25.26.35 (260400-783060121):21)
06-21 01:14:25.946  1218  4448 W FontLog : 	at iyz.get(:com.google.android.gms@252635035@25.26.35 (260400-783060121):28)
06-21 01:14:25.946  1218  4448 W FontLog : 	at ize.get(:com.google.android.gms@252635035@25.26.35 (260400-783060121):2)
06-21 01:14:25.946  1218  4448 W FontLog : 	at bprd.run(:com.google.android.gms@252635035@25.26.35 (260400-783060121):13)
06-21 01:14:25.946  1218  4448 W FontLog : 	at azpf.c(:com.google.android.gms@252635035@25.26.35 (260400-783060121):50)
06-21 01:14:25.946  1218  4448 W FontLog : 	at azpf.run(:com.google.android.gms@252635035@25.26.35 (260400-783060121):70)
06-21 01:14:25.946  1218  4448 W FontLog : 	at java.util.concurrent.ThreadPoolExecutor.runWorker(ThreadPoolExecutor.java:1156)
06-21 01:14:25.946  1218  4448 W FontLog : 	at java.util.concurrent.ThreadPoolExecutor$Worker.run(ThreadPoolExecutor.java:651)
06-21 01:14:25.946  1218  4448 W FontLog : 	at azuw.run(:com.google.android.gms@252635035@25.26.35 (260400-783060121):8)
06-21 01:14:25.946  1218  4448 W FontLog : 	at java.lang.Thread.run(Thread.java:1119)
06-21 01:14:25.946  1218  4448 W FontLog : Caused by: cilm: Failed to process request
06-21 01:14:25.946  1218  4448 W FontLog : 	at cils.a(:com.google.android.gms@252635035@25.26.35 (260400-783060121):23)
06-21 01:14:25.946  1218  4448 W FontLog : 	at cipl.b(:com.google.android.gms@252635035@25.26.35 (260400-783060121):15)
06-21 01:14:25.946  1218  4448 W FontLog : 	at ciqc.onFailed(:com.google.android.gms@252635035@25.26.35 (260400-783060121):15)
06-21 01:14:25.946  1218  4448 W FontLog : 	at m1.ng.onFailed(:com.google.android.gms.dynamite_cronetdynamite@252635035@25.26.35 (260400-0):3)
06-21 01:14:25.946  1218  4448 W FontLog : 	at m1.mg.run(:com.google.android.gms.dynamite_cronetdynamite@252635035@25.26.35 (260400-0):16)
06-21 01:14:25.946  1218  4448 W FontLog : 	... 6 more
06-21 01:14:25.946  1218  4448 W FontLog : Caused by: m1.mq: Exception in CronetUrlRequest: net::ERR_NAME_NOT_RESOLVED, ErrorCode=1, InternalErrorCode=-105, Retryable=false
06-21 01:14:25.946  1218  4448 W FontLog : 	at org.chromium.net.impl.CronetUrlRequest.onError(:com.google.android.gms.dynamite_cronetdynamite@252635035@25.26.35 (260400-0):3)
06-21 01:14:25.949  1218  4448 W FontLog : No resolver, short-circuit {Noto Color Emoji Compat, wdth 100.0, wght 400, ital 0.0, bestEffort false}, isVf false} for com.google.android.inputmethod.latin to failure [CONTEXT service_id=132 ]
06-21 01:14:25.949  1218  1226 I FontLog : Fetch {Noto Color Emoji Compat, wdth 100.0, wght 400, ital 0.0, bestEffort false}, isVf false} end status Status{statusCode=Unavailable, resolution=null} [CONTEXT service_id=132 ]
06-21 01:14:26.179   441  4046 D android.hardware.audio@7.1-impl.ranchu: threadLoop: entering standby, frames: 851904
06-21 01:14:26.179   441  4046 D android.hardware.audio@7.1-impl.ranchu: ~TinyalsaSink: joining consumeThread
06-21 01:14:26.203   441  4508 D android.hardware.audio@7.1-impl.ranchu: consumeThread: exiting
06-21 01:14:26.204   441  4046 D android.hardware.audio@7.1-impl.ranchu: ~TinyalsaSink: stopping PCM stream
06-21 01:14:26.272   649   728 D FileUtils: Rounded bytes from 2592886784 to 4000000000
06-21 01:14:26.281   649   728 W BestClock: java.time.DateTimeException: No network time available
06-21 01:14:26.281   649   728 W BestClock: java.time.DateTimeException: No network time available
06-21 01:14:26.282   649   860 W BestClock: java.time.DateTimeException: No network time available
06-21 01:14:26.293   649   737 D OomAdjuster: Not killing cached processes
06-21 01:14:27.232  4595  4595 D AndroidRuntime: >>>>>> START com.android.internal.os.RuntimeInit uid 2000 <<<<<<
06-21 01:14:27.235  4595  4595 I AndroidRuntime: Using default boot image
06-21 01:14:27.235  4595  4595 I AndroidRuntime: Leaving lock profiling enabled
06-21 01:14:27.236  4595  4595 I app_process: Core platform API reporting enabled, enforcing=false
06-21 01:14:27.236  4595  4595 I app_process: Using CollectorTypeCMC GC.
06-21 01:14:27.269  4595  4595 D nativeloader: InitDefaultPublicLibraries for_preload=1: libandroid.so:libaaudio.so:libamidi.so:libbinder_ndk.so:libc.so:libcamera2ndk.so:libdl.so:libEGL.so:libGLESv1_CM.so:libGLESv2.so:libGLESv3.so:libicu.so:libicui18n.so:libicuuc.so:libjnigraphics.so:liblog.so:libmediandk.so:libm.so:libnativehelper.so:libnativewindow.so:libOpenMAXAL.so:libOpenSLES.so:libRS.so:libstdc++.so:libsync.so:libvulkan.so:libwebviewchromium_plat_support.so:libz.so
06-21 01:14:27.273  4595  4595 D nativeloader: Load libicu_jni.so using APEX ns com_android_art for caller /apex/com.android.art/javalib/core-oj.jar: ok
06-21 01:14:27.273  4595  4595 D app_process: u_setTimeZoneFilesDirectory("/apex/com.android.tzdata/etc/tz/versioned/9/icu") succeeded.
06-21 01:14:27.273  4595  4595 D app_process: I18n APEX ICU file found: /apex/com.android.i18n/etc/icu/icudt76l.dat
06-21 01:14:27.273  4595  4595 D nativeloader: Load libjavacore.so using APEX ns com_android_art for caller /apex/com.android.art/javalib/core-oj.jar: ok
06-21 01:14:27.273  4595  4595 D nativeloader: Load libopenjdk.so using APEX ns com_android_art for caller /apex/com.android.art/javalib/core-oj.jar: ok
06-21 01:14:27.274  4595  4595 W app_process: ClassLoaderContext shared library size mismatch. Expected=2, found=0 (PCL[]{PCL[/system/framework/android.test.base.jar*2789897741]#PCL[/system/framework/android.test.mock.jar*3361312393]} | PCL[])
06-21 01:14:27.274  4595  4595 W app_process: ClassLoaderContext classpath size mismatch. expected=0, found=1 (PCL[]{PCL[/system/framework/android.test.runner.jar*895143020]#PCL[/system/framework/android.test.base.jar*2789897741]} | PCL[/system/framework/android.test.runner.jar*895143020])
06-21 01:14:27.282  4595  4595 D nativeloader: Load libframework-connectivity-tiramisu-jni.so using APEX ns com_android_tethering for caller /apex/com.android.tethering/javalib/framework-connectivity-t.jar: ok
06-21 01:14:27.282  4595  4595 D AndroidRuntime: Calling main entry com.android.commands.uiautomator.Launcher
06-21 01:14:27.283  4595  4595 I AconfigPackage: android.media.swcodec.flags is mapped to com.android.media.swcodec
06-21 01:14:27.283  4595  4595 I AconfigPackage: com.google.android.settings.simplemode.flags is mapped to system_ext
06-21 01:14:27.283  4595  4595 I AconfigPackage: com.google.android.systemui is mapped to system_ext
06-21 01:14:27.283  4595  4595 I AconfigPackage: com.google.android.apps.nexuslauncher is mapped to system_ext
06-21 01:14:27.283  4595  4595 I AconfigPackage: com.android.settings.accessibility is mapped to system_ext
06-21 01:14:27.283  4595  4595 I AconfigPackage: com.android.settings.flags is mapped to system_ext
06-21 01:14:27.283  4595  4595 I AconfigPackage: com.google.android.apps.miphone.aiai.matchmaker.overview.ui is mapped to system_ext
06-21 01:14:27.283  4595  4595 I AconfigPackage: com.google.android.settings.flags is mapped to system_ext
06-21 01:14:27.283  4595  4595 I AconfigPackage: com.android.launcher3 is mapped to system_ext
06-21 01:14:27.283  4595  4595 I AconfigPackage: com.android.wallpaper is mapped to system_ext
06-21 01:14:27.283  4595  4595 I AconfigPackage: com.android.settings.media_drm is mapped to system_ext
06-21 01:14:27.283  4595  4595 I AconfigPackage: com.android.systemui.accessibility.accessibilitymenu is mapped to system_ext
06-21 01:14:27.283  4595  4595 I AconfigPackage: com.android.settings.keyboard is mapped to system_ext
06-21 01:14:27.283  4595  4595 I AconfigPackage: com.android.server.policy.feature.flags is mapped to system_ext
06-21 01:14:27.283  4595  4595 I AconfigPackage: com.android.settings.factory_reset is mapped to system_ext
06-21 01:14:27.283  4595  4595 I AconfigPackage: com.google.android.haptics.flags is mapped to system_ext
06-21 01:14:27.283  4595  4595 I AconfigPackage: com.android.permission.flags is mapped to com.android.permission
06-21 01:14:27.283  4595  4595 I AconfigPackage: com.android.icu is mapped to com.android.i18n
06-21 01:14:27.283  4595  4595 I AconfigPackage: com.android.appsearch.flags is mapped to com.android.appsearch
06-21 01:14:27.283  4595  4595 I AconfigPackage: android.uprobestats.mainline.flags is mapped to com.android.uprobestats
06-21 01:14:27.283  4595  4595 I AconfigPackage: android.provider.flags is mapped to com.android.configinfrastructure
06-21 01:14:27.283  4595  4595 I AconfigPackage: com.android.server.deviceconfig is mapped to com.android.configinfrastructure
06-21 01:14:27.284  4595  4595 I AconfigPackage: com.android.nfc.flags is mapped to system
06-21 01:14:27.284  4595  4595 I AconfigPackage: android.app.admin.flags is mapped to system
06-21 01:14:27.284  4595  4595 I AconfigPackage: android.database.sqlite is mapped to system
06-21 01:14:27.284  4595  4595 I AconfigPackage: com.android.providers.calendar is mapped to system
06-21 01:14:27.284  4595  4595 I AconfigPackage: com.android.server.power.feature.flags is mapped to system
06-21 01:14:27.284  4595  4595 I AconfigPackage: com.android.media.performance.flags is mapped to system
06-21 01:14:27.284  4595  4595 I AconfigPackage: android.app.contextualsearch.flags is mapped to system
06-21 01:14:27.284  4595  4595 I AconfigPackage: android.app.ondeviceintelligence.flags is mapped to system
06-21 01:14:27.284  4595  4595 I AconfigPackage: com.android.media.projection.flags is mapped to system
06-21 01:14:27.284  4595  4595 I AconfigPackage: android.companion is mapped to system
06-21 01:14:27.284  4595  4595 I AconfigPackage: android.service.controls.flags is mapped to system
06-21 01:14:27.284  4595  4595 I AconfigPackage: com.android.text.flags is mapped to system
06-21 01:14:27.284  4595  4595 I AconfigPackage: com.android.providers.contactkeys.flags is mapped to system
06-21 01:14:27.284  4595  4595 I AconfigPackage: com.android.intentresolver is mapped to system
06-21 01:14:27.284  4595  4595 I AconfigPackage: android.companion.virtualdevice.flags is mapped to system
06-21 01:14:27.284  4595  4595 I AconfigPackage: android.uprobestats.flags is mapped to system
06-21 01:14:27.284  4595  4595 I AconfigPackage: com.android.net.thread.platform.flags is mapped to system
06-21 01:14:27.284  4595  4595 I AconfigPackage: android.view.contentprotection.flags is mapped to system
06-21 01:14:27.284  4595  4595 I AconfigPackage: com.android.server.dreams is mapped to system
06-21 01:14:27.284  4595  4595 I AconfigPackage: com.android.graphics.surfaceflinger.flags is mapped to system
06-21 01:14:27.284  4595  4595 I AconfigPackage: com.android.hardware.input is mapped to system
06-21 01:14:27.284  4595  4595 I AconfigPackage: android.sdk is mapped to system
06-21 01:14:27.284  4595  4595 I AconfigPackage: com.android.input.flags is mapped to system
06-21 01:14:27.284  4595  4595 I AconfigPackage: android.tracing is mapped to system
06-21 01:14:27.284  4595  4595 I AconfigPackage: com.android.server.biometrics is mapped to system
06-21 01:14:27.284  4595  4595 I AconfigPackage: android.view.contentcapture.flags is mapped to system
06-21 01:14:27.284  4595  4595 I AconfigPackage: android.app.job is mapped to system
06-21 01:14:27.284  4595  4595 I AconfigPackage: android.content.res is mapped to system
06-21 01:14:27.284  4595  4595 I AconfigPackage: android.net.platform.flags is mapped to system
06-21 01:14:27.284  4595  4595 I AconfigPackage: com.android.aconfig.flags is mapped to system
06-21 01:14:27.284  4595  4595 I AconfigPackage: com.android.graphics.flags is mapped to system
06-21 01:14:27.284  4595  4595 I AconfigPackage: android.server.app is mapped to system
06-21 01:14:27.284  4595  4595 I AconfigPackage: android.speech.flags is mapped to system
06-21 01:14:27.284  4595  4595 I AconfigPackage: com.android.server.stats is mapped to system
06-21 01:14:27.284  4595  4595 I AconfigPackage: android.hardware.biometrics is mapped to system
06-21 01:14:27.284  4595  4595 I AconfigPackage: android.car.feature is mapped to system
06-21 01:14:27.284  4595  4595 I AconfigPackage: android.adpf is mapped to system
06-21 01:14:27.284  4595  4595 I AconfigPackage: android.location.flags is mapped to system
06-21 01:14:27.284  4595  4595 I AconfigPackage: com.android.settingslib.flags is mapped to system
06-21 01:14:27.284  4595  4595 I AconfigPackage: com.android.managedprovisioning.flags is mapped to system
06-21 01:14:27.284  4595  4595 I AconfigPackage: android.app.assist.flags is mapped to system
06-21 01:14:27.284  4595  4595 I AconfigPackage: com.android.server.net is mapped to system
06-21 01:14:27.284  4595  4595 I AconfigPackage: com.android.settingslib.widget.flags is mapped to system
06-21 01:14:27.284  4595  4595 I AconfigPackage: com.android.internal.camera.flags is mapped to system
06-21 01:14:27.284  4595  4595 I AconfigPackage: com.android.hardware.libsensor.flags is mapped to system
06-21 01:14:27.284  4595  4595 I AconfigPackage: com.android.internal.jank is mapped to system
06-21 01:14:27.284  4595  4595 I AconfigPackage: com.android.providers.settings is mapped to system
06-21 01:14:27.284  4595  4595 I AconfigPackage: android.multiuser is mapped to system
06-21 01:14:27.284  4595  4595 I AconfigPackage: com.android.server.power.optimization is mapped to system
06-21 01:14:27.284  4595  4595 I AconfigPackage: com.android.calllogbackup is mapped to system
06-21 01:14:27.284  4595  4595 I AconfigPackage: com.android.media.flags is mapped to system
06-21 01:14:27.284  4595  4595 I AconfigPackage: com.android.server.flags is mapped to system
06-21 01:14:27.284  4595  4595 I AconfigPackage: com.android.graphics.libvulkan.flags is mapped to system
06-21 01:14:27.284  4595  4595 I AconfigPackage: android.app.appfunctions.flags is mapped to system
06-21 01:14:27.284  4595  4595 I AconfigPackage: android.app.smartspace.flags is mapped to system
06-21 01:14:27.284  4595  4595 I AconfigPackage: com.android.providers.contacts.flags is mapped to system
06-21 01:14:27.284  4595  4595 I AconfigPackage: com.android.shell.flags is mapped to system
06-21 01:14:27.284  4595  4595 I AconfigPackage: com.android.media.aaudio is mapped to system
06-21 01:14:27.284  4595  4595 I AconfigPackage: android.hardware.radio is mapped to system
06-21 01:14:27.284  4595  4595 I AconfigPackage: com.google.wear.services.infra.flags is mapped to system
06-21 01:14:27.284  4595  4595 I AconfigPackage: suspend_service.flags is mapped to system
06-21 01:14:27.284  4595  4595 I AconfigPackage: android.media.midi is mapped to system
06-21 01:14:27.284  4595  4595 I AconfigPackage: com.android.libcore.readonly is mapped to system
06-21 01:14:27.284  4595  4595 I AconfigPackage: com.android.settingslib.widget.selectorwithwidgetpreference.flags is mapped to system
06-21 01:14:27.284  4595  4595 I AconfigPackage: android.service.notification is mapped to system
06-21 01:14:27.284  4595  4595 I AconfigPackage: com.android.systemui.shared is mapped to system
06-21 01:14:27.284  4595  4595 I AconfigPackage: android.app.jank is mapped to system
06-21 01:14:27.284  4595  4595 I AconfigPackage: android.app.wearable is mapped to system
06-21 01:14:27.284  4595  4595 I AconfigPackage: com.android.media.audio is mapped to system
06-21 01:14:27.284  4595  4595 I AconfigPackage: android.service.chooser is mapped to system
06-21 01:14:27.284  4595  4595 I AconfigPackage: com.android.server.compat is mapped to system
06-21 01:14:27.284  4595  4595 I AconfigPackage: com.android.server.alarm is mapped to system
06-21 01:14:27.284  4595  4595 I AconfigPackage: com.android.apex.flags is mapped to system
06-21 01:14:27.284  4595  4595 I AconfigPackage: android.service.quickaccesswallet is mapped to system
06-21 01:14:27.284  4595  4595 I AconfigPackage: android.app.usage is mapped to system
06-21 01:14:27.284  4595  4595 I AconfigPackage: com.android.server.accessibility is mapped to system
06-21 01:14:27.284  4595  4595 I AconfigPackage: android.app.supervision.flags is mapped to system
06-21 01:14:27.284  4595  4595 I AconfigPackage: com.android.server.utils is mapped to system
06-21 01:14:27.284  4595  4595 I AconfigPackage: android.chre.flags is mapped to system
06-21 01:14:27.284  4595  4595 I AconfigPackage: android.content.flags is mapped to system
06-21 01:14:27.284  4595  4595 I AconfigPackage: android.media.codec is mapped to system
06-21 01:14:27.284  4595  4595 I AconfigPackage: com.android.internal.os is mapped to system
06-21 01:14:27.284  4595  4595 I AconfigPackage: com.android.nfc.nci.flags is mapped to system
06-21 01:14:27.284  4595  4595 I AconfigPackage: android.app is mapped to system
06-21 01:14:27.284  4595  4595 I AconfigPackage: android.security.keystore2 is mapped to system
06-21 01:14:27.284  4595  4595 I AconfigPackage: android.crashrecovery.flags is mapped to system
06-21 01:14:27.284  4595  4595 I AconfigPackage: com.android.tradeinmode.flags is mapped to system
06-21 01:14:27.284  4595  4595 I AconfigPackage: android.hardware.flags is mapped to system
06-21 01:14:27.284  4595  4595 I AconfigPackage: com.android.server.telecom.flags is mapped to system
06-21 01:14:27.284  4595  4595 I AconfigPackage: com.android.settingslib.media.flags is mapped to system
06-21 01:14:27.284  4595  4595 I AconfigPackage: com.android.server.policy is mapped to system
06-21 01:14:27.284  4595  4595 I AconfigPackage: android.media.audiopolicy is mapped to system
06-21 01:14:27.284  4595  4595 I AconfigPackage: com.android.egg.flags is mapped to system
06-21 01:14:27.284  4595  4595 I AconfigPackage: com.android.internal.compat.flags is mapped to system
06-21 01:14:27.284  4595  4595 I AconfigPackage: android.security is mapped to system
06-21 01:14:27.284  4595  4595 I AconfigPackage: android.service.autofill is mapped to system
06-21 01:14:27.284  4595  4595 I AconfigPackage: com.example.android.aconfig.demo.flags is mapped to system
06-21 01:14:27.284  4595  4595 I AconfigPackage: android.view.flags is mapped to system
06-21 01:14:27.284  4595  4595 I AconfigPackage: android.companion.virtual.flags is mapped to system
06-21 01:14:27.284  4595  4595 I AconfigPackage: com.android.aconfig_new_storage is mapped to system
06-21 01:14:27.284  4595  4595 I AconfigPackage: com.android.server.feature.flags is mapped to system
06-21 01:14:27.284  4595  4595 I AconfigPackage: com.android.systemui is mapped to system
06-21 01:14:27.284  4595  4595 I AconfigPackage: com.android.server.power.batterysaver is mapped to system
06-21 01:14:27.284  4595  4595 I AconfigPackage: android.widget.flags is mapped to system
06-21 01:14:27.284  4595  4595 I AconfigPackage: com.android.media.editing.flags is mapped to system
06-21 01:14:27.284  4595  4595 I AconfigPackage: com.android.media.codec.flags is mapped to system
06-21 01:14:27.284  4595  4595 I AconfigPackage: com.android.server.powerstats is mapped to system
06-21 01:14:27.284  4595  4595 I AconfigPackage: com.android.graphics.egl.flags is mapped to system
06-21 01:14:27.284  4595  4595 I AconfigPackage: com.android.media.audioserver is mapped to system
06-21 01:14:27.284  4595  4595 I AconfigPackage: com.android.server.deviceidle is mapped to system
06-21 01:14:27.284  4595  4595 I AconfigPackage: android.nfc is mapped to system
06-21 01:14:27.284  4595  4595 I AconfigPackage: android.permission.flags is mapped to system
06-21 01:14:27.284  4595  4595 I AconfigPackage: android.service.voice.flags is mapped to system
06-21 01:14:27.284  4595  4595 I AconfigPackage: android.content.pm is mapped to system
06-21 01:14:27.284  4595  4595 I AconfigPackage: com.android.server.power.hint is mapped to system
06-21 01:14:27.284  4595  4595 I AconfigPackage: android.os is mapped to system
06-21 01:14:27.284  4595  4595 I AconfigPackage: android.service.dreams is mapped to system
06-21 01:14:27.284  4595  4595 I AconfigPackage: com.android.graphics.libgui.flags is mapped to system
06-21 01:14:27.284  4595  4595 I AconfigPackage: android.hardware.usb.flags is mapped to system
06-21 01:14:27.284  4595  4595 I AconfigPackage: android.provider is mapped to system
06-21 01:14:27.284  4595  4595 I AconfigPackage: com.android.server.job is mapped to system
06-21 01:14:27.284  4595  4595 I AconfigPackage: com.android.internal.foldables.flags is mapped to system
06-21 01:14:27.284  4595  4595 I AconfigPackage: com.android.internal.telephony.flags is mapped to system
06-21 01:14:27.284  4595  4595 I AconfigPackage: android.webkit is mapped to system
06-21 01:14:27.284  4595  4595 I AconfigPackage: android.credentials.flags is mapped to system
06-21 01:14:27.284  4595  4595 I AconfigPackage: com.android.server.display.feature.flags is mapped to system
06-21 01:14:27.284  4595  4595 I AconfigPackage: com.android.server.notification is mapped to system
06-21 01:14:27.284  4595  4595 I AconfigPackage: android.appwidget.flags is mapped to system
06-21 01:14:27.284  4595  4595 I AconfigPackage: com.android.frameworks.sensorservice.flags is mapped to system
06-21 01:14:27.284  4595  4595 I AconfigPackage: com.android.printspooler.flags is mapped to system
06-21 01:14:27.284  4595  4595 I AconfigPackage: com.android.window.flags is mapped to system
06-21 01:14:27.284  4595  4595 I AconfigPackage: android.adaptiveauth is mapped to system
06-21 01:14:27.284  4595  4595 I AconfigPackage: android.net.wifi.flags is mapped to system
06-21 01:14:27.284  4595  4595 I AconfigPackage: android.media.tv.flags is mapped to system
06-21 01:14:27.284  4595  4595 I AconfigPackage: com.android.server.usb.flags is mapped to system
06-21 01:14:27.284  4595  4595 I AconfigPackage: android.os.vibrator is mapped to system
06-21 01:14:27.284  4595  4595 I AconfigPackage: android.hardware.devicestate.feature.flags is mapped to system
06-21 01:14:27.284  4595  4595 I AconfigPackage: com.android.server.usage is mapped to system
06-21 01:14:27.284  4595  4595 I AconfigPackage: android.server is mapped to system
06-21 01:14:27.284  4595  4595 I AconfigPackage: com.android.wm.shell is mapped to system
06-21 01:14:27.284  4595  4595 I AconfigPackage: android.view.inputmethod is mapped to system
06-21 01:14:27.284  4595  4595 I AconfigPackage: com.android.graphics.hwui.flags is mapped to system
06-21 01:14:27.284  4595  4595 I AconfigPackage: com.android.server.backup is mapped to system
06-21 01:14:27.284  4595  4595 I AconfigPackage: com.android.internal.pm.pkg.component.flags is mapped to system
06-21 01:14:27.284  4595  4595 I AconfigPackage: android.view.accessibility is mapped to system
06-21 01:14:27.284  4595  4595 I AconfigPackage: com.google.wear.sdk is mapped to system
06-21 01:14:27.284  4595  4595 I AconfigPackage: android.media.audio is mapped to system
06-21 01:14:27.284  4595  4595 I AconfigPackage: com.android.server.am is mapped to system
06-21 01:14:27.284  4595  4595 I AconfigPackage: com.android.media.playback.flags is mapped to system
06-21 01:14:27.284  4595  4595 I AconfigPackage: com.android.art.flags is mapped to com.android.art
06-21 01:14:27.284  4595  4595 I AconfigPackage: com.android.libcore is mapped to com.android.art
06-21 01:14:27.284  4595  4595 I AconfigPackage: com.android.media.extractor.flags is mapped to com.android.media
06-21 01:14:27.284  4595  4595 I AconfigPackage: com.android.media.mainline.flags is mapped to com.android.media
06-21 01:14:27.284  4595  4595 I AconfigPackage: com.android.wifi.flags is mapped to com.android.wifi
06-21 01:14:27.284  4595  4595 I AconfigPackage: com.android.org.conscrypt.flags is mapped to com.android.conscrypt
06-21 01:14:27.284  4595  4595 I AconfigPackage: com.android.healthfitness.flags is mapped to com.android.healthfitness
06-21 01:14:27.284   649   860 W BestClock: java.time.DateTimeException: No network time available
06-21 01:14:27.284  4595  4595 I AconfigPackage: com.google.android.input.twoshay.flags is mapped to vendor
06-21 01:14:27.284  4595  4595 I AconfigPackage: libgooglecamerahal.flags is mapped to vendor
06-21 01:14:27.284  4595  4595 I AconfigPackage: com.android.ipsec.flags is mapped to com.android.ipsec
06-21 01:14:27.284   649   860 W BestClock: java.time.DateTimeException: No network time available
06-21 01:14:27.284  4595  4595 I AconfigPackage: com.android.nfc.module.flags is mapped to com.android.nfcservices
06-21 01:14:27.284   649   728 W BestClock: java.time.DateTimeException: No network time available
06-21 01:14:27.284  4595  4595 I AconfigPackage: com.android.adservices.ondevicepersonalization.flags is mapped to com.android.ondevicepersonalization
06-21 01:14:27.284  4595  4595 I AconfigPackage: com.android.bluetooth.flags is mapped to com.android.bt
06-21 01:14:27.284  4595  4595 I AconfigPackage: com.android.devicelock.flags is mapped to com.android.devicelock
06-21 01:14:27.284  4595  4595 I AconfigPackage: android.os.profiling is mapped to com.android.profiling
06-21 01:14:27.284  4595  4595 I AconfigPackage: com.android.os.statsd.flags is mapped to com.android.os.statsd
06-21 01:14:27.284  4595  4595 I AconfigPackage: com.android.cellbroadcastreceiver.flags is mapped to com.android.cellbroadcast
06-21 01:14:27.284  4595  4595 I AconfigPackage: com.android.adservices.flags is mapped to com.android.adservices
06-21 01:14:27.284  4595  4595 I AconfigPackage: com.android.sdksandbox.flags is mapped to com.android.adservices
06-21 01:14:27.284  4595  4595 I AconfigPackage: com.android.uwb.flags is mapped to com.android.uwb
06-21 01:14:27.284  4595  4595 I AconfigPackage: com.android.ranging.flags is mapped to com.android.uwb
06-21 01:14:27.284  4595  4595 I AconfigPackage: android.graphics.pdf.flags is mapped to com.android.mediaprovider
06-21 01:14:27.284  4595  4595 I AconfigPackage: com.android.providers.media.flags is mapped to com.android.mediaprovider
06-21 01:14:27.284  4595  4595 I AconfigPackage: android.graphics.pdf.flags.readonly is mapped to com.android.mediaprovider
06-21 01:14:27.284  4595  4595 I AconfigPackage: com.android.net.ct.flags is mapped to com.android.tethering
