--------- beginning of main
06-21 01:14:15.462  4449  4449 I AconfigPackage: android.media.midi is mapped to system
06-21 01:14:15.462  4449  4449 I AconfigPackage: com.android.libcore.readonly is mapped to system
06-21 01:14:15.462  4449  4449 I AconfigPackage: com.android.settingslib.widget.selectorwithwidgetpreference.flags is mapped to system
06-21 01:14:15.462  4449  4449 I AconfigPackage: android.service.notification is mapped to system
06-21 01:14:15.462  4449  4449 I AconfigPackage: com.android.systemui.shared is mapped to system
06-21 01:14:15.462  4449  4449 I AconfigPackage: android.app.jank is mapped to system
06-21 01:14:15.462  4449  4449 I AconfigPackage: android.app.wearable is mapped to system
06-21 01:14:15.462  4449  4449 I AconfigPackage: com.android.media.audio is mapped to system
06-21 01:14:15.462  4449  4449 I AconfigPackage: android.service.chooser is mapped to system
06-21 01:14:15.462  4449  4449 I AconfigPackage: com.android.server.compat is mapped to system
06-21 01:14:15.462  4449  4449 I AconfigPackage: com.android.server.alarm is mapped to system
06-21 01:14:15.462  4449  4449 I AconfigPackage: com.android.apex.flags is mapped to system
06-21 01:14:15.462  4449  4449 I AconfigPackage: android.service.quickaccesswallet is mapped to system
06-21 01:14:15.462  4449  4449 I AconfigPackage: android.app.usage is mapped to system
06-21 01:14:15.462  4449  4449 I AconfigPackage: com.android.server.accessibility is mapped to system
06-21 01:14:15.462  4449  4449 I AconfigPackage: android.app.supervision.flags is mapped to system
06-21 01:14:15.462  4449  4449 I AconfigPackage: com.android.server.utils is mapped to system
06-21 01:14:15.462  4449  4449 I AconfigPackage: android.chre.flags is mapped to system
06-21 01:14:15.462  4449  4449 I AconfigPackage: android.content.flags is mapped to system
06-21 01:14:15.462  4449  4449 I AconfigPackage: android.media.codec is mapped to system
06-21 01:14:15.462  4449  4449 I AconfigPackage: com.android.internal.os is mapped to system
06-21 01:14:15.462  4449  4449 I AconfigPackage: com.android.nfc.nci.flags is mapped to system
06-21 01:14:15.462  4449  4449 I AconfigPackage: android.app is mapped to system
06-21 01:14:15.462  4449  4449 I AconfigPackage: android.security.keystore2 is mapped to system
06-21 01:14:15.462  4449  4449 I AconfigPackage: android.crashrecovery.flags is mapped to system
06-21 01:14:15.462  4449  4449 I AconfigPackage: com.android.tradeinmode.flags is mapped to system
06-21 01:14:15.462  4449  4449 I AconfigPackage: android.hardware.flags is mapped to system
06-21 01:14:15.462  4449  4449 I AconfigPackage: com.android.server.telecom.flags is mapped to system
06-21 01:14:15.463  4449  4449 I AconfigPackage: com.android.settingslib.media.flags is mapped to system
06-21 01:14:15.463  4449  4449 I AconfigPackage: com.android.server.policy is mapped to system
06-21 01:14:15.463  4449  4449 I AconfigPackage: android.media.audiopolicy is mapped to system
06-21 01:14:15.463  4449  4449 I AconfigPackage: com.android.egg.flags is mapped to system
06-21 01:14:15.463  4449  4449 I AconfigPackage: com.android.internal.compat.flags is mapped to system
06-21 01:14:15.463  4449  4449 I AconfigPackage: android.security is mapped to system
06-21 01:14:15.463  4449  4449 I AconfigPackage: android.service.autofill is mapped to system
06-21 01:14:15.463  4449  4449 I AconfigPackage: com.example.android.aconfig.demo.flags is mapped to system
06-21 01:14:15.463  4449  4449 I AconfigPackage: android.view.flags is mapped to system
06-21 01:14:15.463  4449  4449 I AconfigPackage: android.companion.virtual.flags is mapped to system
06-21 01:14:15.463  4449  4449 I AconfigPackage: com.android.aconfig_new_storage is mapped to system
06-21 01:14:15.463  4449  4449 I AconfigPackage: com.android.server.feature.flags is mapped to system
06-21 01:14:15.463  4449  4449 I AconfigPackage: com.android.systemui is mapped to system
06-21 01:14:15.463  4449  4449 I AconfigPackage: com.android.server.power.batterysaver is mapped to system
06-21 01:14:15.463  4449  4449 I AconfigPackage: android.widget.flags is mapped to system
06-21 01:14:15.463  4449  4449 I AconfigPackage: com.android.media.editing.flags is mapped to system
06-21 01:14:15.463  4449  4449 I AconfigPackage: com.android.media.codec.flags is mapped to system
06-21 01:14:15.463  4449  4449 I AconfigPackage: com.android.server.powerstats is mapped to system
06-21 01:14:15.463  4449  4449 I AconfigPackage: com.android.graphics.egl.flags is mapped to system
06-21 01:14:15.463  4449  4449 I AconfigPackage: com.android.media.audioserver is mapped to system
06-21 01:14:15.463  4449  4449 I AconfigPackage: com.android.server.deviceidle is mapped to system
06-21 01:14:15.463  4449  4449 I AconfigPackage: android.nfc is mapped to system
06-21 01:14:15.463  4449  4449 I AconfigPackage: android.permission.flags is mapped to system
06-21 01:14:15.463  4449  4449 I AconfigPackage: android.service.voice.flags is mapped to system
06-21 01:14:15.463  4449  4449 I AconfigPackage: android.content.pm is mapped to system
06-21 01:14:15.463  4449  4449 I AconfigPackage: com.android.server.power.hint is mapped to system
06-21 01:14:15.463  4449  4449 I AconfigPackage: android.os is mapped to system
06-21 01:14:15.463  4449  4449 I AconfigPackage: android.service.dreams is mapped to system
06-21 01:14:15.463  4449  4449 I AconfigPackage: com.android.graphics.libgui.flags is mapped to system
06-21 01:14:15.463  4449  4449 I AconfigPackage: android.hardware.usb.flags is mapped to system
06-21 01:14:15.463  4449  4449 I AconfigPackage: android.provider is mapped to system
06-21 01:14:15.463  4449  4449 I AconfigPackage: com.android.server.job is mapped to system
06-21 01:14:15.463  4449  4449 I AconfigPackage: com.android.internal.foldables.flags is mapped to system
06-21 01:14:15.463  4449  4449 I AconfigPackage: com.android.internal.telephony.flags is mapped to system
06-21 01:14:15.463  4449  4449 I AconfigPackage: android.webkit is mapped to system
06-21 01:14:15.463  4449  4449 I AconfigPackage: android.credentials.flags is mapped to system
06-21 01:14:15.464  4449  4449 I AconfigPackage: com.android.server.display.feature.flags is mapped to system
06-21 01:14:15.464  4449  4449 I AconfigPackage: com.android.server.notification is mapped to system
06-21 01:14:15.464  4449  4449 I AconfigPackage: android.appwidget.flags is mapped to system
06-21 01:14:15.464  4449  4449 I AconfigPackage: com.android.frameworks.sensorservice.flags is mapped to system
06-21 01:14:15.464  4449  4449 I AconfigPackage: com.android.printspooler.flags is mapped to system
06-21 01:14:15.464  4449  4449 I AconfigPackage: com.android.window.flags is mapped to system
06-21 01:14:15.464  4449  4449 I AconfigPackage: android.adaptiveauth is mapped to system
06-21 01:14:15.464  4449  4449 I AconfigPackage: android.net.wifi.flags is mapped to system
06-21 01:14:15.464  4449  4449 I AconfigPackage: android.media.tv.flags is mapped to system
06-21 01:14:15.464  4449  4449 I AconfigPackage: com.android.server.usb.flags is mapped to system
06-21 01:14:15.464  4449  4449 I AconfigPackage: android.os.vibrator is mapped to system
06-21 01:14:15.464  4449  4449 I AconfigPackage: android.hardware.devicestate.feature.flags is mapped to system
06-21 01:14:15.464  4449  4449 I AconfigPackage: com.android.server.usage is mapped to system
06-21 01:14:15.464  4449  4449 I AconfigPackage: android.server is mapped to system
06-21 01:14:15.464  4449  4449 I AconfigPackage: com.android.wm.shell is mapped to system
06-21 01:14:15.464  4449  4449 I AconfigPackage: android.view.inputmethod is mapped to system
06-21 01:14:15.464  4449  4449 I AconfigPackage: com.android.graphics.hwui.flags is mapped to system
06-21 01:14:15.464  4449  4449 I AconfigPackage: com.android.server.backup is mapped to system
06-21 01:14:15.464  4449  4449 I AconfigPackage: com.android.internal.pm.pkg.component.flags is mapped to system
06-21 01:14:15.464  4449  4449 I AconfigPackage: android.view.accessibility is mapped to system
06-21 01:14:15.464  4449  4449 I AconfigPackage: com.google.wear.sdk is mapped to system
06-21 01:14:15.464  4449  4449 I AconfigPackage: android.media.audio is mapped to system
06-21 01:14:15.464  4449  4449 I AconfigPackage: com.android.server.am is mapped to system
06-21 01:14:15.464  4449  4449 I AconfigPackage: com.android.media.playback.flags is mapped to system
06-21 01:14:15.464  4449  4449 I AconfigPackage: com.android.art.flags is mapped to com.android.art
06-21 01:14:15.464  4449  4449 I AconfigPackage: com.android.libcore is mapped to com.android.art
06-21 01:14:15.464  4449  4449 I AconfigPackage: com.android.media.extractor.flags is mapped to com.android.media
06-21 01:14:15.464  4449  4449 I AconfigPackage: com.android.media.mainline.flags is mapped to com.android.media
06-21 01:14:15.465  4449  4449 I AconfigPackage: com.android.wifi.flags is mapped to com.android.wifi
06-21 01:14:15.465  4449  4449 I AconfigPackage: com.android.org.conscrypt.flags is mapped to com.android.conscrypt
06-21 01:14:15.465  4449  4449 I AconfigPackage: com.android.healthfitness.flags is mapped to com.android.healthfitness
06-21 01:14:15.465  4449  4449 I AconfigPackage: com.google.android.input.twoshay.flags is mapped to vendor
06-21 01:14:15.465  4449  4449 I AconfigPackage: libgooglecamerahal.flags is mapped to vendor
06-21 01:14:15.465  4449  4449 I AconfigPackage: com.android.ipsec.flags is mapped to com.android.ipsec
06-21 01:14:15.465  4449  4449 I AconfigPackage: com.android.nfc.module.flags is mapped to com.android.nfcservices
06-21 01:14:15.465  4449  4449 I AconfigPackage: com.android.adservices.ondevicepersonalization.flags is mapped to com.android.ondevicepersonalization
06-21 01:14:15.465  4449  4449 I AconfigPackage: com.android.bluetooth.flags is mapped to com.android.bt
06-21 01:14:15.465  4449  4449 I AconfigPackage: com.android.devicelock.flags is mapped to com.android.devicelock
06-21 01:14:15.466  4449  4449 I AconfigPackage: android.os.profiling is mapped to com.android.profiling
06-21 01:14:15.466  4449  4449 I AconfigPackage: com.android.os.statsd.flags is mapped to com.android.os.statsd
06-21 01:14:15.466  4449  4449 I AconfigPackage: com.android.cellbroadcastreceiver.flags is mapped to com.android.cellbroadcast
06-21 01:14:15.466  4449  4449 I AconfigPackage: com.android.adservices.flags is mapped to com.android.adservices
06-21 01:14:15.466  4449  4449 I AconfigPackage: com.android.sdksandbox.flags is mapped to com.android.adservices
06-21 01:14:15.466  4449  4449 I AconfigPackage: com.android.uwb.flags is mapped to com.android.uwb
06-21 01:14:15.466  4449  4449 I AconfigPackage: com.android.ranging.flags is mapped to com.android.uwb
06-21 01:14:15.466  4449  4449 I AconfigPackage: android.graphics.pdf.flags is mapped to com.android.mediaprovider
06-21 01:14:15.466  4449  4449 I AconfigPackage: com.android.providers.media.flags is mapped to com.android.mediaprovider
06-21 01:14:15.466  4449  4449 I AconfigPackage: android.graphics.pdf.flags.readonly is mapped to com.android.mediaprovider
06-21 01:14:15.466  4449  4449 I AconfigPackage: com.android.net.ct.flags is mapped to com.android.tethering
06-21 01:14:15.466  4449  4449 I AconfigPackage: com.android.net.flags is mapped to com.android.tethering
06-21 01:14:15.466  4449  4449 I AconfigPackage: android.net.vcn is mapped to com.android.tethering
06-21 01:14:15.466  4449  4449 I AconfigPackage: com.android.nearby.flags is mapped to com.android.tethering
06-21 01:14:15.466  4449  4449 I AconfigPackage: android.net.http is mapped to com.android.tethering
06-21 01:14:15.466  4449  4449 I AconfigPackage: com.android.net.thread.flags is mapped to com.android.tethering
06-21 01:14:15.466  4449  4449 I AconfigPackage: com.android.system.virtualmachine.flags is mapped to com.android.virt
06-21 01:14:15.467  4449  4449 E FeatureFlagsImplExport: android.os.flagging.AconfigStorageReadException: ERROR_PACKAGE_NOT_FOUND: package android.xr cannot be found on the device
06-21 01:14:15.467  4449  4449 D UiAutomationConnection: Created on user UserHandle{0}
06-21 01:14:15.467  4449  4449 I UiAutomation: Initialized for user 0 on display 0
06-21 01:14:15.467  4449  4449 W UiAutomation: Created with deprecatead constructor, assumes DEFAULT_DISPLAY
--------- beginning of system
06-21 01:14:15.468   649  3509 D AccessibilityManagerService: changeCurrentUserForTestAutomationIfNeededLocked(0): ignoring because device doesn't support visible background users
06-21 01:14:15.468   649  3509 I UiAutomationManager: Registering UiTestAutomationService (id=com.android.server.accessibility/UiAutomation, flags=0x0) when called by user 0
06-21 01:14:15.468   649  3509 V AccessibilityManagerService: onUserStateChangedLocked for userId: 0, forceUpdate: false
06-21 01:14:15.468   649  3509 D OomAdjuster: Not killing cached processes
06-21 01:14:15.469   649  3509 W MagnificationConnectionManager: requestConnection duplicated request: connect=false, mConnectionState=DISCONNECTED
06-21 01:14:15.469   649   649 W IPCThreadState: Sending oneway calls to frozen process.
06-21 01:14:15.469   649   649 W IPCThreadState: Sending oneway calls to frozen process.
06-21 01:14:15.469   649   649 W IPCThreadState: Sending oneway calls to frozen process.
06-21 01:14:15.469   649   649 W IPCThreadState: Sending oneway calls to frozen process.
06-21 01:14:15.469  4449  4461 V UiAutomation: Init UiAutomation@c1c5747[id=77, displayId=0, flags=0]
06-21 01:14:15.470   649  1876 V AccessibilityManagerService: onUserStateChangedLocked for userId: 0, forceUpdate: false
06-21 01:14:15.470   649  1876 W MagnificationConnectionManager: requestConnection duplicated request: connect=false, mConnectionState=DISCONNECTED
06-21 01:14:15.470   649   649 W IPCThreadState: Sending oneway calls to frozen process.
06-21 01:14:15.470   649   649 W IPCThreadState: Sending oneway calls to frozen process.
06-21 01:14:15.470   649   649 W IPCThreadState: Sending oneway calls to frozen process.
06-21 01:14:15.470   649   649 W IPCThreadState: Sending oneway calls to frozen process.
06-21 01:14:15.471  1265  1284 D AccessibilitySourceService: enabled a11y services count 1
06-21 01:14:15.471  1265  1284 D AccessibilitySourceService: a11y source sending 1 issue to sc
06-21 01:14:15.471   649  1876 D SafetySourceDataValidat: No cert check requested for package com.google.android.permissioncontroller
06-21 01:14:15.472  1265  1284 D AccessibilitySourceService: enabled a11y services count 1
06-21 01:14:15.472  1265  1284 D AccessibilitySourceService: a11y source sending 1 issue to sc
06-21 01:14:15.472   649  1876 D SafetySourceDataValidat: No cert check requested for package com.google.android.permissioncontroller
06-21 01:14:16.238   649  1876 W BestClock: java.time.DateTimeException: No network time available
06-21 01:14:16.238   649  1876 W BestClock: java.time.DateTimeException: No network time available
06-21 01:14:16.240   649  1876 W BestClock: java.time.DateTimeException: No network time available
06-21 01:14:16.271   649  1876 D FileUtils: Rounded bytes from 2592886784 to 4000000000
06-21 01:14:16.477  1546  1777 W MediaProvider: isAppCloneUserPair for user 0: false
06-21 01:14:16.480  4449  4449 W AccessibilityNodeInfoDumper: Fetch time: 5ms
06-21 01:14:16.481   649  1797 V AccessibilityManagerService: onUserStateChangedLocked for userId: 0, forceUpdate: false
06-21 01:14:16.482   649   843 D BackgroundInstallControlService: Package event received: 0
06-21 01:14:16.483   649  1797 W MagnificationConnectionManager: requestConnection duplicated request: connect=false, mConnectionState=DISCONNECTED
06-21 01:14:16.483   649  1797 D AccessibilityManagerService: restoreCurrentUserForTestAutomationIfNeededLocked(): ignoring because device doesn't support visible background users
06-21 01:14:16.483  4449  4458 W IPCThreadState: call to talkWithDriver in joinThreadPool returned error: -9 (Bad file descriptor), FD: -1
06-21 01:14:16.483  4449  4462 W IPCThreadState: call to talkWithDriver in joinThreadPool returned error: -9 (Bad file descriptor), FD: -1
06-21 01:14:16.483  4449  4459 W IPCThreadState: call to talkWithDriver in joinThreadPool returned error: -9 (Bad file descriptor), FD: -1
06-21 01:14:16.484  4449  4449 D AndroidRuntime: Shutting down VM
06-21 01:14:16.484   649   649 W IPCThreadState: Sending oneway calls to frozen process.
06-21 01:14:16.485   649   649 W IPCThreadState: Sending oneway calls to frozen process.
06-21 01:14:16.485   649   649 W IPCThreadState: Sending oneway calls to frozen process.
06-21 01:14:16.485   649   649 W IPCThreadState: Sending oneway calls to frozen process.
06-21 01:14:16.486   649   649 V AccessibilityManagerService: onUserStateChangedLocked for userId: 0, forceUpdate: false
06-21 01:14:16.486   649   649 W MagnificationConnectionManager: requestConnection duplicated request: connect=false, mConnectionState=DISCONNECTED
06-21 01:14:16.487   649   649 W IPCThreadState: Sending oneway calls to frozen process.
06-21 01:14:16.487   649   649 W IPCThreadState: Sending oneway calls to frozen process.
06-21 01:14:16.487   649   649 W IPCThreadState: Sending oneway calls to frozen process.
06-21 01:14:16.487   649   649 W IPCThreadState: Sending oneway calls to frozen process.
06-21 01:14:16.487   649   649 W IPCThreadState: Sending oneway calls to frozen process.
06-21 01:14:16.488   649   649 W IPCThreadState: Sending oneway calls to frozen process.
06-21 01:14:16.488  1265  1284 D AccessibilitySourceService: enabled a11y services count 1
06-21 01:14:16.488  1265  1284 D AccessibilitySourceService: a11y source sending 1 issue to sc
06-21 01:14:16.488   649  1797 D SafetySourceDataValidat: No cert check requested for package com.google.android.permissioncontroller
06-21 01:14:16.933   649   744 D ActivityManager: freezing 1265 com.google.android.permissioncontroller
06-21 01:14:16.935   649   798 D InetDiagMessage: Destroyed 0 sockets, proto=IPPROTO_TCP, family=AF_INET, states=14
06-21 01:14:16.936   649   798 D InetDiagMessage: Destroyed 0 sockets, proto=IPPROTO_TCP, family=AF_INET6, states=14
06-21 01:14:16.936   649   798 D InetDiagMessage: Destroyed live tcp sockets for uids={10190} in 1ms
06-21 01:14:17.244   649  1797 W BestClock: java.time.DateTimeException: No network time available
06-21 01:14:17.244   649  1797 W BestClock: java.time.DateTimeException: No network time available
06-21 01:14:17.245   649  1797 W BestClock: java.time.DateTimeException: No network time available
06-21 01:14:17.396  4469  4469 W screencap: Thread Pool max thread count is 0. Cannot cache binder as linkToDeath cannot be implemented. serviceName: SurfaceFlingerAIDL
06-21 01:14:17.396  4469  4469 W BpBinder: Linking to death on android.gui.ISurfaceComposer but there are no threads (yet?) listening to incoming transactions. See ProcessState::startThreadPool and ProcessState::setThreadPoolMaxThreadCount. Generally you should setup the binder threadpool before other initialization steps.
06-21 01:14:17.396  4469  4469 W ProcessState: Extra binder thread started, but 0 threads requested. Do not use *startThreadPool when zero threads are requested.
06-21 01:14:17.398   501   704 E HwcComposer: getLuts failed Status(-8, EX_SERVICE_SPECIFIC): '8: '
06-21 01:14:17.398   501   704 E HWComposer: getLuts: getLuts failed for display 4619827259835644672: UNSUPPORTED (8)
--------- beginning of kernel
06-21 01:14:17.406   202   202 I servicemanager: Caller(pid=4469,uid=2000,sid=u:r:shell:s0) Found android.hardware.graphics.allocator.IAllocator/default in device VINTF manifest.
06-21 01:14:17.406   202   202 I servicemanager: Caller(pid=4469,uid=2000,sid=u:r:shell:s0) Found android.hardware.graphics.allocator.IAllocator/default in device VINTF manifest.
06-21 01:14:17.407   202   202 I servicemanager: Caller(pid=4469,uid=2000,sid=u:r:shell:s0) Found mapper/ranchu in device VINTF manifest.
06-21 01:14:17.455   649   728 W AS.PlaybackActivityMon: No piid assigned for invalid/internal port id 15
06-21 01:14:17.501   495   612 D AudioFlinger: mixer(0xb4000073102b1770) throttle end: throttle time(32)
06-21 01:14:17.676  1218  4160 I NetworkScheduler.Stats: Task com.google.android.gms/com.google.android.gms.auth.account.be.legacy.AuthCronService finished executing. cause:5 result: 3 elapsed_millis: 40004 uptime_millis: 40004 exec_start_elapsed_seconds: 403 [CONTEXT service_id=218 ]
06-21 01:14:17.696  2413  2413 D BoundBrokerSvc: onBind: Intent { act=com.google.android.gms.droidguard.DroidGuardFastRefreshGmsTaskBoundService.ACTION_TASK_READY dat=chimera-action:/... xflg=0x4 cmp=com.google.android.gms/.chimera.UnstableInternalBoundBrokerService }
06-21 01:14:17.697  2413  2413 D BoundBrokerSvc: Loading bound service for intent: Intent { act=com.google.android.gms.droidguard.DroidGuardFastRefreshGmsTaskBoundService.ACTION_TASK_READY dat=chimera-action:/... xflg=0x4 cmp=com.google.android.gms/.chimera.UnstableInternalBoundBrokerService }
06-21 01:14:17.698  1218  4465 I NetworkScheduler.Stats: Task com.google.android.gms/com.google.android.gms.droidguard.DroidGuardFastRefreshGmsTaskBoundService started execution. cause:5 exec_start_elapsed_seconds: 443 [CONTEXT service_id=218 ]
06-21 01:14:17.703   435  4480 I resolv  : GetAddrInfoHandler::run: {100 786532 100 983140 10145 0}
06-21 01:14:17.703   435  4482 I resolv  : res_nmkquery: (QUERY, IN, A)
06-21 01:14:17.703   435  4482 I resolv  : resolv_cache_lookup: FOUND IN CACHE entry=0xb400007881827070
06-21 01:14:17.703   435  4482 I resolv  : doQuery: rcode=0, ancount=7, return value=148
06-21 01:14:17.706   435  4481 I resolv  : res_nmkquery: (QUERY, IN, AAAA)
06-21 01:14:17.712   435  4481 I resolv  : res_nsend: used send_dg 148 terrno: 0
06-21 01:14:17.712   435  4481 I resolv  : doQuery: rcode=0, ancount=4, return value=148
06-21 01:14:18.248   649  1876 W BestClock: java.time.DateTimeException: No network time available
06-21 01:14:18.248   649  1876 W BestClock: java.time.DateTimeException: No network time available
06-21 01:14:18.248   649  1876 W BestClock: java.time.DateTimeException: No network time available
06-21 01:14:18.268   649  1876 D FileUtils: Rounded bytes from 2592886784 to 4000000000
06-21 01:14:18.314  1020  1196 D SatelliteController: iisInCarrierRoamingNbIotNtn: satellite is disabled
06-21 01:14:19.251   649  1876 W BestClock: java.time.DateTimeException: No network time available
06-21 01:14:19.251   649  1876 W BestClock: java.time.DateTimeException: No network time available
06-21 01:14:19.252   649  1876 W BestClock: java.time.DateTimeException: No network time available
06-21 01:14:19.542  4483  4483 D AndroidRuntime: >>>>>> START com.android.internal.os.RuntimeInit uid 2000 <<<<<<
06-21 01:14:19.544  4483  4483 I AndroidRuntime: Using default boot image
06-21 01:14:19.544  4483  4483 I AndroidRuntime: Leaving lock profiling enabled
06-21 01:14:19.545  4483  4483 I app_process: Core platform API reporting enabled, enforcing=false
06-21 01:14:19.545  4483  4483 I app_process: Using CollectorTypeCMC GC.
06-21 01:14:19.572  4483  4483 D nativeloader: InitDefaultPublicLibraries for_preload=1: libandroid.so:libaaudio.so:libamidi.so:libbinder_ndk.so:libc.so:libcamera2ndk.so:libdl.so:libEGL.so:libGLESv1_CM.so:libGLESv2.so:libGLESv3.so:libicu.so:libicui18n.so:libicuuc.so:libjnigraphics.so:liblog.so:libmediandk.so:libm.so:libnativehelper.so:libnativewindow.so:libOpenMAXAL.so:libOpenSLES.so:libRS.so:libstdc++.so:libsync.so:libvulkan.so:libwebviewchromium_plat_support.so:libz.so
06-21 01:14:19.576  4483  4483 D nativeloader: Load libicu_jni.so using APEX ns com_android_art for caller /apex/com.android.art/javalib/core-oj.jar: ok
06-21 01:14:19.576  4483  4483 D app_process: u_setTimeZoneFilesDirectory("/apex/com.android.tzdata/etc/tz/versioned/9/icu") succeeded.
06-21 01:14:19.576  4483  4483 D app_process: I18n APEX ICU file found: /apex/com.android.i18n/etc/icu/icudt76l.dat
06-21 01:14:19.576  4483  4483 D nativeloader: Load libjavacore.so using APEX ns com_android_art for caller /apex/com.android.art/javalib/core-oj.jar: ok
06-21 01:14:19.576  4483  4483 D nativeloader: Load libopenjdk.so using APEX ns com_android_art for caller /apex/com.android.art/javalib/core-oj.jar: ok
06-21 01:14:19.577  4483  4483 W app_process: ClassLoaderContext shared library size mismatch. Expected=2, found=0 (PCL[]{PCL[/system/framework/android.test.base.jar*2789897741]#PCL[/system/framework/android.test.mock.jar*3361312393]} | PCL[])
06-21 01:14:19.577  4483  4483 W app_process: ClassLoaderContext classpath size mismatch. expected=0, found=1 (PCL[]{PCL[/system/framework/android.test.runner.jar*895143020]#PCL[/system/framework/android.test.base.jar*2789897741]} | PCL[/system/framework/android.test.runner.jar*895143020])
06-21 01:14:19.583  4483  4483 D nativeloader: Load libframework-connectivity-tiramisu-jni.so using APEX ns com_android_tethering for caller /apex/com.android.tethering/javalib/framework-connectivity-t.jar: ok
06-21 01:14:19.583  4483  4483 D AndroidRuntime: Calling main entry com.android.commands.uiautomator.Launcher
06-21 01:14:19.584  4483  4483 I AconfigPackage: android.media.swcodec.flags is mapped to com.android.media.swcodec
06-21 01:14:19.584  4483  4483 I AconfigPackage: com.google.android.settings.simplemode.flags is mapped to system_ext
06-21 01:14:19.584  4483  4483 I AconfigPackage: com.google.android.systemui is mapped to system_ext
06-21 01:14:19.584  4483  4483 I AconfigPackage: com.google.android.apps.nexuslauncher is mapped to system_ext
06-21 01:14:19.584  4483  4483 I AconfigPackage: com.android.settings.accessibility is mapped to system_ext
06-21 01:14:19.584  4483  4483 I AconfigPackage: com.android.settings.flags is mapped to system_ext
06-21 01:14:19.584  4483  4483 I AconfigPackage: com.google.android.apps.miphone.aiai.matchmaker.overview.ui is mapped to system_ext
06-21 01:14:19.584  4483  4483 I AconfigPackage: com.google.android.settings.flags is mapped to system_ext
06-21 01:14:19.584  4483  4483 I AconfigPackage: com.android.launcher3 is mapped to system_ext
06-21 01:14:19.584  4483  4483 I AconfigPackage: com.android.wallpaper is mapped to system_ext
06-21 01:14:19.584  4483  4483 I AconfigPackage: com.android.settings.media_drm is mapped to system_ext
06-21 01:14:19.584  4483  4483 I AconfigPackage: com.android.systemui.accessibility.accessibilitymenu is mapped to system_ext
06-21 01:14:19.584  4483  4483 I AconfigPackage: com.android.settings.keyboard is mapped to system_ext
06-21 01:14:19.584  4483  4483 I AconfigPackage: com.android.server.policy.feature.flags is mapped to system_ext
06-21 01:14:19.584  4483  4483 I AconfigPackage: com.android.settings.factory_reset is mapped to system_ext
06-21 01:14:19.584  4483  4483 I AconfigPackage: com.google.android.haptics.flags is mapped to system_ext
06-21 01:14:19.584  4483  4483 I AconfigPackage: com.android.permission.flags is mapped to com.android.permission
06-21 01:14:19.584  4483  4483 I AconfigPackage: com.android.icu is mapped to com.android.i18n
06-21 01:14:19.584  4483  4483 I AconfigPackage: com.android.appsearch.flags is mapped to com.android.appsearch
06-21 01:14:19.584  4483  4483 I AconfigPackage: android.uprobestats.mainline.flags is mapped to com.android.uprobestats
06-21 01:14:19.584  4483  4483 I AconfigPackage: android.provider.flags is mapped to com.android.configinfrastructure
06-21 01:14:19.584  4483  4483 I AconfigPackage: com.android.server.deviceconfig is mapped to com.android.configinfrastructure
06-21 01:14:19.584  4483  4483 I AconfigPackage: com.android.nfc.flags is mapped to system
06-21 01:14:19.584  4483  4483 I AconfigPackage: android.app.admin.flags is mapped to system
06-21 01:14:19.584  4483  4483 I AconfigPackage: android.database.sqlite is mapped to system
06-21 01:14:19.584  4483  4483 I AconfigPackage: com.android.providers.calendar is mapped to system
06-21 01:14:19.584  4483  4483 I AconfigPackage: com.android.server.power.feature.flags is mapped to system
06-21 01:14:19.584  4483  4483 I AconfigPackage: com.android.media.performance.flags is mapped to system
06-21 01:14:19.584  4483  4483 I AconfigPackage: android.app.contextualsearch.flags is mapped to system
06-21 01:14:19.584  4483  4483 I AconfigPackage: android.app.ondeviceintelligence.flags is mapped to system
06-21 01:14:19.584  4483  4483 I AconfigPackage: com.android.media.projection.flags is mapped to system
06-21 01:14:19.584  4483  4483 I AconfigPackage: android.companion is mapped to system
06-21 01:14:19.584  4483  4483 I AconfigPackage: android.service.controls.flags is mapped to system
06-21 01:14:19.584  4483  4483 I AconfigPackage: com.android.text.flags is mapped to system
06-21 01:14:19.584  4483  4483 I AconfigPackage: com.android.providers.contactkeys.flags is mapped to system
06-21 01:14:19.584  4483  4483 I AconfigPackage: com.android.intentresolver is mapped to system
06-21 01:14:19.584  4483  4483 I AconfigPackage: android.companion.virtualdevice.flags is mapped to system
06-21 01:14:19.584  4483  4483 I AconfigPackage: android.uprobestats.flags is mapped to system
06-21 01:14:19.584  4483  4483 I AconfigPackage: com.android.net.thread.platform.flags is mapped to system
06-21 01:14:19.584  4483  4483 I AconfigPackage: android.view.contentprotection.flags is mapped to system
06-21 01:14:19.584  4483  4483 I AconfigPackage: com.android.server.dreams is mapped to system
06-21 01:14:19.584  4483  4483 I AconfigPackage: com.android.graphics.surfaceflinger.flags is mapped to system
06-21 01:14:19.584  4483  4483 I AconfigPackage: com.android.hardware.input is mapped to system
06-21 01:14:19.584  4483  4483 I AconfigPackage: android.sdk is mapped to system
06-21 01:14:19.584  4483  4483 I AconfigPackage: com.android.input.flags is mapped to system
06-21 01:14:19.584  4483  4483 I AconfigPackage: android.tracing is mapped to system
06-21 01:14:19.584  4483  4483 I AconfigPackage: com.android.server.biometrics is mapped to system
06-21 01:14:19.584  4483  4483 I AconfigPackage: android.view.contentcapture.flags is mapped to system
06-21 01:14:19.584  4483  4483 I AconfigPackage: android.app.job is mapped to system
06-21 01:14:19.584  4483  4483 I AconfigPackage: android.content.res is mapped to system
06-21 01:14:19.584  4483  4483 I AconfigPackage: android.net.platform.flags is mapped to system
06-21 01:14:19.584  4483  4483 I AconfigPackage: com.android.aconfig.flags is mapped to system
06-21 01:14:19.584  4483  4483 I AconfigPackage: com.android.graphics.flags is mapped to system
06-21 01:14:19.584  4483  4483 I AconfigPackage: android.server.app is mapped to system
06-21 01:14:19.584  4483  4483 I AconfigPackage: android.speech.flags is mapped to system
06-21 01:14:19.584  4483  4483 I AconfigPackage: com.android.server.stats is mapped to system
06-21 01:14:19.584  4483  4483 I AconfigPackage: android.hardware.biometrics is mapped to system
06-21 01:14:19.584  4483  4483 I AconfigPackage: android.car.feature is mapped to system
06-21 01:14:19.584  4483  4483 I AconfigPackage: android.adpf is mapped to system
06-21 01:14:19.584  4483  4483 I AconfigPackage: android.location.flags is mapped to system
06-21 01:14:19.584  4483  4483 I AconfigPackage: com.android.settingslib.flags is mapped to system
06-21 01:14:19.584  4483  4483 I AconfigPackage: com.android.managedprovisioning.flags is mapped to system
06-21 01:14:19.584  4483  4483 I AconfigPackage: android.app.assist.flags is mapped to system
06-21 01:14:19.584  4483  4483 I AconfigPackage: com.android.server.net is mapped to system
06-21 01:14:19.584  4483  4483 I AconfigPackage: com.android.settingslib.widget.flags is mapped to system
06-21 01:14:19.584  4483  4483 I AconfigPackage: com.android.internal.camera.flags is mapped to system
06-21 01:14:19.584  4483  4483 I AconfigPackage: com.android.hardware.libsensor.flags is mapped to system
06-21 01:14:19.584  4483  4483 I AconfigPackage: com.android.internal.jank is mapped to system
06-21 01:14:19.584  4483  4483 I AconfigPackage: com.android.providers.settings is mapped to system
06-21 01:14:19.584  4483  4483 I AconfigPackage: android.multiuser is mapped to system
06-21 01:14:19.584  4483  4483 I AconfigPackage: com.android.server.power.optimization is mapped to system
06-21 01:14:19.584  4483  4483 I AconfigPackage: com.android.calllogbackup is mapped to system
06-21 01:14:19.584  4483  4483 I AconfigPackage: com.android.media.flags is mapped to system
06-21 01:14:19.584  4483  4483 I AconfigPackage: com.android.server.flags is mapped to system
06-21 01:14:19.584  4483  4483 I AconfigPackage: com.android.graphics.libvulkan.flags is mapped to system
06-21 01:14:19.584  4483  4483 I AconfigPackage: android.app.appfunctions.flags is mapped to system
06-21 01:14:19.584  4483  4483 I AconfigPackage: android.app.smartspace.flags is mapped to system
06-21 01:14:19.584  4483  4483 I AconfigPackage: com.android.providers.contacts.flags is mapped to system
06-21 01:14:19.584  4483  4483 I AconfigPackage: com.android.shell.flags is mapped to system
06-21 01:14:19.584  4483  4483 I AconfigPackage: com.android.media.aaudio is mapped to system
06-21 01:14:19.584  4483  4483 I AconfigPackage: android.hardware.radio is mapped to system
06-21 01:14:19.584  4483  4483 I AconfigPackage: com.google.wear.services.infra.flags is mapped to system
06-21 01:14:19.584  4483  4483 I AconfigPackage: suspend_service.flags is mapped to system
06-21 01:14:19.584  4483  4483 I AconfigPackage: android.media.midi is mapped to system
06-21 01:14:19.584  4483  4483 I AconfigPackage: com.android.libcore.readonly is mapped to system
06-21 01:14:19.584  4483  4483 I AconfigPackage: com.android.settingslib.widget.selectorwithwidgetpreference.flags is mapped to system
06-21 01:14:19.584  4483  4483 I AconfigPackage: android.service.notification is mapped to system
06-21 01:14:19.584  4483  4483 I AconfigPackage: com.android.systemui.shared is mapped to system
06-21 01:14:19.584  4483  4483 I AconfigPackage: android.app.jank is mapped to system
06-21 01:14:19.584  4483  4483 I AconfigPackage: android.app.wearable is mapped to system
06-21 01:14:19.584  4483  4483 I AconfigPackage: com.android.media.audio is mapped to system
06-21 01:14:19.584  4483  4483 I AconfigPackage: android.service.chooser is mapped to system
06-21 01:14:19.584  4483  4483 I AconfigPackage: com.android.server.compat is mapped to system
06-21 01:14:19.584  4483  4483 I AconfigPackage: com.android.server.alarm is mapped to system
06-21 01:14:19.584  4483  4483 I AconfigPackage: com.android.apex.flags is mapped to system
06-21 01:14:19.584  4483  4483 I AconfigPackage: android.service.quickaccesswallet is mapped to system
06-21 01:14:19.584  4483  4483 I AconfigPackage: android.app.usage is mapped to system
06-21 01:14:19.584  4483  4483 I AconfigPackage: com.android.server.accessibility is mapped to system
06-21 01:14:19.584  4483  4483 I AconfigPackage: android.app.supervision.flags is mapped to system
06-21 01:14:19.584  4483  4483 I AconfigPackage: com.android.server.utils is mapped to system
06-21 01:14:19.584  4483  4483 I AconfigPackage: android.chre.flags is mapped to system
06-21 01:14:19.584  4483  4483 I AconfigPackage: android.content.flags is mapped to system
06-21 01:14:19.584  4483  4483 I AconfigPackage: android.media.codec is mapped to system
06-21 01:14:19.584  4483  4483 I AconfigPackage: com.android.internal.os is mapped to system
06-21 01:14:19.584  4483  4483 I AconfigPackage: com.android.nfc.nci.flags is mapped to system
06-21 01:14:19.584  4483  4483 I AconfigPackage: android.app is mapped to system
06-21 01:14:19.584  4483  4483 I AconfigPackage: android.security.keystore2 is mapped to system
06-21 01:14:19.584  4483  4483 I AconfigPackage: android.crashrecovery.flags is mapped to system
06-21 01:14:19.584  4483  4483 I AconfigPackage: com.android.tradeinmode.flags is mapped to system
06-21 01:14:19.584  4483  4483 I AconfigPackage: android.hardware.flags is mapped to system
06-21 01:14:19.584  4483  4483 I AconfigPackage: com.android.server.telecom.flags is mapped to system
06-21 01:14:19.584  4483  4483 I AconfigPackage: com.android.settingslib.media.flags is mapped to system
06-21 01:14:19.584  4483  4483 I AconfigPackage: com.android.server.policy is mapped to system
06-21 01:14:19.584  4483  4483 I AconfigPackage: android.media.audiopolicy is mapped to system
06-21 01:14:19.584  4483  4483 I AconfigPackage: com.android.egg.flags is mapped to system
06-21 01:14:19.584  4483  4483 I AconfigPackage: com.android.internal.compat.flags is mapped to system
06-21 01:14:19.584  4483  4483 I AconfigPackage: android.security is mapped to system
06-21 01:14:19.584  4483  4483 I AconfigPackage: android.service.autofill is mapped to system
06-21 01:14:19.584  4483  4483 I AconfigPackage: com.example.android.aconfig.demo.flags is mapped to system
06-21 01:14:19.584  4483  4483 I AconfigPackage: android.view.flags is mapped to system
06-21 01:14:19.584  4483  4483 I AconfigPackage: android.companion.virtual.flags is mapped to system
06-21 01:14:19.584  4483  4483 I AconfigPackage: com.android.aconfig_new_storage is mapped to system
06-21 01:14:19.584  4483  4483 I AconfigPackage: com.android.server.feature.flags is mapped to system
06-21 01:14:19.584  4483  4483 I AconfigPackage: com.android.systemui is mapped to system
06-21 01:14:19.584  4483  4483 I AconfigPackage: com.android.server.power.batterysaver is mapped to system
06-21 01:14:19.584  4483  4483 I AconfigPackage: android.widget.flags is mapped to system
06-21 01:14:19.584  4483  4483 I AconfigPackage: com.android.media.editing.flags is mapped to system
06-21 01:14:19.584  4483  4483 I AconfigPackage: com.android.media.codec.flags is mapped to system
06-21 01:14:19.584  4483  4483 I AconfigPackage: com.android.server.powerstats is mapped to system
06-21 01:14:19.584  4483  4483 I AconfigPackage: com.android.graphics.egl.flags is mapped to system
06-21 01:14:19.584  4483  4483 I AconfigPackage: com.android.media.audioserver is mapped to system
06-21 01:14:19.584  4483  4483 I AconfigPackage: com.android.server.deviceidle is mapped to system
06-21 01:14:19.584  4483  4483 I AconfigPackage: android.nfc is mapped to system
06-21 01:14:19.584  4483  4483 I AconfigPackage: android.permission.flags is mapped to system
06-21 01:14:19.584  4483  4483 I AconfigPackage: android.service.voice.flags is mapped to system
06-21 01:14:19.584  4483  4483 I AconfigPackage: android.content.pm is mapped to system
06-21 01:14:19.584  4483  4483 I AconfigPackage: com.android.server.power.hint is mapped to system
06-21 01:14:19.584  4483  4483 I AconfigPackage: android.os is mapped to system
06-21 01:14:19.584  4483  4483 I AconfigPackage: android.service.dreams is mapped to system
06-21 01:14:19.584  4483  4483 I AconfigPackage: com.android.graphics.libgui.flags is mapped to system
06-21 01:14:19.584  4483  4483 I AconfigPackage: android.hardware.usb.flags is mapped to system
06-21 01:14:19.584  4483  4483 I AconfigPackage: android.provider is mapped to system
06-21 01:14:19.584  4483  4483 I AconfigPackage: com.android.server.job is mapped to system
06-21 01:14:19.584  4483  4483 I AconfigPackage: com.android.internal.foldables.flags is mapped to system
06-21 01:14:19.584  4483  4483 I AconfigPackage: com.android.internal.telephony.flags is mapped to system
06-21 01:14:19.584  4483  4483 I AconfigPackage: android.webkit is mapped to system
06-21 01:14:19.584  4483  4483 I AconfigPackage: android.credentials.flags is mapped to system
06-21 01:14:19.584  4483  4483 I AconfigPackage: com.android.server.display.feature.flags is mapped to system
06-21 01:14:19.584  4483  4483 I AconfigPackage: com.android.server.notification is mapped to system
06-21 01:14:19.584  4483  4483 I AconfigPackage: android.appwidget.flags is mapped to system
06-21 01:14:19.584  4483  4483 I AconfigPackage: com.android.frameworks.sensorservice.flags is mapped to system
06-21 01:14:19.584  4483  4483 I AconfigPackage: com.android.printspooler.flags is mapped to system
06-21 01:14:19.584  4483  4483 I AconfigPackage: com.android.window.flags is mapped to system
06-21 01:14:19.584  4483  4483 I AconfigPackage: android.adaptiveauth is mapped to system
06-21 01:14:19.584  4483  4483 I AconfigPackage: android.net.wifi.flags is mapped to system
06-21 01:14:19.584  4483  4483 I AconfigPackage: android.media.tv.flags is mapped to system
06-21 01:14:19.584  4483  4483 I AconfigPackage: com.android.server.usb.flags is mapped to system
06-21 01:14:19.584  4483  4483 I AconfigPackage: android.os.vibrator is mapped to system
06-21 01:14:19.584  4483  4483 I AconfigPackage: android.hardware.devicestate.feature.flags is mapped to system
06-21 01:14:19.584  4483  4483 I AconfigPackage: com.android.server.usage is mapped to system
06-21 01:14:19.584  4483  4483 I AconfigPackage: android.server is mapped to system
06-21 01:14:19.584  4483  4483 I AconfigPackage: com.android.wm.shell is mapped to system
06-21 01:14:19.584  4483  4483 I AconfigPackage: android.view.inputmethod is mapped to system
06-21 01:14:19.584  4483  4483 I AconfigPackage: com.android.graphics.hwui.flags is mapped to system
06-21 01:14:19.584  4483  4483 I AconfigPackage: com.android.server.backup is mapped to system
06-21 01:14:19.584  4483  4483 I AconfigPackage: com.android.internal.pm.pkg.component.flags is mapped to system
06-21 01:14:19.584  4483  4483 I AconfigPackage: android.view.accessibility is mapped to system
06-21 01:14:19.584  4483  4483 I AconfigPackage: com.google.wear.sdk is mapped to system
06-21 01:14:19.584  4483  4483 I AconfigPackage: android.media.audio is mapped to system
06-21 01:14:19.584  4483  4483 I AconfigPackage: com.android.server.am is mapped to system
06-21 01:14:19.584  4483  4483 I AconfigPackage: com.android.media.playback.flags is mapped to system
06-21 01:14:19.584  4483  4483 I AconfigPackage: com.android.art.flags is mapped to com.android.art
06-21 01:14:19.584  4483  4483 I AconfigPackage: com.android.libcore is mapped to com.android.art
06-21 01:14:19.584  4483  4483 I AconfigPackage: com.android.media.extractor.flags is mapped to com.android.media
06-21 01:14:19.584  4483  4483 I AconfigPackage: com.android.media.mainline.flags is mapped to com.android.media
06-21 01:14:19.584  4483  4483 I AconfigPackage: com.android.wifi.flags is mapped to com.android.wifi
06-21 01:14:19.584  4483  4483 I AconfigPackage: com.android.org.conscrypt.flags is mapped to com.android.conscrypt
06-21 01:14:19.584  4483  4483 I AconfigPackage: com.android.healthfitness.flags is mapped to com.android.healthfitness
06-21 01:14:19.584  4483  4483 I AconfigPackage: com.google.android.input.twoshay.flags is mapped to vendor
06-21 01:14:19.584  4483  4483 I AconfigPackage: libgooglecamerahal.flags is mapped to vendor
06-21 01:14:19.585  4483  4483 I AconfigPackage: com.android.ipsec.flags is mapped to com.android.ipsec
06-21 01:14:19.585  4483  4483 I AconfigPackage: com.android.nfc.module.flags is mapped to com.android.nfcservices
06-21 01:14:19.585  4483  4483 I AconfigPackage: com.android.adservices.ondevicepersonalization.flags is mapped to com.android.ondevicepersonalization
06-21 01:14:19.585  4483  4483 I AconfigPackage: com.android.bluetooth.flags is mapped to com.android.bt
06-21 01:14:19.585  4483  4483 I AconfigPackage: com.android.devicelock.flags is mapped to com.android.devicelock
06-21 01:14:19.585  4483  4483 I AconfigPackage: android.os.profiling is mapped to com.android.profiling
06-21 01:14:19.585  4483  4483 I AconfigPackage: com.android.os.statsd.flags is mapped to com.android.os.statsd
06-21 01:14:19.585  4483  4483 I AconfigPackage: com.android.cellbroadcastreceiver.flags is mapped to com.android.cellbroadcast
06-21 01:14:19.585  4483  4483 I AconfigPackage: com.android.adservices.flags is mapped to com.android.adservices
06-21 01:14:19.585  4483  4483 I AconfigPackage: com.android.sdksandbox.flags is mapped to com.android.adservices
06-21 01:14:19.585  4483  4483 I AconfigPackage: com.android.uwb.flags is mapped to com.android.uwb
06-21 01:14:19.585  4483  4483 I AconfigPackage: com.android.ranging.flags is mapped to com.android.uwb
06-21 01:14:19.585  4483  4483 I AconfigPackage: android.graphics.pdf.flags is mapped to com.android.mediaprovider
06-21 01:14:19.585  4483  4483 I AconfigPackage: com.android.providers.media.flags is mapped to com.android.mediaprovider
06-21 01:14:19.585  4483  4483 I AconfigPackage: android.graphics.pdf.flags.readonly is mapped to com.android.mediaprovider
06-21 01:14:19.585  4483  4483 I AconfigPackage: com.android.net.ct.flags is mapped to com.android.tethering
06-21 01:14:19.585  4483  4483 I AconfigPackage: com.android.net.flags is mapped to com.android.tethering
06-21 01:14:19.585  4483  4483 I AconfigPackage: android.net.vcn is mapped to com.android.tethering
06-21 01:14:19.585  4483  4483 I AconfigPackage: com.android.nearby.flags is mapped to com.android.tethering
06-21 01:14:19.585  4483  4483 I AconfigPackage: android.net.http is mapped to com.android.tethering
06-21 01:14:19.585  4483  4483 I AconfigPackage: com.android.net.thread.flags is mapped to com.android.tethering
06-21 01:14:19.585  4483  4483 I AconfigPackage: com.android.system.virtualmachine.flags is mapped to com.android.virt
06-21 01:14:19.585  4483  4483 E FeatureFlagsImplExport: android.os.flagging.AconfigStorageReadException: ERROR_PACKAGE_NOT_FOUND: package android.xr cannot be found on the device
06-21 01:14:19.588  4483  4483 D UiAutomationConnection: Created on user UserHandle{0}
06-21 01:14:19.588  4483  4483 I UiAutomation: Initialized for user 0 on display 0
06-21 01:14:19.588  4483  4483 W UiAutomation: Created with deprecatead constructor, assumes DEFAULT_DISPLAY
06-21 01:14:19.589   649  1876 D AccessibilityManagerService: changeCurrentUserForTestAutomationIfNeededLocked(0): ignoring because device doesn't support visible background users
06-21 01:14:19.589   649  1876 I UiAutomationManager: Registering UiTestAutomationService (id=com.android.server.accessibility/UiAutomation, flags=0x0) when called by user 0
06-21 01:14:19.589   649  1876 V AccessibilityManagerService: onUserStateChangedLocked for userId: 0, forceUpdate: false
06-21 01:14:19.590   649  1876 W MagnificationConnectionManager: requestConnection duplicated request: connect=false, mConnectionState=DISCONNECTED
06-21 01:14:19.590   649   649 W IPCThreadState: Sending oneway calls to frozen process.
06-21 01:14:19.590   649   649 W IPCThreadState: Sending oneway calls to frozen process.
06-21 01:14:19.590   649   649 W IPCThreadState: Sending oneway calls to frozen process.
06-21 01:14:19.590   649   649 W IPCThreadState: Sending oneway calls to frozen process.
06-21 01:14:19.590   649   649 W IPCThreadState: Sending oneway calls to frozen process.
06-21 01:14:19.590   649   649 W IPCThreadState: Sending oneway calls to frozen process.
06-21 01:14:19.591  4483  4495 V UiAutomation: Init UiAutomation@fac3e1b[id=79, displayId=0, flags=0]
06-21 01:14:19.591   649  1797 V AccessibilityManagerService: onUserStateChangedLocked for userId: 0, forceUpdate: false
06-21 01:14:19.591   649  1797 W MagnificationConnectionManager: requestConnection duplicated request: connect=false, mConnectionState=DISCONNECTED
06-21 01:14:19.591   649   649 W IPCThreadState: Sending oneway calls to frozen process.
06-21 01:14:19.591   649   649 W IPCThreadState: Sending oneway calls to frozen process.
06-21 01:14:19.591   649   649 W IPCThreadState: Sending oneway calls to frozen process.
06-21 01:14:19.591   649   649 W IPCThreadState: Sending oneway calls to frozen process.
06-21 01:14:19.591   649   649 W IPCThreadState: Sending oneway calls to frozen process.
06-21 01:14:19.591   649   649 W IPCThreadState: Sending oneway calls to frozen process.
06-21 01:14:20.256   649  1797 W BestClock: java.time.DateTimeException: No network time available
06-21 01:14:20.256   649  1797 W BestClock: java.time.DateTimeException: No network time available
06-21 01:14:20.257   649  1797 W BestClock: java.time.DateTimeException: No network time available
06-21 01:14:20.270   649  1797 D FileUtils: Rounded bytes from 2592886784 to 4000000000
06-21 01:14:20.496   441  4046 D android.hardware.audio@7.1-impl.ranchu: threadLoop: entering standby, frames: 702848
06-21 01:14:20.496   441  4046 D android.hardware.audio@7.1-impl.ranchu: ~TinyalsaSink: joining consumeThread
06-21 01:14:20.502   441  4478 D android.hardware.audio@7.1-impl.ranchu: consumeThread: exiting
06-21 01:14:20.502   441  4046 D android.hardware.audio@7.1-impl.ranchu: ~TinyalsaSink: stopping PCM stream
06-21 01:14:20.603  1546  1777 W MediaProvider: isAppCloneUserPair for user 0: false
06-21 01:14:20.609  4483  4483 W AccessibilityNodeInfoDumper: Fetch time: 9ms
06-21 01:14:20.610   649  1797 V AccessibilityManagerService: onUserStateChangedLocked for userId: 0, forceUpdate: false
06-21 01:14:20.611   649  1797 D OomAdjuster: Not killing cached processes
06-21 01:14:20.611   649   843 D BackgroundInstallControlService: Package event received: 0
06-21 01:14:20.613   649  1797 W MagnificationConnectionManager: requestConnection duplicated request: connect=false, mConnectionState=DISCONNECTED
06-21 01:14:20.613   649  1797 D AccessibilityManagerService: restoreCurrentUserForTestAutomationIfNeededLocked(): ignoring because device doesn't support visible background users
06-21 01:14:20.614  4483  4483 D AndroidRuntime: Shutting down VM
06-21 01:14:20.614   649   649 W IPCThreadState: Sending oneway calls to frozen process.
06-21 01:14:20.614  4483  4492 W IPCThreadState: call to talkWithDriver in joinThreadPool returned error: -9 (Bad file descriptor), FD: -1
06-21 01:14:20.615   649   649 W IPCThreadState: Sending oneway calls to frozen process.
